Archive member included to satisfy reference by file (symbol)

C:/ST/STM32CubeIDE_2.0.0/STM32CubeIDE/plugins/com.st.stm32cube.ide.mcu.externaltools.gnu-tools-for-stm32.13.3.rel1.win32_1.0.100.202509120712/tools/bin/../lib/gcc/arm-none-eabi/13.3.1/../../../../arm-none-eabi/lib/thumb/v7e-m+fp/hard\libc_nano.a(libc_a-exit.o)
                              C:/ST/STM32CubeIDE_2.0.0/STM32CubeIDE/plugins/com.st.stm32cube.ide.mcu.externaltools.gnu-tools-for-stm32.13.3.rel1.win32_1.0.100.202509120712/tools/bin/../lib/gcc/arm-none-eabi/13.3.1/../../../../arm-none-eabi/lib/thumb/v7e-m+fp/hard/crt0.o (exit)
C:/ST/STM32CubeIDE_2.0.0/STM32CubeIDE/plugins/com.st.stm32cube.ide.mcu.externaltools.gnu-tools-for-stm32.13.3.rel1.win32_1.0.100.202509120712/tools/bin/../lib/gcc/arm-none-eabi/13.3.1/../../../../arm-none-eabi/lib/thumb/v7e-m+fp/hard\libc_nano.a(libc_a-findfp.o)
                              C:/ST/STM32CubeIDE_2.0.0/STM32CubeIDE/plugins/com.st.stm32cube.ide.mcu.externaltools.gnu-tools-for-stm32.13.3.rel1.win32_1.0.100.202509120712/tools/bin/../lib/gcc/arm-none-eabi/13.3.1/../../../../arm-none-eabi/lib/thumb/v7e-m+fp/hard\libc_nano.a(libc_a-exit.o) (__stdio_exit_handler)
C:/ST/STM32CubeIDE_2.0.0/STM32CubeIDE/plugins/com.st.stm32cube.ide.mcu.externaltools.gnu-tools-for-stm32.13.3.rel1.win32_1.0.100.202509120712/tools/bin/../lib/gcc/arm-none-eabi/13.3.1/../../../../arm-none-eabi/lib/thumb/v7e-m+fp/hard\libc_nano.a(libc_a-fwalk.o)
                              C:/ST/STM32CubeIDE_2.0.0/STM32CubeIDE/plugins/com.st.stm32cube.ide.mcu.externaltools.gnu-tools-for-stm32.13.3.rel1.win32_1.0.100.202509120712/tools/bin/../lib/gcc/arm-none-eabi/13.3.1/../../../../arm-none-eabi/lib/thumb/v7e-m+fp/hard\libc_nano.a(libc_a-findfp.o) (_fwalk_sglue)
C:/ST/STM32CubeIDE_2.0.0/STM32CubeIDE/plugins/com.st.stm32cube.ide.mcu.externaltools.gnu-tools-for-stm32.13.3.rel1.win32_1.0.100.202509120712/tools/bin/../lib/gcc/arm-none-eabi/13.3.1/../../../../arm-none-eabi/lib/thumb/v7e-m+fp/hard\libc_nano.a(libc_a-snprintf.o)
                              ./Core/Src/ssd1306_tests.o (snprintf)
C:/ST/STM32CubeIDE_2.0.0/STM32CubeIDE/plugins/com.st.stm32cube.ide.mcu.externaltools.gnu-tools-for-stm32.13.3.rel1.win32_1.0.100.202509120712/tools/bin/../lib/gcc/arm-none-eabi/13.3.1/../../../../arm-none-eabi/lib/thumb/v7e-m+fp/hard\libc_nano.a(libc_a-stdio.o)
                              C:/ST/STM32CubeIDE_2.0.0/STM32CubeIDE/plugins/com.st.stm32cube.ide.mcu.externaltools.gnu-tools-for-stm32.13.3.rel1.win32_1.0.100.202509120712/tools/bin/../lib/gcc/arm-none-eabi/13.3.1/../../../../arm-none-eabi/lib/thumb/v7e-m+fp/hard\libc_nano.a(libc_a-findfp.o) (__sread)
C:/ST/STM32CubeIDE_2.0.0/STM32CubeIDE/plugins/com.st.stm32cube.ide.mcu.externaltools.gnu-tools-for-stm32.13.3.rel1.win32_1.0.100.202509120712/tools/bin/../lib/gcc/arm-none-eabi/13.3.1/../../../../arm-none-eabi/lib/thumb/v7e-m+fp/hard\libc_nano.a(libc_a-memmove.o)
                              ./Core/Src/ssd1306_tests.o (memmove)
C:/ST/STM32CubeIDE_2.0.0/STM32CubeIDE/plugins/com.st.stm32cube.ide.mcu.externaltools.gnu-tools-for-stm32.13.3.rel1.win32_1.0.100.202509120712/tools/bin/../lib/gcc/arm-none-eabi/13.3.1/../../../../arm-none-eabi/lib/thumb/v7e-m+fp/hard\libc_nano.a(libc_a-memset.o)
                              C:/ST/STM32CubeIDE_2.0.0/STM32CubeIDE/plugins/com.st.stm32cube.ide.mcu.externaltools.gnu-tools-for-stm32.13.3.rel1.win32_1.0.100.202509120712/tools/bin/../lib/gcc/arm-none-eabi/13.3.1/../../../../arm-none-eabi/lib/thumb/v7e-m+fp/hard/crt0.o (memset)
C:/ST/STM32CubeIDE_2.0.0/STM32CubeIDE/plugins/com.st.stm32cube.ide.mcu.externaltools.gnu-tools-for-stm32.13.3.rel1.win32_1.0.100.202509120712/tools/bin/../lib/gcc/arm-none-eabi/13.3.1/../../../../arm-none-eabi/lib/thumb/v7e-m+fp/hard\libc_nano.a(libc_a-closer.o)
                              C:/ST/STM32CubeIDE_2.0.0/STM32CubeIDE/plugins/com.st.stm32cube.ide.mcu.externaltools.gnu-tools-for-stm32.13.3.rel1.win32_1.0.100.202509120712/tools/bin/../lib/gcc/arm-none-eabi/13.3.1/../../../../arm-none-eabi/lib/thumb/v7e-m+fp/hard\libc_nano.a(libc_a-stdio.o) (_close_r)
C:/ST/STM32CubeIDE_2.0.0/STM32CubeIDE/plugins/com.st.stm32cube.ide.mcu.externaltools.gnu-tools-for-stm32.13.3.rel1.win32_1.0.100.202509120712/tools/bin/../lib/gcc/arm-none-eabi/13.3.1/../../../../arm-none-eabi/lib/thumb/v7e-m+fp/hard\libc_nano.a(libc_a-reent.o)
                              C:/ST/STM32CubeIDE_2.0.0/STM32CubeIDE/plugins/com.st.stm32cube.ide.mcu.externaltools.gnu-tools-for-stm32.13.3.rel1.win32_1.0.100.202509120712/tools/bin/../lib/gcc/arm-none-eabi/13.3.1/../../../../arm-none-eabi/lib/thumb/v7e-m+fp/hard\libc_nano.a(libc_a-closer.o) (errno)
C:/ST/STM32CubeIDE_2.0.0/STM32CubeIDE/plugins/com.st.stm32cube.ide.mcu.externaltools.gnu-tools-for-stm32.13.3.rel1.win32_1.0.100.202509120712/tools/bin/../lib/gcc/arm-none-eabi/13.3.1/../../../../arm-none-eabi/lib/thumb/v7e-m+fp/hard\libc_nano.a(libc_a-impure.o)
[...]
Memory Configuration

Name             Origin             Length             Attributes
CCMRAM           0x10000000         0x00010000         xrw
RAM              0x20000000         0x00020000         xrw
FLASH            0x08000000         0x00100000         xr
*default*        0x00000000         0xffffffff

Linker script and memory map

LOAD C:/ST/STM32CubeIDE_2.0.0/STM32CubeIDE/plugins/com.st.stm32cube.ide.mcu.externaltools.gnu-tools-for-stm32.13.3.rel1.win32_1.0.100.202509120712/tools/bin/../lib/gcc/arm-none-eabi/13.3.1/thumb/v7e-m+fp/hard/crti.o
LOAD C:/ST/STM32CubeIDE_2.0.0/STM32CubeIDE/plugins/com.st.stm32cube.ide.mcu.externaltools.gnu-tools-for-stm32.13.3.rel1.win32_1.0.100.202509120712/tools/bin/../lib/gcc/arm-none-eabi/13.3.1/thumb/v7e-m+fp/hard/crtbegin.o
LOAD C:/ST/STM32CubeIDE_2.0.0/STM32CubeIDE/plugins/com.st.stm32cube.ide.mcu.externaltools.gnu-tools-for-stm32.13.3.rel1.win32_1.0.100.202509120712/tools/bin/../lib/gcc/arm-none-eabi/13.3.1/../../../../arm-none-eabi/lib/thumb/v7e-m+fp/hard/crt0.o
LOAD ./Core/Src/OLED.o
LOAD ./Core/Src/app_main.o
LOAD ./Core/Src/audio_stream.o
LOAD ./Core/Src/button.o
LOAD ./Core/Src/filter.o
LOAD ./Core/Src/main.o
LOAD ./Core/Src/ssd1306.o
LOAD ./Core/Src/ssd1306_fonts.o
LOAD ./Core/Src/ssd1306_tests.o
LOAD ./Core/Src/stm32f4xx_hal_msp.o
LOAD ./Core/Src/stm32f4xx_it.o
LOAD ./Core/Src/syscalls.o
LOAD ./Core/Src/sysmem.o
LOAD ./Core/Src/system_stm32f4xx.o
LOAD ./Core/Startup/startup_stm32f407vgtx.o
LOAD ./Drivers/STM32F4xx_HAL_Driver/Src/stm32f4xx_hal.o
LOAD ./Drivers/STM32F4xx_HAL_Driver/Src/stm32f4xx_hal_adc.o
LOAD ./Drivers/STM32F4xx_HAL_Driver/Src/stm32f4xx_hal_adc_ex.o
LOAD ./Drivers/STM32F4xx_HAL_Driver/Src/stm32f4xx_hal_cortex.o
LOAD ./Drivers/STM32F4xx_HAL_Driver/Src/stm32f4xx_hal_dma.o
LOAD ./Drivers/STM32F4xx_HAL_Driver/Src/stm32f4xx_hal_dma_ex.o
LOAD ./Drivers/STM32F4xx_HAL_Driver/Src/stm32f4xx_hal_exti.o
LOAD ./Drivers/STM32F4xx_HAL_Driver/Src/stm32f4xx_hal_flash.o
LOAD ./Drivers/STM32F4xx_HAL_Driver/Src/stm32f4xx_hal_flash_ex.o
LOAD ./Drivers/STM32F4xx_HAL_Driver/Src/stm32f4xx_hal_flash_ramfunc.o
LOAD ./Drivers/STM32F4xx_HAL_Driver/Src/stm32f4xx_hal_gpio.o
LOAD ./Drivers/STM32F4xx_HAL_Driver/Src/stm32f4xx_hal_i2c.o
LOAD ./Drivers/STM32F4xx_HAL_Driver/Src/stm32f4xx_hal_i2c_ex.o
LOAD ./Drivers/STM32F4xx_HAL_Driver/Src/stm32f4xx_hal_i2s.o
LOAD ./Drivers/STM32F4xx_HAL_Driver/Src/stm32f4xx_hal_i2s_ex.o
LOAD ./Drivers/STM32F4xx_HAL_Driver/Src/stm32f4xx_hal_pcd.o
LOAD ./Drivers/STM32F4xx_HAL_Driver/Src/stm32f4xx_hal_pcd_ex.o
LOAD ./Drivers/STM32F4xx_HAL_Driver/Src/stm32f4xx_hal_pwr.o
LOAD ./Drivers/STM32F4xx_HAL_Driver/Src/stm32f4xx_hal_pwr_ex.o
LOAD ./Drivers/STM32F4xx_HAL_Driver/Src/stm32f4xx_hal_rcc.o
LOAD ./Drivers/STM32F4xx_HAL_Driver/Src/stm32f4xx_hal_rcc_ex.o
LOAD ./Drivers/STM32F4xx_HAL_Driver/Src/stm32f4xx_ll_usb.o
LOAD ./Middlewares/ST/STM32_USB_Device_Library/Class/AUDIO/Src/usbd_audio.o
LOAD ./Middlewares/ST/STM32_USB_Device_Library/Core/Src/usbd_core.o
LOAD ./Middlewares/ST/STM32_USB_Device_Library/Core/Src/usbd_ctlreq.o
LOAD ./Middlewares/ST/STM32_USB_Device_Library/Core/Src/usbd_ioreq.o
LOAD ./USB_DEVICE/App/usb_device.o
LOAD ./USB_DEVICE/App/usbd_audio_if.o
LOAD ./USB_DEVICE/App/usbd_desc.o
LOAD ./USB_DEVICE/Target/usbd_conf.o
START GROUP
LOAD C:/ST/STM32CubeIDE_2.0.0/STM32CubeIDE/plugins/com.st.stm32cube.ide.mcu.externaltools.gnu-tools-for-stm32.13.3.rel1.win32_1.0.100.202509120712/tools/bin/../lib/gcc/arm-none-eabi/13.3.1/../../../../arm-none-eabi/lib/thumb/v7e-m+fp/hard\libc_nano.a
LOAD C:/ST/STM32CubeIDE_2.0.0/STM32CubeIDE/plugins/com.st.stm32cube.ide.mcu.externaltools.gnu-tools-for-stm32.13.3.rel1.win32_1.0.100.202509120712/tools/bin/../lib/gcc/arm-none-eabi/13.3.1/../../../../arm-none-eabi/lib/thumb/v7e-m+fp/hard\libm.a
END GROUP
START GROUP
LOAD C:/ST/STM32CubeIDE_2.0.0/STM32CubeIDE/plugins/com.st.stm32cube.ide.mcu.externaltools.gnu-tools-for-stm32.13.3.rel1.win32_1.0.100.202509120712/tools/bin/../lib/gcc/arm-none-eabi/13.3.1/thumb/v7e-m+fp/hard\libgcc.a
LOAD C:/ST/STM32CubeIDE_2.0.0/STM32CubeIDE/plugins/com.st.stm32cube.ide.mcu.externaltools.gnu-tools-for-stm32.13.3.rel1.win32_1.0.100.202509120712/tools/bin/../lib/gcc/arm-none-eabi/13.3.1/../../../../arm-none-eabi/lib/thumb/v7e-m+fp/hard\libc_nano.a
END GROUP
START GROUP
LOAD C:/ST/STM32CubeIDE_2.0.0/STM32CubeIDE/plugins/com.st.stm32cube.ide.mcu.externaltools.gnu-tools-for-stm32.13.3.rel1.win32_1.0.100.202509120712/tools/bin/../lib/gcc/arm-none-eabi/13.3.1/thumb/v7e-m+fp/hard\libgcc.a
LOAD C:/ST/STM32CubeIDE_2.0.0/STM32CubeIDE/plugins/com.st.stm32cube.ide.mcu.externaltools.gnu-tools-for-stm32.13.3.rel1.win32_1.0.100.202509120712/tools/bin/../lib/gcc/arm-none-eabi/13.3.1/../../../../arm-none-eabi/lib/thumb/v7e-m+fp/hard\libc_nano.a
LOAD C:/ST/STM32CubeIDE_2.0.0/STM32CubeIDE/plugins/com.st.stm32cube.ide.mcu.externaltools.gnu-tools-for-stm32.13.3.rel1.win32_1.0.100.202509120712/tools/bin/../lib/gcc/arm-none-eabi/13.3.1/../../../../arm-none-eabi/lib/thumb/v7e-m+fp/hard\libnosys.a
END GROUP
START GROUP
LOAD C:/ST/STM32CubeIDE_2.0.0/STM32CubeIDE/plugins/com.st.stm32cube.ide.mcu.externaltools.gnu-tools-for-stm32.13.3.rel1.win32_1.0.100.202509120712/tools/bin/../lib/gcc/arm-none-eabi/13.3.1/thumb/v7e-m+fp/hard\libgcc.a
LOAD C:/ST/STM32CubeIDE_2.0.0/STM32CubeIDE/plugins/com.st.stm32cube.ide.mcu.externaltools.gnu-tools-for-stm32.13.3.rel1.win32_1.0.100.202509120712/tools/bin/../lib/gcc/arm-none-eabi/13.3.1/../../../../arm-none-eabi/lib/thumb/v7e-m+fp/hard\libc_nano.a
LOAD C:/ST/STM32CubeIDE_2.0.0/STM32CubeIDE/plugins/com.st.stm32cube.ide.mcu.externaltools.gnu-tools-for-stm32.13.3.rel1.win32_1.0.100.202509120712/tools/bin/../lib/gcc/arm-none-eabi/13.3.1/../../../../arm-none-eabi/lib/thumb/v7e-m+fp/hard\libnosys.a
END GROUP
LOAD C:/ST/STM32CubeIDE_2.0.0/STM32CubeIDE/plugins/com.st.stm32cube.ide.mcu.externaltools.gnu-tools-for-stm32.13.3.rel1.win32_1.0.100.202509120712/tools/bin/../lib/gcc/arm-none-eabi/13.3.1/thumb/v7e-m+fp/hard/crtend.o
LOAD C:/ST/STM32CubeIDE_2.0.0/STM32CubeIDE/plugins/com.st.stm32cube.ide.mcu.externaltools.gnu-tools-for-stm32.13.3.rel1.win32_1.0.100.202509120712/tools/bin/../lib/gcc/arm-none-eabi/13.3.1/thumb/v7e-m+fp/hard/crtn.o
                0x20020000                        _estack = (ORIGIN (RAM) + LENGTH (RAM))
                0x00001000                        _Min_Heap_Size = 0x1000
                0x00001000                        _Min_Stack_Size = 0x1000

.isr_vector     0x08000000      0x188
                0x08000000                        . = ALIGN (0x4)
 *(.isr_vector)
 .isr_vector    0x08000000      0x188 ./Core/Startup/startup_stm32f407vgtx.o
                0x08000000                g_pfnVectors
                0x08000188                        . = ALIGN (0x4)

.text           0x08000188     0x8928
                0x08000188                        . = ALIGN (0x4)
 *(.text)
 .text          0x08000188       0x40 C:/ST/STM32CubeIDE_2.0.0/STM32CubeIDE/plugins/com.st.stm32cube.ide.mcu.externaltools.gnu-tools-for-stm32.13.3.rel1.win32_1.0.100.202509120712/tools/bin/../lib/gcc/arm-none-eabi/13.3.1/thumb/v7e-m+fp/hard/crtbegin.o
 .text          0x080001c8       0x10 C:/ST/STM32CubeIDE_2.0.0/STM32CubeIDE/plugins/com.st.stm32cube.ide.mcu.externaltools.gnu-tools-for-stm32.13.3.rel1.win32_1.0.100.202509120712/tools/bin/../lib/gcc/arm-none-eabi/13.3.1/../../../../arm-none-eabi/lib/thumb/v7e-m+fp/hard\libc_nano.a(libc_a-strlen.o)
                0x080001c8                strlen
 .text          0x080001d8       0x30 C:/ST/STM32CubeIDE_2.0.0/STM32CubeIDE/plugins/com.st.stm32cube.ide.mcu.externaltools.gnu-tools-for-stm32.13.3.rel1.win32_1.0.100.202509120712/tools/bin/../lib/gcc/arm-none-eabi/13.3.1/thumb/v7e-m+fp/hard\libgcc.a(_aeabi_uldivmod.o)
                0x080001d8                __aeabi_uldivmod
 .text          0x08000208      0x2f8 C:/ST/STM32CubeIDE_2.0.0/STM32CubeIDE/plugins/com.st.stm32cube.ide.mcu.externaltools.gnu-tools-for-stm32.13.3.rel1.win32_1.0.100.202509120712/tools/bin/../lib/gcc/arm-none-eabi/13.3.1/thumb/v7e-m+fp/hard\libgcc.a(_udivmoddi4.o)
                0x08000208                __udivmoddi4
 .text          0x08000500        0x4 C:/ST/STM32CubeIDE_2.0.0/STM32CubeIDE/plugins/com.st.stm32cube.ide.mcu.externaltools.gnu-tools-for-stm32.13.3.rel1.win32_1.0.100.202509120712/tools/bin/../lib/gcc/arm-none-eabi/13.3.1/thumb/v7e-m+fp/hard\libgcc.a(_dvmd_tls.o)
                0x08000500                __aeabi_idiv0
                0x08000500                __aeabi_ldiv0
 *(.text*)
 .text.UI_DrawHeader
                0x08000504      0x328 ./Core/Src/OLED.o
                0x08000504                UI_DrawHeader
 .text.UI_DrawOscilloscope
                0x0800082c       0x68 ./Core/Src/OLED.o
                0x0800082c                UI_DrawOscilloscope
 .text.UI_DrawPotentiometers
                0x08000894       0xa4 ./Core/Src/OLED.o
                0x08000894                UI_DrawPotentiometers
 .text.OLED_UpdateWaveform
                0x08000938       0x34 ./Core/Src/OLED.o
                0x08000938                OLED_UpdateWaveform
 .text.Pot_ReadAll
                0x0800096c       0xb0 ./Core/Src/app_main.o
 .text.App_Init
                0x08000a1c       0x84 ./Core/Src/app_main.o
                0x08000a1c                App_Init
 .text.App_Loop
                0x08000aa0      0x26c ./Core/Src/app_main.o
                0x08000aa0                App_Loop
 .text.AudioStream_Init
                0x08000d0c       0x40 ./Core/Src/audio_stream.o
                0x08000d0c                AudioStream_Init
 .text.AudioStream_Start
                0x08000d4c       0x14 ./Core/Src/audio_stream.o
                0x08000d4c                AudioStream_Start
 .text.AudioStream_Reset
                0x08000d60       0x40 ./Core/Src/audio_stream.o
                0x08000d60                AudioStream_Reset
 .text.AudioStream_Write_USB_Packet
                0x08000da0       0x48 ./Core/Src/audio_stream.o
                0x08000da0                AudioStream_Write_USB_Packet
 .text.AudioStream_Is_Ready_To_Play
                0x08000de8       0x14 ./Core/Src/audio_stream.o
                0x08000de8                AudioStream_Is_Ready_To_Play
 .text.AudioStream_Process_Half_Transfer
                0x08000dfc       0xac ./Core/Src/audio_stream.o
                0x08000dfc                AudioStream_Process_Half_Transfer
 .text.AudioStream_Process_Full_Transfer
                0x08000ea8       0xac ./Core/Src/audio_stream.o
                0x08000ea8                AudioStream_Process_Full_Transfer
 .text.HAL_I2S_TxHalfCpltCallback
                0x08000f54       0x14 ./Core/Src/audio_stream.o
                0x08000f54                HAL_I2S_TxHalfCpltCallback
 .text.HAL_I2S_TxCpltCallback
                0x08000f68       0x14 ./Core/Src/audio_stream.o
                0x08000f68                HAL_I2S_TxCpltCallback
 .text.Buton_Init
                0x08000f7c       0x44 ./Core/Src/button.o
                0x08000f7c                Buton_Init
 .text.Get_Bypass_State
                0x08000fc0        0xc ./Core/Src/button.o
                0x08000fc0                Get_Bypass_State
 .text.Get_Mute_State
                0x08000fcc        0xc ./Core/Src/button.o
                0x08000fcc                Get_Mute_State
 .text.Button_Process
                0x08000fd8       0x98 ./Core/Src/button.o
                0x08000fd8                Button_Process
 .text.Filter_Init
                0x08001070       0xe4 ./Core/Src/filter.o
                0x08001070                Filter_Init
 .text.Filter_Set_Params
                0x08001154       0x30 ./Core/Src/filter.o
                0x08001154                Filter_Set_Params
 .text.Filter_Apply
                0x08001184      0x71c ./Core/Src/filter.o
                0x08001184                Filter_Apply
 .text.SystemClock_Config
                0x080018a0       0xa4 ./Core/Src/main.o
                0x080018a0                SystemClock_Config
 *fill*         0x08001944        0x4 
 .text.startup.main
                0x08001948      0x1a0 ./Core/Src/main.o
                0x08001948                main
 .text.Error_Handler
                0x08001ae8        0x4 ./Core/Src/main.o
                0x08001ae8                Error_Handler
 .text.ssd1306_Fill
                0x08001aec       0x18 ./Core/Src/ssd1306.o
                0x08001aec                ssd1306_Fill
 .text.ssd1306_UpdateScreen
                0x08001b04       0x98 ./Core/Src/ssd1306.o
                0x08001b04                ssd1306_UpdateScreen
 .text.ssd1306_Init
                0x08001b9c      0x320 ./Core/Src/ssd1306.o
                0x08001b9c                ssd1306_Init
 .text.ssd1306_DrawPixel
                0x08001ebc       0x34 ./Core/Src/ssd1306.o
                0x08001ebc                ssd1306_DrawPixel
 .text.ssd1306_WriteChar
                0x08001ef0      0x198 ./Core/Src/ssd1306.o
                0x08001ef0                ssd1306_WriteChar
 .text.ssd1306_WriteString
                0x08002088       0x3c ./Core/Src/ssd1306.o
                0x08002088                ssd1306_WriteString
 .text.ssd1306_SetCursor
                0x080020c4        0xc ./Core/Src/ssd1306.o
                0x080020c4                ssd1306_SetCursor
 .text.ssd1306_Line
                0x080020d0      0x158 ./Core/Src/ssd1306.o
                0x080020d0                ssd1306_Line
 .text.ssd1306_DrawRectangle
                0x08002228       0x44 ./Core/Src/ssd1306.o
                0x08002228                ssd1306_DrawRectangle
 .text.HAL_MspInit
                0x0800226c       0x38 ./Core/Src/stm32f4xx_hal_msp.o
                0x0800226c                HAL_MspInit
 .text.HAL_ADC_MspInit
                0x080022a4       0xb8 ./Core/Src/stm32f4xx_hal_msp.o
                0x080022a4                HAL_ADC_MspInit
 .text.HAL_I2C_MspInit
                0x0800235c       0xa0 ./Core/Src/stm32f4xx_hal_msp.o
                0x0800235c                HAL_I2C_MspInit
 .text.HAL_I2S_MspInit
                0x080023fc      0x104 ./Core/Src/stm32f4xx_hal_msp.o
                0x080023fc                HAL_I2S_MspInit
 .text.NMI_Handler
                0x08002500        0x4 ./Core/Src/stm32f4xx_it.o
                0x08002500                NMI_Handler
 .text.HardFault_Handler
                0x08002504        0x4 ./Core/Src/stm32f4xx_it.o
                0x08002504                HardFault_Handler
 .text.MemManage_Handler
                0x08002508        0x4 ./Core/Src/stm32f4xx_it.o
                0x08002508                MemManage_Handler
 .text.BusFault_Handler
                0x0800250c        0x4 ./Core/Src/stm32f4xx_it.o
                0x0800250c                BusFault_Handler
 .text.UsageFault_Handler
                0x08002510        0x4 ./Core/Src/stm32f4xx_it.o
                0x08002510                UsageFault_Handler
 .text.SVC_Handler
                0x08002514        0x4 ./Core/Src/stm32f4xx_it.o
                0x08002514                SVC_Handler
 .text.DebugMon_Handler
                0x08002518        0x4 ./Core/Src/stm32f4xx_it.o
                0x08002518                DebugMon_Handler
 .text.PendSV_Handler
                0x0800251c        0x4 ./Core/Src/stm32f4xx_it.o
                0x0800251c                PendSV_Handler
 .text.SysTick_Handler
                0x08002520        0x4 ./Core/Src/stm32f4xx_it.o
                0x08002520                SysTick_Handler
 .text.DMA1_Stream4_IRQHandler
                0x08002524        0xc ./Core/Src/stm32f4xx_it.o
                0x08002524                DMA1_Stream4_IRQHandler
 .text.OTG_FS_IRQHandler
                0x08002530        0xc ./Core/Src/stm32f4xx_it.o
                0x08002530                OTG_FS_IRQHandler
 .text.SystemInit
                0x0800253c       0x14 ./Core/Src/system_stm32f4xx.o
                0x0800253c                SystemInit
 .text.Reset_Handler
                0x08002550       0x50 ./Core/Startup/startup_stm32f407vgtx.o
                0x08002550                Reset_Handler
 .text.Default_Handler
                0x080025a0        0x2 ./Core/Startup/startup_stm32f407vgtx.o
                0x080025a0                RTC_Alarm_IRQHandler
                0x080025a0                HASH_RNG_IRQHandler
                0x080025a0                EXTI2_IRQHandler
                0x080025a0                TIM8_CC_IRQHandler
                0x080025a0                TIM1_CC_IRQHandler
                0x080025a0                DMA2_Stream5_IRQHandler
                0x080025a0                DMA1_Stream5_IRQHandler
                0x080025a0                PVD_IRQHandler
                0x080025a0                SDIO_IRQHandler
                0x080025a0                TAMP_STAMP_IRQHandler
                0x080025a0                CAN2_RX1_IRQHandler
                0x080025a0                EXTI3_IRQHandler
                0x080025a0                TIM8_TRG_COM_TIM14_IRQHandler
                0x080025a0                TIM1_UP_TIM10_IRQHandler
                0x080025a0                TIM8_UP_TIM13_IRQHandler
                0x080025a0                I2C3_ER_IRQHandler
                0x080025a0                EXTI0_IRQHandler
                0x080025a0                I2C2_EV_IRQHandler
                0x080025a0                DMA1_Stream2_IRQHandler
                0x080025a0                CAN1_RX0_IRQHandler
                0x080025a0                FPU_IRQHandler
                0x080025a0                OTG_HS_WKUP_IRQHandler
                0x080025a0                CAN2_SCE_IRQHandler
                0x080025a0                DMA2_Stream2_IRQHandler
                0x080025a0                SPI1_IRQHandler
                0x080025a0                TIM6_DAC_IRQHandler
                0x080025a0                TIM1_BRK_TIM9_IRQHandler
                0x080025a0                DCMI_IRQHandler
                0x080025a0                CAN2_RX0_IRQHandler
                0x080025a0                DMA2_Stream3_IRQHandler
                0x080025a0                USART6_IRQHandler
                0x080025a0                USART3_IRQHandler
                0x080025a0                CAN1_RX1_IRQHandler
                0x080025a0                UART5_IRQHandler
                0x080025a0                DMA2_Stream0_IRQHandler
                0x080025a0                TIM4_IRQHandler
                0x080025a0                I2C1_EV_IRQHandler
                0x080025a0                DMA1_Stream6_IRQHandler
                0x080025a0                DMA1_Stream1_IRQHandler
                0x080025a0                UART4_IRQHandler
                0x080025a0                TIM3_IRQHandler
                0x080025a0                RCC_IRQHandler
                0x080025a0                TIM8_BRK_TIM12_IRQHandler
                0x080025a0                Default_Handler
                0x080025a0                EXTI15_10_IRQHandler
                0x080025a0                ADC_IRQHandler
                0x080025a0                DMA1_Stream7_IRQHandler
                0x080025a0                TIM7_IRQHandler
                0x080025a0                CAN2_TX_IRQHandler
                0x080025a0                TIM5_IRQHandler
                0x080025a0                DMA2_Stream7_IRQHandler
                0x080025a0                I2C3_EV_IRQHandler
                0x080025a0                EXTI9_5_IRQHandler
                0x080025a0                RTC_WKUP_IRQHandler
                0x080025a0                ETH_WKUP_IRQHandler
                0x080025a0                SPI2_IRQHandler
                0x080025a0                OTG_HS_EP1_IN_IRQHandler
                0x080025a0                DMA1_Stream0_IRQHandler
                0x080025a0                CAN1_TX_IRQHandler
                0x080025a0                EXTI4_IRQHandler
                0x080025a0                FSMC_IRQHandler
                0x080025a0                ETH_IRQHandler
                0x080025a0                OTG_HS_EP1_OUT_IRQHandler
                0x080025a0                WWDG_IRQHandler
                0x080025a0                TIM2_IRQHandler
                0x080025a0                OTG_FS_WKUP_IRQHandler
                0x080025a0                TIM1_TRG_COM_TIM11_IRQHandler
                0x080025a0                OTG_HS_IRQHandler
                0x080025a0                EXTI1_IRQHandler
                0x080025a0                USART2_IRQHandler
                0x080025a0                I2C2_ER_IRQHandler
                0x080025a0                DMA2_Stream1_IRQHandler
                0x080025a0                CAN1_SCE_IRQHandler
                0x080025a0                FLASH_IRQHandler
                0x080025a0                DMA2_Stream4_IRQHandler
                0x080025a0                USART1_IRQHandler
                0x080025a0                SPI3_IRQHandler
                0x080025a0                I2C1_ER_IRQHandler
                0x080025a0                DMA2_Stream6_IRQHandler
                0x080025a0                DMA1_Stream3_IRQHandler
 *fill*         0x080025a2        0x2 
 .text.HAL_InitTick
                0x080025a4       0x48 ./Drivers/STM32F4xx_HAL_Driver/Src/stm32f4xx_hal.o
                0x080025a4                HAL_InitTick
 .text.HAL_Init
                0x080025ec       0x34 ./Drivers/STM32F4xx_HAL_Driver/Src/stm32f4xx_hal.o
                0x080025ec                HAL_Init
 .text.HAL_IncTick
                0x08002620       0x18 ./Drivers/STM32F4xx_HAL_Driver/Src/stm32f4xx_hal.o
                0x08002620                HAL_IncTick
 .text.HAL_GetTick
                0x08002638        0xc ./Drivers/STM32F4xx_HAL_Driver/Src/stm32f4xx_hal.o
                0x08002638                HAL_GetTick
 .text.HAL_Delay
                0x08002644       0x24 ./Drivers/STM32F4xx_HAL_Driver/Src/stm32f4xx_hal.o
                0x08002644                HAL_Delay
 .text.HAL_ADC_Init
                0x08002668      0x158 ./Drivers/STM32F4xx_HAL_Driver/Src/stm32f4xx_hal_adc.o
                0x08002668                HAL_ADC_Init
 .text.HAL_ADC_Start
                0x080027c0      0x108 ./Drivers/STM32F4xx_HAL_Driver/Src/stm32f4xx_hal_adc.o
                0x080027c0                HAL_ADC_Start
 .text.HAL_ADC_Stop
                0x080028c8       0x38 ./Drivers/STM32F4xx_HAL_Driver/Src/stm32f4xx_hal_adc.o
                0x080028c8                HAL_ADC_Stop
 .text.HAL_ADC_PollForConversion
                0x08002900       0xb4 ./Drivers/STM32F4xx_HAL_Driver/Src/stm32f4xx_hal_adc.o
                0x08002900                HAL_ADC_PollForConversion
 .text.HAL_ADC_GetValue
                0x080029b4        0x8 ./Drivers/STM32F4xx_HAL_Driver/Src/stm32f4xx_hal_adc.o
                0x080029b4                HAL_ADC_GetValue
 .text.HAL_ADC_ConfigChannel
                0x080029bc      0x150 ./Drivers/STM32F4xx_HAL_Driver/Src/stm32f4xx_hal_adc.o
                0x080029bc                HAL_ADC_ConfigChannel
 .text.HAL_NVIC_SetPriorityGrouping
                0x08002b0c       0x24 ./Drivers/STM32F4xx_HAL_Driver/Src/stm32f4xx_hal_cortex.o
                0x08002b0c                HAL_NVIC_SetPriorityGrouping
 .text.HAL_NVIC_SetPriority
                0x08002b30       0x78 ./Drivers/STM32F4xx_HAL_Driver/Src/stm32f4xx_hal_cortex.o
                0x08002b30                HAL_NVIC_SetPriority
 .text.HAL_NVIC_EnableIRQ
                0x08002ba8       0x1c ./Drivers/STM32F4xx_HAL_Driver/Src/stm32f4xx_hal_cortex.o
                0x08002ba8                HAL_NVIC_EnableIRQ
 .text.HAL_NVIC_DisableIRQ
                0x08002bc4       0x24 ./Drivers/STM32F4xx_HAL_Driver/Src/stm32f4xx_hal_cortex.o
                0x08002bc4                HAL_NVIC_DisableIRQ
 .text.HAL_SYSTICK_Config
                0x08002be8       0x34 ./Drivers/STM32F4xx_HAL_Driver/Src/stm32f4xx_hal_cortex.o
                0x08002be8                HAL_SYSTICK_Config
 .text.HAL_DMA_Init
                0x08002c1c      0x128 ./Drivers/STM32F4xx_HAL_Driver/Src/stm32f4xx_hal_dma.o
                0x08002c1c                HAL_DMA_Init
 .text.HAL_DMA_Start_IT
                0x08002d44       0x78 ./Drivers/STM32F4xx_HAL_Driver/Src/stm32f4xx_hal_dma.o
                0x08002d44                HAL_DMA_Start_IT
 .text.HAL_DMA_IRQHandler
                0x08002dbc      0x1ac ./Drivers/STM32F4xx_HAL_Driver/Src/stm32f4xx_hal_dma.o
                0x08002dbc                HAL_DMA_IRQHandler
 .text.HAL_GPIO_Init
                0x08002f68      0x3d4 ./Drivers/STM32F4xx_HAL_Driver/Src/stm32f4xx_hal_gpio.o
                0x08002f68                HAL_GPIO_Init
 .text.HAL_GPIO_ReadPin
                0x0800333c        0xc ./Drivers/STM32F4xx_HAL_Driver/Src/stm32f4xx_hal_gpio.o
                0x0800333c                HAL_GPIO_ReadPin
 .text.HAL_GPIO_WritePin
                0x08003348        0x8 ./Drivers/STM32F4xx_HAL_Driver/Src/stm32f4xx_hal_gpio.o
                0x08003348                HAL_GPIO_WritePin
 .text.I2C_WaitOnMasterAddressFlagUntilTimeout.constprop.0
                0x08003350       0x94 ./Drivers/STM32F4xx_HAL_Driver/Src/stm32f4xx_hal_i2c.o
 .text.I2C_RequestMemoryWrite
                0x080033e4      0x18c ./Drivers/STM32F4xx_HAL_Driver/Src/stm32f4xx_hal_i2c.o
 .text.HAL_I2C_Init
                0x08003570      0x190 ./Drivers/STM32F4xx_HAL_Driver/Src/stm32f4xx_hal_i2c.o
                0x08003570                HAL_I2C_Init
 .text.HAL_I2C_Mem_Write
                0x08003700      0x234 ./Drivers/STM32F4xx_HAL_Driver/Src/stm32f4xx_hal_i2c.o
                0x08003700                HAL_I2C_Mem_Write
 .text.HAL_I2S_Init
                0x08003934      0x158 ./Drivers/STM32F4xx_HAL_Driver/Src/stm32f4xx_hal_i2s.o
                0x08003934                HAL_I2S_Init
 .text.HAL_I2S_Transmit_DMA
                0x08003a8c       0xb8 ./Drivers/STM32F4xx_HAL_Driver/Src/stm32f4xx_hal_i2s.o
                0x08003a8c                HAL_I2S_Transmit_DMA
 .text.I2S_DMATxHalfCplt
                0x08003b44        0xc ./Drivers/STM32F4xx_HAL_Driver/Src/stm32f4xx_hal_i2s.o
 .text.I2S_DMATxCplt
                0x08003b50       0x24 ./Drivers/STM32F4xx_HAL_Driver/Src/stm32f4xx_hal_i2s.o
 .text.HAL_I2S_RxCpltCallback
                0x08003b74        0x4 ./Drivers/STM32F4xx_HAL_Driver/Src/stm32f4xx_hal_i2s.o
                0x08003b74                HAL_I2S_RxCpltCallback
 .text.HAL_I2S_ErrorCallback
                0x08003b78        0x4 ./Drivers/STM32F4xx_HAL_Driver/Src/stm32f4xx_hal_i2s.o
                0x08003b78                HAL_I2S_ErrorCallback
 .text.I2S_IRQHandler
                0x08003b7c      0x108 ./Drivers/STM32F4xx_HAL_Driver/Src/stm32f4xx_hal_i2s.o
 .text.I2S_DMAError
                0x08003c84       0x2c ./Drivers/STM32F4xx_HAL_Driver/Src/stm32f4xx_hal_i2s.o
 .text.HAL_I2SEx_TxRxCpltCallback
                0x08003cb0        0x4 ./Drivers/STM32F4xx_HAL_Driver/Src/stm32f4xx_hal_i2s_ex.o
                0x08003cb0                HAL_I2SEx_TxRxCpltCallback
 .text.HAL_I2SEx_FullDuplex_IRQHandler
                0x08003cb4      0x25c ./Drivers/STM32F4xx_HAL_Driver/Src/stm32f4xx_hal_i2s_ex.o
                0x08003cb4                HAL_I2SEx_FullDuplex_IRQHandler
 .text.HAL_PCD_Init
                0x08003f10      0x414 ./Drivers/STM32F4xx_HAL_Driver/Src/stm32f4xx_hal_pcd.o
                0x08003f10                HAL_PCD_Init
 .text.HAL_PCD_Start
                0x08004324       0x44 ./Drivers/STM32F4xx_HAL_Driver/Src/stm32f4xx_hal_pcd.o
                0x08004324                HAL_PCD_Start
 .text.HAL_PCD_IRQHandler
                0x08004368      0xaf8 ./Drivers/STM32F4xx_HAL_Driver/Src/stm32f4xx_hal_pcd.o
                0x08004368                HAL_PCD_IRQHandler
 .text.HAL_PCD_SetAddress
                0x08004e60       0x28 ./Drivers/STM32F4xx_HAL_Driver/Src/stm32f4xx_hal_pcd.o
                0x08004e60                HAL_PCD_SetAddress
 .text.HAL_PCD_EP_Open
                0x08004e88       0x80 ./Drivers/STM32F4xx_HAL_Driver/Src/stm32f4xx_hal_pcd.o
                0x08004e88                HAL_PCD_EP_Open
 .text.HAL_PCD_EP_Close
                0x08004f08       0x68 ./Drivers/STM32F4xx_HAL_Driver/Src/stm32f4xx_hal_pcd.o
                0x08004f08                HAL_PCD_EP_Close
 .text.HAL_PCD_EP_Receive
                0x08004f70       0x44 ./Drivers/STM32F4xx_HAL_Driver/Src/stm32f4xx_hal_pcd.o
                0x08004f70                HAL_PCD_EP_Receive
 .text.HAL_PCD_EP_GetRxCount
                0x08004fb4       0x14 ./Drivers/STM32F4xx_HAL_Driver/Src/stm32f4xx_hal_pcd.o
                0x08004fb4                HAL_PCD_EP_GetRxCount
 .text.HAL_PCD_EP_Transmit
                0x08004fc8       0x48 ./Drivers/STM32F4xx_HAL_Driver/Src/stm32f4xx_hal_pcd.o
                0x08004fc8                HAL_PCD_EP_Transmit
 .text.HAL_PCD_EP_SetStall
                0x08005010       0x84 ./Drivers/STM32F4xx_HAL_Driver/Src/stm32f4xx_hal_pcd.o
                0x08005010                HAL_PCD_EP_SetStall
 .text.HAL_PCD_EP_ClrStall
                0x08005094       0x70 ./Drivers/STM32F4xx_HAL_Driver/Src/stm32f4xx_hal_pcd.o
                0x08005094                HAL_PCD_EP_ClrStall
 .text.HAL_PCDEx_SetTxFiFo
                0x08005104      0x104 ./Drivers/STM32F4xx_HAL_Driver/Src/stm32f4xx_hal_pcd_ex.o
                0x08005104                HAL_PCDEx_SetTxFiFo
 .text.HAL_PCDEx_SetRxFiFo
                0x08005208        0x8 ./Drivers/STM32F4xx_HAL_Driver/Src/stm32f4xx_hal_pcd_ex.o
                0x08005208                HAL_PCDEx_SetRxFiFo
 .text.HAL_PCDEx_LPM_Callback
                0x08005210        0x4 ./Drivers/STM32F4xx_HAL_Driver/Src/stm32f4xx_hal_pcd_ex.o
                0x08005210                HAL_PCDEx_LPM_Callback
 .text.HAL_RCC_OscConfig
                0x08005214      0x3c4 ./Drivers/STM32F4xx_HAL_Driver/Src/stm32f4xx_hal_rcc.o
                0x08005214                HAL_RCC_OscConfig
 .text.HAL_RCC_GetSysClockFreq
                0x080055d8       0x68 ./Drivers/STM32F4xx_HAL_Driver/Src/stm32f4xx_hal_rcc.o
                0x080055d8                HAL_RCC_GetSysClockFreq
 .text.HAL_RCC_ClockConfig
                0x08005640      0x13c ./Drivers/STM32F4xx_HAL_Driver/Src/stm32f4xx_hal_rcc.o
                0x08005640                HAL_RCC_ClockConfig
 .text.HAL_RCC_GetHCLKFreq
                0x0800577c        0xc ./Drivers/STM32F4xx_HAL_Driver/Src/stm32f4xx_hal_rcc.o
                0x0800577c                HAL_RCC_GetHCLKFreq
 .text.HAL_RCC_GetPCLK1Freq
                0x08005788       0x20 ./Drivers/STM32F4xx_HAL_Driver/Src/stm32f4xx_hal_rcc.o
                0x08005788                HAL_RCC_GetPCLK1Freq
 .text.HAL_RCCEx_PeriphCLKConfig
                0x080057a8      0x13c ./Drivers/STM32F4xx_HAL_Driver/Src/stm32f4xx_hal_rcc_ex.o
                0x080057a8                HAL_RCCEx_PeriphCLKConfig
 .text.HAL_RCCEx_GetPeriphCLKFreq
                0x080058e4       0x54 ./Drivers/STM32F4xx_HAL_Driver/Src/stm32f4xx_hal_rcc_ex.o
                0x080058e4                HAL_RCCEx_GetPeriphCLKFreq
 .text.USB_CoreInit
                0x08005938      0x128 ./Drivers/STM32F4xx_HAL_Driver/Src/stm32f4xx_ll_usb.o
                0x08005938                USB_CoreInit
 .text.USB_SetTurnaroundTime
                0x08005a60       0xf4 ./Drivers/STM32F4xx_HAL_Driver/Src/stm32f4xx_ll_usb.o
                0x08005a60                USB_SetTurnaroundTime
 .text.USB_EnableGlobalInt
                0x08005b54       0x10 ./Drivers/STM32F4xx_HAL_Driver/Src/stm32f4xx_ll_usb.o
                0x08005b54                USB_EnableGlobalInt
 .text.USB_DisableGlobalInt
                0x08005b64       0x10 ./Drivers/STM32F4xx_HAL_Driver/Src/stm32f4xx_ll_usb.o
                0x08005b64                USB_DisableGlobalInt
 .text.USB_SetCurrentMode
                0x08005b74       0x70 ./Drivers/STM32F4xx_HAL_Driver/Src/stm32f4xx_ll_usb.o
                0x08005b74                USB_SetCurrentMode
 .text.USB_DevInit
                0x08005be4      0x258 ./Drivers/STM32F4xx_HAL_Driver/Src/stm32f4xx_ll_usb.o
                0x08005be4                USB_DevInit
 .text.USB_FlushTxFifo
                0x08005e3c       0x50 ./Drivers/STM32F4xx_HAL_Driver/Src/stm32f4xx_ll_usb.o
                0x08005e3c                USB_FlushTxFifo
 .text.USB_GetDevSpeed
                0x08005e8c       0x18 ./Drivers/STM32F4xx_HAL_Driver/Src/stm32f4xx_ll_usb.o
                0x08005e8c                USB_GetDevSpeed
 .text.USB_ActivateEndpoint
                0x08005ea4       0x90 ./Drivers/STM32F4xx_HAL_Driver/Src/stm32f4xx_ll_usb.o
                0x08005ea4                USB_ActivateEndpoint
 .text.USB_DeactivateEndpoint
                0x08005f34       0xc4 ./Drivers/STM32F4xx_HAL_Driver/Src/stm32f4xx_ll_usb.o
                0x08005f34                USB_DeactivateEndpoint
 .text.USB_EPStartXfer
                0x08005ff8      0x22c ./Drivers/STM32F4xx_HAL_Driver/Src/stm32f4xx_ll_usb.o
                0x08005ff8                USB_EPStartXfer
 .text.USB_EPStopXfer
                0x08006224       0x94 ./Drivers/STM32F4xx_HAL_Driver/Src/stm32f4xx_ll_usb.o
                0x08006224                USB_EPStopXfer
 .text.USB_WritePacket
                0x080062b8       0x2c ./Drivers/STM32F4xx_HAL_Driver/Src/stm32f4xx_ll_usb.o
                0x080062b8                USB_WritePacket
 .text.USB_ReadPacket
                0x080062e4       0x4c ./Drivers/STM32F4xx_HAL_Driver/Src/stm32f4xx_ll_usb.o
                0x080062e4                USB_ReadPacket
 .text.USB_EPSetStall
                0x08006330       0x5c ./Drivers/STM32F4xx_HAL_Driver/Src/stm32f4xx_ll_usb.o
                0x08006330                USB_EPSetStall
 .text.USB_EPClearStall
                0x0800638c       0x58 ./Drivers/STM32F4xx_HAL_Driver/Src/stm32f4xx_ll_usb.o
                0x0800638c                USB_EPClearStall
 .text.USB_SetDevAddress
                0x080063e4       0x20 ./Drivers/STM32F4xx_HAL_Driver/Src/stm32f4xx_ll_usb.o
                0x080063e4                USB_SetDevAddress
 .text.USB_DevConnect
                0x08006404       0x20 ./Drivers/STM32F4xx_HAL_Driver/Src/stm32f4xx_ll_usb.o
                0x08006404                USB_DevConnect
 .text.USB_DevDisconnect
                0x08006424       0x20 ./Drivers/STM32F4xx_HAL_Driver/Src/stm32f4xx_ll_usb.o
                0x08006424                USB_DevDisconnect
 .text.USB_ReadInterrupts
                0x08006444        0x8 ./Drivers/STM32F4xx_HAL_Driver/Src/stm32f4xx_ll_usb.o
                0x08006444                USB_ReadInterrupts
 .text.USB_ReadDevAllOutEpInterrupt
                0x0800644c       0x10 ./Drivers/STM32F4xx_HAL_Driver/Src/stm32f4xx_ll_usb.o
                0x0800644c                USB_ReadDevAllOutEpInterrupt
 .text.USB_ReadDevAllInEpInterrupt
                0x0800645c       0x10 ./Drivers/STM32F4xx_HAL_Driver/Src/stm32f4xx_ll_usb.o
                0x0800645c                USB_ReadDevAllInEpInterrupt
 .text.USB_ReadDevOutEPInterrupt
                0x0800646c       0x14 ./Drivers/STM32F4xx_HAL_Driver/Src/stm32f4xx_ll_usb.o
                0x0800646c                USB_ReadDevOutEPInterrupt
 .text.USB_ReadDevInEPInterrupt
                0x08006480       0x20 ./Drivers/STM32F4xx_HAL_Driver/Src/stm32f4xx_ll_usb.o
                0x08006480                USB_ReadDevInEPInterrupt
 .text.USB_GetMode
                0x080064a0        0x8 ./Drivers/STM32F4xx_HAL_Driver/Src/stm32f4xx_ll_usb.o
                0x080064a0                USB_GetMode
 .text.USB_ActivateSetup
                0x080064a8       0x20 ./Drivers/STM32F4xx_HAL_Driver/Src/stm32f4xx_ll_usb.o
                0x080064a8                USB_ActivateSetup
 .text.USB_EP0_OutStart
                0x080064c8       0x50 ./Drivers/STM32F4xx_HAL_Driver/Src/stm32f4xx_ll_usb.o
                0x080064c8                USB_EP0_OutStart
 .text.USBD_AUDIO_GetCfgDesc
                0x08006518        0xc ./Middlewares/ST/STM32_USB_Device_Library/Class/AUDIO/Src/usbd_audio.o
 .text.USBD_AUDIO_DataIn
                0x08006524        0x4 ./Middlewares/ST/STM32_USB_Device_Library/Class/AUDIO/Src/usbd_audio.o
 .text.USBD_AUDIO_EP0_RxReady
                0x08006528       0x44 ./Middlewares/ST/STM32_USB_Device_Library/Class/AUDIO/Src/usbd_audio.o
 .text.USBD_AUDIO_EP0_TxReady
                0x0800656c        0x4 ./Middlewares/ST/STM32_USB_Device_Library/Class/AUDIO/Src/usbd_audio.o
 .text.USBD_AUDIO_GetDeviceQualifierDesc
                0x08006570        0xc ./Middlewares/ST/STM32_USB_Device_Library/Class/AUDIO/Src/usbd_audio.o
 .text.USBD_AUDIO_IsoOutIncomplete
                0x0800657c       0x28 ./Middlewares/ST/STM32_USB_Device_Library/Class/AUDIO/Src/usbd_audio.o
 .text.USBD_AUDIO_DataOut
                0x080065a4       0xb8 ./Middlewares/ST/STM32_USB_Device_Library/Class/AUDIO/Src/usbd_audio.o
 .text.USBD_AUDIO_Setup
                0x0800665c      0x154 ./Middlewares/ST/STM32_USB_Device_Library/Class/AUDIO/Src/usbd_audio.o
 .text.USBD_AUDIO_DeInit
                0x080067b0       0x4c ./Middlewares/ST/STM32_USB_Device_Library/Class/AUDIO/Src/usbd_audio.o
 .text.USBD_AUDIO_Init
                0x080067fc       0x8c ./Middlewares/ST/STM32_USB_Device_Library/Class/AUDIO/Src/usbd_audio.o
 .text.USBD_AUDIO_SOF
                0x08006888        0x4 ./Middlewares/ST/STM32_USB_Device_Library/Class/AUDIO/Src/usbd_audio.o
 .text.USBD_AUDIO_IsoINIncomplete
                0x0800688c        0x4 ./Middlewares/ST/STM32_USB_Device_Library/Class/AUDIO/Src/usbd_audio.o
 .text.USBD_AUDIO_Sync
                0x08006890       0x90 ./Middlewares/ST/STM32_USB_Device_Library/Class/AUDIO/Src/usbd_audio.o
                0x08006890                USBD_AUDIO_Sync
 .text.USBD_AUDIO_RegisterInterface
                0x08006920       0x18 ./Middlewares/ST/STM32_USB_Device_Library/Class/AUDIO/Src/usbd_audio.o
                0x08006920                USBD_AUDIO_RegisterInterface
 .text.USBD_Init
                0x08006938       0x28 ./Middlewares/ST/STM32_USB_Device_Library/Core/Src/usbd_core.o
                0x08006938                USBD_Init
 .text.USBD_RegisterClass
                0x08006960       0x38 ./Middlewares/ST/STM32_USB_Device_Library/Core/Src/usbd_core.o
                0x08006960                USBD_RegisterClass
 .text.USBD_Start
                0x08006998        0x4 ./Middlewares/ST/STM32_USB_Device_Library/Core/Src/usbd_core.o
                0x08006998                USBD_Start
 .text.USBD_SetClassConfig
                0x0800699c       0x10 ./Middlewares/ST/STM32_USB_Device_Library/Core/Src/usbd_core.o
                0x0800699c                USBD_SetClassConfig
 .text.USBD_ClrClassConfig
                0x080069ac       0x14 ./Middlewares/ST/STM32_USB_Device_Library/Core/Src/usbd_core.o
                0x080069ac                USBD_ClrClassConfig
 .text.USBD_LL_SetupStage
                0x080069c0       0x60 ./Middlewares/ST/STM32_USB_Device_Library/Core/Src/usbd_core.o
                0x080069c0                USBD_LL_SetupStage
 .text.USBD_LL_DataOutStage
                0x08006a20       0x80 ./Middlewares/ST/STM32_USB_Device_Library/Core/Src/usbd_core.o
                0x08006a20                USBD_LL_DataOutStage
 .text.USBD_LL_DataInStage
                0x08006aa0       0xb4 ./Middlewares/ST/STM32_USB_Device_Library/Core/Src/usbd_core.o
                0x08006aa0                USBD_LL_DataInStage
 .text.USBD_LL_Reset
                0x08006b54       0x5c ./Middlewares/ST/STM32_USB_Device_Library/Core/Src/usbd_core.o
                0x08006b54                USBD_LL_Reset
 .text.USBD_LL_SetSpeed
                0x08006bb0        0x8 ./Middlewares/ST/STM32_USB_Device_Library/Core/Src/usbd_core.o
                0x08006bb0                USBD_LL_SetSpeed
 .text.USBD_LL_Suspend
                0x08006bb8       0x1c ./Middlewares/ST/STM32_USB_Device_Library/Core/Src/usbd_core.o
                0x08006bb8                USBD_LL_Suspend
 .text.USBD_LL_Resume
                0x08006bd4       0x18 ./Middlewares/ST/STM32_USB_Device_Library/Core/Src/usbd_core.o
                0x08006bd4                USBD_LL_Resume
 .text.USBD_LL_SOF
                0x08006bec       0x20 ./Middlewares/ST/STM32_USB_Device_Library/Core/Src/usbd_core.o
                0x08006bec                USBD_LL_SOF
 .text.USBD_LL_IsoINIncomplete
                0x08006c0c       0x2c ./Middlewares/ST/STM32_USB_Device_Library/Core/Src/usbd_core.o
                0x08006c0c                USBD_LL_IsoINIncomplete
 .text.USBD_LL_IsoOUTIncomplete
                0x08006c38       0x2c ./Middlewares/ST/STM32_USB_Device_Library/Core/Src/usbd_core.o
                0x08006c38                USBD_LL_IsoOUTIncomplete
 .text.USBD_LL_DevConnected
                0x08006c64        0x4 ./Middlewares/ST/STM32_USB_Device_Library/Core/Src/usbd_core.o
                0x08006c64                USBD_LL_DevConnected
 .text.USBD_LL_DevDisconnected
                0x08006c68       0x24 ./Middlewares/ST/STM32_USB_Device_Library/Core/Src/usbd_core.o
                0x08006c68                USBD_LL_DevDisconnected
 .text.USBD_CoreFindIF
                0x08006c8c        0x4 ./Middlewares/ST/STM32_USB_Device_Library/Core/Src/usbd_core.o
                0x08006c8c                USBD_CoreFindIF
 .text.USBD_CoreFindEP
                0x08006c90        0x4 ./Middlewares/ST/STM32_USB_Device_Library/Core/Src/usbd_core.o
                0x08006c90                USBD_CoreFindEP
 .text.USBD_GetNextDesc
                0x08006c94        0xc ./Middlewares/ST/STM32_USB_Device_Library/Core/Src/usbd_core.o
                0x08006c94                USBD_GetNextDesc
 .text.USBD_StdDevReq
                0x08006ca0      0x358 ./Middlewares/ST/STM32_USB_Device_Library/Core/Src/usbd_ctlreq.o
                0x08006ca0                USBD_StdDevReq
 .text.USBD_StdItfReq
                0x08006ff8       0x80 ./Middlewares/ST/STM32_USB_Device_Library/Core/Src/usbd_ctlreq.o
                0x08006ff8                USBD_StdItfReq
 .text.USBD_StdEPReq
                0x08007078      0x164 ./Middlewares/ST/STM32_USB_Device_Library/Core/Src/usbd_ctlreq.o
                0x08007078                USBD_StdEPReq
 .text.USBD_ParseSetupRequest
                0x080071dc       0x18 ./Middlewares/ST/STM32_USB_Device_Library/Core/Src/usbd_ctlreq.o
                0x080071dc                USBD_ParseSetupRequest
 .text.USBD_CtlError
                0x080071f4       0x18 ./Middlewares/ST/STM32_USB_Device_Library/Core/Src/usbd_ctlreq.o
                0x080071f4                USBD_CtlError
 .text.USBD_GetString
                0x0800720c       0x58 ./Middlewares/ST/STM32_USB_Device_Library/Core/Src/usbd_ctlreq.o
                0x0800720c                USBD_GetString
 .text.USBD_CtlSendData
                0x08007264       0x1c ./Middlewares/ST/STM32_USB_Device_Library/Core/Src/usbd_ioreq.o
                0x08007264                USBD_CtlSendData
 .text.USBD_CtlContinueSendData
                0x08007280       0x10 ./Middlewares/ST/STM32_USB_Device_Library/Core/Src/usbd_ioreq.o
                0x08007280                USBD_CtlContinueSendData
 .text.USBD_CtlPrepareRx
                0x08007290       0x20 ./Middlewares/ST/STM32_USB_Device_Library/Core/Src/usbd_ioreq.o
                0x08007290                USBD_CtlPrepareRx
 .text.USBD_CtlContinueRx
                0x080072b0       0x10 ./Middlewares/ST/STM32_USB_Device_Library/Core/Src/usbd_ioreq.o
                0x080072b0                USBD_CtlContinueRx
 .text.USBD_CtlSendStatus
                0x080072c0       0x18 ./Middlewares/ST/STM32_USB_Device_Library/Core/Src/usbd_ioreq.o
                0x080072c0                USBD_CtlSendStatus
 .text.USBD_CtlReceiveStatus
                0x080072d8       0x18 ./Middlewares/ST/STM32_USB_Device_Library/Core/Src/usbd_ioreq.o
                0x080072d8                USBD_CtlReceiveStatus
 .text.MX_USB_DEVICE_Init
                0x080072f0       0x74 ./USB_DEVICE/App/usb_device.o
                0x080072f0                MX_USB_DEVICE_Init
 .text.AUDIO_DeInit_FS
                0x08007364        0xc ./USB_DEVICE/App/usbd_audio_if.o
 .text.AUDIO_VolumeCtl_FS
                0x08007370        0x4 ./USB_DEVICE/App/usbd_audio_if.o
 .text.AUDIO_GetState_FS
                0x08007374        0x4 ./USB_DEVICE/App/usbd_audio_if.o
 .text.AUDIO_Init_FS
                0x08007378       0x14 ./USB_DEVICE/App/usbd_audio_if.o
 .text.AUDIO_PeriodicTC_FS
                0x0800738c       0x28 ./USB_DEVICE/App/usbd_audio_if.o
 .text.AUDIO_AudioCmd_FS
                0x080073b4       0x3c ./USB_DEVICE/App/usbd_audio_if.o
 .text.AUDIO_MuteCtl_FS
                0x080073f0        0x4 ./USB_DEVICE/App/usbd_audio_if.o
 .text.USBD_FS_DeviceDescriptor
                0x080073f4        0xc ./USB_DEVICE/App/usbd_desc.o
                0x080073f4                USBD_FS_DeviceDescriptor
 .text.USBD_FS_LangIDStrDescriptor
                0x08007400        0xc ./USB_DEVICE/App/usbd_desc.o
                0x08007400                USBD_FS_LangIDStrDescriptor
 .text.USBD_FS_ManufacturerStrDescriptor
                0x0800740c       0x1c ./USB_DEVICE/App/usbd_desc.o
                0x0800740c                USBD_FS_ManufacturerStrDescriptor
 .text.USBD_FS_ProductStrDescriptor
                0x08007428       0x1c ./USB_DEVICE/App/usbd_desc.o
                0x08007428                USBD_FS_ProductStrDescriptor
 .text.USBD_FS_ConfigStrDescriptor
                0x08007444       0x1c ./USB_DEVICE/App/usbd_desc.o
                0x08007444                USBD_FS_ConfigStrDescriptor
 .text.USBD_FS_InterfaceStrDescriptor
                0x08007460       0x1c ./USB_DEVICE/App/usbd_desc.o
                0x08007460                USBD_FS_InterfaceStrDescriptor
 .text.USBD_FS_SerialStrDescriptor
                0x0800747c      0x150 ./USB_DEVICE/App/usbd_desc.o
                0x0800747c                USBD_FS_SerialStrDescriptor
 .text.HAL_PCD_MspInit
                0x080075cc       0x84 ./USB_DEVICE/Target/usbd_conf.o
                0x080075cc                HAL_PCD_MspInit
 .text.HAL_PCD_SetupStageCallback
                0x08007650        0xc ./USB_DEVICE/Target/usbd_conf.o
                0x08007650                HAL_PCD_SetupStageCallback
 .text.HAL_PCD_DataOutStageCallback
                0x0800765c       0x14 ./USB_DEVICE/Target/usbd_conf.o
                0x0800765c                HAL_PCD_DataOutStageCallback
 .text.HAL_PCD_DataInStageCallback
                0x08007670       0x14 ./USB_DEVICE/Target/usbd_conf.o
                0x08007670                HAL_PCD_DataInStageCallback
 .text.HAL_PCD_SOFCallback
                0x08007684        0x8 ./USB_DEVICE/Target/usbd_conf.o
                0x08007684                HAL_PCD_SOFCallback
 .text.HAL_PCD_ResetCallback
                0x0800768c       0x2c ./USB_DEVICE/Target/usbd_conf.o
                0x0800768c                HAL_PCD_ResetCallback
 .text.HAL_PCD_SuspendCallback
                0x080076b8       0x30 ./USB_DEVICE/Target/usbd_conf.o
                0x080076b8                HAL_PCD_SuspendCallback
 .text.HAL_PCD_ResumeCallback
                0x080076e8        0x8 ./USB_DEVICE/Target/usbd_conf.o
                0x080076e8                HAL_PCD_ResumeCallback
 .text.HAL_PCD_ISOOUTIncompleteCallback
                0x080076f0        0x8 ./USB_DEVICE/Target/usbd_conf.o
                0x080076f0                HAL_PCD_ISOOUTIncompleteCallback
 .text.HAL_PCD_ISOINIncompleteCallback
                0x080076f8        0x8 ./USB_DEVICE/Target/usbd_conf.o
                0x080076f8                HAL_PCD_ISOINIncompleteCallback
 .text.HAL_PCD_ConnectCallback
                0x08007700        0x8 ./USB_DEVICE/Target/usbd_conf.o
                0x08007700                HAL_PCD_ConnectCallback
 .text.HAL_PCD_DisconnectCallback
                0x08007708        0x8 ./USB_DEVICE/Target/usbd_conf.o
                0x08007708                HAL_PCD_DisconnectCallback
 .text.USBD_LL_Init
                0x08007710       0x64 ./USB_DEVICE/Target/usbd_conf.o
                0x08007710                USBD_LL_Init
 .text.USBD_LL_Start
                0x08007774       0x18 ./USB_DEVICE/Target/usbd_conf.o
                0x08007774                USBD_LL_Start
 .text.USBD_LL_OpenEP
                0x0800778c       0x1c ./USB_DEVICE/Target/usbd_conf.o
                0x0800778c                USBD_LL_OpenEP
 .text.USBD_LL_CloseEP
                0x080077a8       0x18 ./USB_DEVICE/Target/usbd_conf.o
                0x080077a8                USBD_LL_CloseEP
 .text.USBD_LL_StallEP
                0x080077c0       0x18 ./USB_DEVICE/Target/usbd_conf.o
                0x080077c0                USBD_LL_StallEP
 .text.USBD_LL_ClearStallEP
                0x080077d8       0x18 ./USB_DEVICE/Target/usbd_conf.o
                0x080077d8                USBD_LL_ClearStallEP
 .text.USBD_LL_IsStallEP
                0x080077f0       0x28 ./USB_DEVICE/Target/usbd_conf.o
                0x080077f0                USBD_LL_IsStallEP
 .text.USBD_LL_SetUSBAddress
                0x08007818       0x18 ./USB_DEVICE/Target/usbd_conf.o
                0x08007818                USBD_LL_SetUSBAddress
 .text.USBD_LL_Transmit
                0x08007830       0x18 ./USB_DEVICE/Target/usbd_conf.o
                0x08007830                USBD_LL_Transmit
 .text.USBD_LL_PrepareReceive
                0x08007848       0x18 ./USB_DEVICE/Target/usbd_conf.o
                0x08007848                USBD_LL_PrepareReceive
 .text.USBD_LL_GetRxDataSize
                0x08007860        0x8 ./USB_DEVICE/Target/usbd_conf.o
                0x08007860                USBD_LL_GetRxDataSize
 .text.USBD_static_malloc
                0x08007868        0x8 ./USB_DEVICE/Target/usbd_conf.o
                0x08007868                USBD_static_malloc
 .text.USBD_static_free
                0x08007870        0x4 ./USB_DEVICE/Target/usbd_conf.o
                0x08007870                USBD_static_free
 .text.memset   0x08007874       0x10 C:/ST/STM32CubeIDE_2.0.0/STM32CubeIDE/plugins/com.st.stm32cube.ide.mcu.externaltools.gnu-tools-for-stm32.13.3.rel1.win32_1.0.100.202509120712/tools/bin/../lib/gcc/arm-none-eabi/13.3.1/../../../../arm-none-eabi/lib/thumb/v7e-m+fp/hard\libc_nano.a(libc_a-memset.o)
                0x08007874                memset
 .text.__errno  0x08007884        0xc C:/ST/STM32CubeIDE_2.0.0/STM32CubeIDE/plugins/com.st.stm32cube.ide.mcu.externaltools.gnu-tools-for-stm32.13.3.rel1.win32_1.0.100.202509120712/tools/bin/../lib/gcc/arm-none-eabi/13.3.1/../../../../arm-none-eabi/lib/thumb/v7e-m+fp/hard\libc_nano.a(libc_a-errno.o)
                0x08007884                __errno
 .text.__libc_init_array
                0x08007890       0x48 C:/ST/STM32CubeIDE_2.0.0/STM32CubeIDE/plugins/com.st.stm32cube.ide.mcu.externaltools.gnu-tools-for-stm32.13.3.rel1.win32_1.0.100.202509120712/tools/bin/../lib/gcc/arm-none-eabi/13.3.1/../../../../arm-none-eabi/lib/thumb/v7e-m+fp/hard\libc_nano.a(libc_a-init.o)
                0x08007890                __libc_init_array
 .text.powf     0x080078d8       0xae C:/ST/STM32CubeIDE_2.0.0/STM32CubeIDE/plugins/com.st.stm32cube.ide.mcu.externaltools.gnu-tools-for-stm32.13.3.rel1.win32_1.0.100.202509120712/tools/bin/../lib/gcc/arm-none-eabi/13.3.1/../../../../arm-none-eabi/lib/thumb/v7e-m+fp/hard\libm.a(libm_a-wf_pow.o)
                0x080078d8                powf
 *fill*         0x08007986        0x2 
 .text.sinf     0x08007988       0x8c C:/ST/STM32CubeIDE_2.0.0/STM32CubeIDE/plugins/com.st.stm32cube.ide.mcu.externaltools.gnu-tools-for-stm32.13.3.rel1.win32_1.0.100.202509120712/tools/bin/../lib/gcc/arm-none-eabi/13.3.1/../../../../arm-none-eabi/lib/thumb/v7e-m+fp/hard\libm.a(libm_a-sf_sin.o)
                0x08007988                sinf
 .text.finitef  0x08007a14       0x14 C:/ST/STM32CubeIDE_2.0.0/STM32CubeIDE/plugins/com.st.stm32cube.ide.mcu.externaltools.gnu-tools-for-stm32.13.3.rel1.win32_1.0.100.202509120712/tools/bin/../lib/gcc/arm-none-eabi/13.3.1/../../../../arm-none-eabi/lib/thumb/v7e-m+fp/hard\libm.a(libm_a-sf_finite.o)
                0x08007a14                finitef
 .text.fmaxf    0x08007a28       0x3a C:/ST/STM32CubeIDE_2.0.0/STM32CubeIDE/plugins/com.st.stm32cube.ide.mcu.externaltools.gnu-tools-for-stm32.13.3.rel1.win32_1.0.100.202509120712/tools/bin/../lib/gcc/arm-none-eabi/13.3.1/../../../../arm-none-eabi/lib/thumb/v7e-m+fp/hard\libm.a(libm_a-sf_fmax.o)
                0x08007a28                fmaxf
 .text.fminf    0x08007a62       0x3a C:/ST/STM32CubeIDE_2.0.0/STM32CubeIDE/plugins/com.st.stm32cube.ide.mcu.externaltools.gnu-tools-for-stm32.13.3.rel1.win32_1.0.100.202509120712/tools/bin/../lib/gcc/arm-none-eabi/13.3.1/../../../../arm-none-eabi/lib/thumb/v7e-m+fp/hard\libm.a(libm_a-sf_fmin.o)
                0x08007a62                fminf
 .text.__fpclassifyf
                0x08007a9c       0x38 C:/ST/STM32CubeIDE_2.0.0/STM32CubeIDE/plugins/com.st.stm32cube.ide.mcu.externaltools.gnu-tools-for-stm32.13.3.rel1.win32_1.0.100.202509120712/tools/bin/../lib/gcc/arm-none-eabi/13.3.1/../../../../arm-none-eabi/lib/thumb/v7e-m+fp/hard\libm.a(libm_a-sf_fpclassify.o)
                0x08007a9c                __fpclassifyf
 .text.__kernel_cosf
                0x08007ad4       0xb0 C:/ST/STM32CubeIDE_2.0.0/STM32CubeIDE/plugins/com.st.stm32cube.ide.mcu.externaltools.gnu-tools-for-stm32.13.3.rel1.win32_1.0.100.202509120712/tools/bin/../lib/gcc/arm-none-eabi/13.3.1/../../../../arm-none-eabi/lib/thumb/v7e-m+fp/hard\libm.a(libm_a-kf_cos.o)
                0x08007ad4                __kernel_cosf
 .text.__kernel_sinf
                0x08007b84       0x90 C:/ST/STM32CubeIDE_2.0.0/STM32CubeIDE/plugins/com.st.stm32cube.ide.mcu.externaltools.gnu-tools-for-stm32.13.3.rel1.win32_1.0.100.202509120712/tools/bin/../lib/gcc/arm-none-eabi/13.3.1/../../../../arm-none-eabi/lib/thumb/v7e-m+fp/hard\libm.a(libm_a-kf_sin.o)
                0x08007b84                __kernel_sinf
 .text.__ieee754_powf
                0x08007c14      0x59c C:/ST/STM32CubeIDE_2.0.0/STM32CubeIDE/plugins/com.st.stm32cube.ide.mcu.externaltools.gnu-tools-for-stm32.13.3.rel1.win32_1.0.100.202509120712/tools/bin/../lib/gcc/arm-none-eabi/13.3.1/../../../../arm-none-eabi/lib/thumb/v7e-m+fp/hard\libm.a(libm_a-ef_pow.o)
                0x08007c14                __ieee754_powf
 .text.__ieee754_rem_pio2f
                0x080081b0      0x260 C:/ST/STM32CubeIDE_2.0.0/STM32CubeIDE/plugins/com.st.stm32cube.ide.mcu.externaltools.gnu-tools-for-stm32.13.3.rel1.win32_1.0.100.202509120712/tools/bin/../lib/gcc/arm-none-eabi/13.3.1/../../../../arm-none-eabi/lib/thumb/v7e-m+fp/hard\libm.a(libm_a-ef_rem_pio2.o)
                0x080081b0                __ieee754_rem_pio2f
 .text.fabsf    0x08008410        0xe C:/ST/STM32CubeIDE_2.0.0/STM32CubeIDE/plugins/com.st.stm32cube.ide.mcu.externaltools.gnu-tools-for-stm32.13.3.rel1.win32_1.0.100.202509120712/tools/bin/../lib/gcc/arm-none-eabi/13.3.1/../../../../arm-none-eabi/lib/thumb/v7e-m+fp/hard\libm.a(libm_a-sf_fabs.o)
                0x08008410                fabsf
 *fill*         0x0800841e        0x2 
 .text.scalbnf  0x08008420       0xcc C:/ST/STM32CubeIDE_2.0.0/STM32CubeIDE/plugins/com.st.stm32cube.ide.mcu.externaltools.gnu-tools-for-stm32.13.3.rel1.win32_1.0.100.202509120712/tools/bin/../lib/gcc/arm-none-eabi/13.3.1/../../../../arm-none-eabi/lib/thumb/v7e-m+fp/hard\libm.a(libm_a-sf_scalbn.o)
                0x08008420                scalbnf
 .text.with_errnof
                0x080084ec       0x1c C:/ST/STM32CubeIDE_2.0.0/STM32CubeIDE/plugins/com.st.stm32cube.ide.mcu.externaltools.gnu-tools-for-stm32.13.3.rel1.win32_1.0.100.202509120712/tools/bin/../lib/gcc/arm-none-eabi/13.3.1/../../../../arm-none-eabi/lib/thumb/v7e-m+fp/hard\libm.a(libm_a-math_errf.o)
 .text.xflowf   0x08008508       0x16 C:/ST/STM32CubeIDE_2.0.0/STM32CubeIDE/plugins/com.st.stm32cube.ide.mcu.externaltools.gnu-tools-for-stm32.13.3.rel1.win32_1.0.100.202509120712/tools/bin/../lib/gcc/arm-none-eabi/13.3.1/../../../../arm-none-eabi/lib/thumb/v7e-m+fp/hard\libm.a(libm_a-math_errf.o)
 *fill*         0x0800851e        0x2 
 .text.__math_uflowf
                0x08008520        0xc C:/ST/STM32CubeIDE_2.0.0/STM32CubeIDE/plugins/com.st.stm32cube.ide.mcu.externaltools.gnu-tools-for-stm32.13.3.rel1.win32_1.0.100.202509120712/tools/bin/../lib/gcc/arm-none-eabi/13.3.1/../../../../arm-none-eabi/lib/thumb/v7e-m+fp/hard\libm.a(libm_a-math_errf.o)
                0x08008520                __math_uflowf
 .text.__math_oflowf
                0x0800852c        0xc C:/ST/STM32CubeIDE_2.0.0/STM32CubeIDE/plugins/com.st.stm32cube.ide.mcu.externaltools.gnu-tools-for-stm32.13.3.rel1.win32_1.0.100.202509120712/tools/bin/../lib/gcc/arm-none-eabi/13.3.1/../../../../arm-none-eabi/lib/thumb/v7e-m+fp/hard\libm.a(libm_a-math_errf.o)
                0x0800852c                __math_oflowf
 .text.__ieee754_sqrtf
                0x08008538        0x6 C:/ST/STM32CubeIDE_2.0.0/STM32CubeIDE/plugins/com.st.stm32cube.ide.mcu.externaltools.gnu-tools-for-stm32.13.3.rel1.win32_1.0.100.202509120712/tools/bin/../lib/gcc/arm-none-eabi/13.3.1/../../../../arm-none-eabi/lib/thumb/v7e-m+fp/hard\libm.a(libm_a-ef_sqrt.o)
                0x08008538                __ieee754_sqrtf
 *fill*         0x0800853e        0x2 
 .text.__kernel_rem_pio2f
                0x08008540      0x4d0 C:/ST/STM32CubeIDE_2.0.0/STM32CubeIDE/plugins/com.st.stm32cube.ide.mcu.externaltools.gnu-tools-for-stm32.13.3.rel1.win32_1.0.100.202509120712/tools/bin/../lib/gcc/arm-none-eabi/13.3.1/../../../../arm-none-eabi/lib/thumb/v7e-m+fp/hard\libm.a(libm_a-kf_rem_pio2.o)
                0x08008540                __kernel_rem_pio2f
 .text.floorf   0x08008a10       0x88 C:/ST/STM32CubeIDE_2.0.0/STM32CubeIDE/plugins/com.st.stm32cube.ide.mcu.externaltools.gnu-tools-for-stm32.13.3.rel1.win32_1.0.100.202509120712/tools/bin/../lib/gcc/arm-none-eabi/13.3.1/../../../../arm-none-eabi/lib/thumb/v7e-m+fp/hard\libm.a(libm_a-sf_floor.o)
                0x08008a10                floorf
 *(.glue_7)
 .glue_7        0x08008a98        0x0 linker stubs
 *(.glue_7t)
 .glue_7t       0x08008a98        0x0 linker stubs
 *(.eh_frame)
 .eh_frame      0x08008a98        0x0 C:/ST/STM32CubeIDE_2.0.0/STM32CubeIDE/plugins/com.st.stm32cube.ide.mcu.externaltools.gnu-tools-for-stm32.13.3.rel1.win32_1.0.100.202509120712/tools/bin/../lib/gcc/arm-none-eabi/13.3.1/thumb/v7e-m+fp/hard/crtbegin.o
 *(.init)
 .init          0x08008a98        0x4 C:/ST/STM32CubeIDE_2.0.0/STM32CubeIDE/plugins/com.st.stm32cube.ide.mcu.externaltools.gnu-tools-for-stm32.13.3.rel1.win32_1.0.100.202509120712/tools/bin/../lib/gcc/arm-none-eabi/13.3.1/thumb/v7e-m+fp/hard/crti.o
                0x08008a98                _init
 .init          0x08008a9c        0x8 C:/ST/STM32CubeIDE_2.0.0/STM32CubeIDE/plugins/com.st.stm32cube.ide.mcu.externaltools.gnu-tools-for-stm32.13.3.rel1.win32_1.0.100.202509120712/tools/bin/../lib/gcc/arm-none-eabi/13.3.1/thumb/v7e-m+fp/hard/crtn.o
 *(.fini)
 .fini          0x08008aa4        0x4 C:/ST/STM32CubeIDE_2.0.0/STM32CubeIDE/plugins/com.st.stm32cube.ide.mcu.externaltools.gnu-tools-for-stm32.13.3.rel1.win32_1.0.100.202509120712/tools/bin/../lib/gcc/arm-none-eabi/13.3.1/thumb/v7e-m+fp/hard/crti.o
                0x08008aa4                _fini
 .fini          0x08008aa8        0x8 C:/ST/STM32CubeIDE_2.0.0/STM32CubeIDE/plugins/com.st.stm32cube.ide.mcu.externaltools.gnu-tools-for-stm32.13.3.rel1.win32_1.0.100.202509120712/tools/bin/../lib/gcc/arm-none-eabi/13.3.1/thumb/v7e-m+fp/hard/crtn.o
                0x08008ab0                        . = ALIGN (0x4)
                0x08008ab0                        _etext = .

.vfp11_veneer   0x08008ab0        0x0
 .vfp11_veneer  0x08008ab0        0x0 linker stubs

.v4_bx          0x08008ab0        0x0
 .v4_bx         0x08008ab0        0x0 linker stubs

.iplt           0x08008ab0        0x0
 .iplt          0x08008ab0        0x0 C:/ST/STM32CubeIDE_2.0.0/STM32CubeIDE/plugins/com.st.stm32cube.ide.mcu.externaltools.gnu-tools-for-stm32.13.3.rel1.win32_1.0.100.202509120712/tools/bin/../lib/gcc/arm-none-eabi/13.3.1/thumb/v7e-m+fp/hard/crtbegin.o

.rodata         0x08008ab0      0xbf4
                0x08008ab0                        . = ALIGN (0x4)
 *(.rodata)
 *(.rodata*)
 .rodata.Draw_Heart.str1.4
                0x08008ab0       0x5c ./Core/Src/OLED.o
                                  0x7 (size before relaxing)
 .rodata.App_Loop.str1.4
                0x08008b0c        0x0 ./Core/Src/app_main.o
                                  0xb (size before relaxing)
 .rodata.POT_CHANNELS
                0x08008b0c       0x18 ./Core/Src/app_main.o
 .rodata.Font_7x10
                0x08008b24        0xc ./Core/Src/ssd1306_fonts.o
                0x08008b24                Font_7x10
 .rodata.Font7x10
                0x08008b30      0x76c ./Core/Src/ssd1306_fonts.o
 .rodata.APBPrescTable
                0x0800929c        0x8 ./Core/Src/system_stm32f4xx.o
                0x0800929c                APBPrescTable
 .rodata.AHBPrescTable
                0x080092a4       0x10 ./Core/Src/system_stm32f4xx.o
                0x080092a4                AHBPrescTable
 .rodata.flagBitshiftOffset.0
                0x080092b4        0x8 ./Drivers/STM32F4xx_HAL_Driver/Src/stm32f4xx_hal_dma.o
 .rodata.USBD_FS_ManufacturerStrDescriptor.str1.4
                0x080092bc        0x0 ./USB_DEVICE/App/usbd_desc.o
                                 0x13 (size before relaxing)
 .rodata.USBD_FS_ProductStrDescriptor.str1.4
                0x080092bc        0x0 ./USB_DEVICE/App/usbd_desc.o
                                 0x12 (size before relaxing)
 .rodata.USBD_FS_ConfigStrDescriptor.str1.4
                0x080092bc        0x0 ./USB_DEVICE/App/usbd_desc.o
                                  0xd (size before relaxing)
 .rodata.USBD_FS_InterfaceStrDescriptor.str1.4
                0x080092bc        0x0 ./USB_DEVICE/App/usbd_desc.o
                                 0x10 (size before relaxing)
 .rodata.dp_l   0x080092bc        0x8 C:/ST/STM32CubeIDE_2.0.0/STM32CubeIDE/plugins/com.st.stm32cube.ide.mcu.externaltools.gnu-tools-for-stm32.13.3.rel1.win32_1.0.100.202509120712/tools/bin/../lib/gcc/arm-none-eabi/13.3.1/../../../../arm-none-eabi/lib/thumb/v7e-m+fp/hard\libm.a(libm_a-ef_pow.o)
 .rodata.dp_h   0x080092c4        0x8 C:/ST/STM32CubeIDE_2.0.0/STM32CubeIDE/plugins/com.st.stm32cube.ide.mcu.externaltools.gnu-tools-for-stm32.13.3.rel1.win32_1.0.100.202509120712/tools/bin/../lib/gcc/arm-none-eabi/13.3.1/../../../../arm-none-eabi/lib/thumb/v7e-m+fp/hard\libm.a(libm_a-ef_pow.o)
 .rodata.bp     0x080092cc        0x8 C:/ST/STM32CubeIDE_2.0.0/STM32CubeIDE/plugins/com.st.stm32cube.ide.mcu.externaltools.gnu-tools-for-stm32.13.3.rel1.win32_1.0.100.202509120712/tools/bin/../lib/gcc/arm-none-eabi/13.3.1/../../../../arm-none-eabi/lib/thumb/v7e-m+fp/hard\libm.a(libm_a-ef_pow.o)
 .rodata.npio2_hw
                0x080092d4       0x80 C:/ST/STM32CubeIDE_2.0.0/STM32CubeIDE/plugins/com.st.stm32cube.ide.mcu.externaltools.gnu-tools-for-stm32.13.3.rel1.win32_1.0.100.202509120712/tools/bin/../lib/gcc/arm-none-eabi/13.3.1/../../../../arm-none-eabi/lib/thumb/v7e-m+fp/hard\libm.a(libm_a-ef_rem_pio2.o)
 .rodata.two_over_pi
                0x08009354      0x318 C:/ST/STM32CubeIDE_2.0.0/STM32CubeIDE/plugins/com.st.stm32cube.ide.mcu.externaltools.gnu-tools-for-stm32.13.3.rel1.win32_1.0.100.202509120712/tools/bin/../lib/gcc/arm-none-eabi/13.3.1/../../../../arm-none-eabi/lib/thumb/v7e-m+fp/hard\libm.a(libm_a-ef_rem_pio2.o)
 .rodata.PIo2   0x0800966c       0x2c C:/ST/STM32CubeIDE_2.0.0/STM32CubeIDE/plugins/com.st.stm32cube.ide.mcu.externaltools.gnu-tools-for-stm32.13.3.rel1.win32_1.0.100.202509120712/tools/bin/../lib/gcc/arm-none-eabi/13.3.1/../../../../arm-none-eabi/lib/thumb/v7e-m+fp/hard\libm.a(libm_a-kf_rem_pio2.o)
 .rodata.init_jk
                0x08009698        0xc C:/ST/STM32CubeIDE_2.0.0/STM32CubeIDE/plugins/com.st.stm32cube.ide.mcu.externaltools.gnu-tools-for-stm32.13.3.rel1.win32_1.0.100.202509120712/tools/bin/../lib/gcc/arm-none-eabi/13.3.1/../../../../arm-none-eabi/lib/thumb/v7e-m+fp/hard\libm.a(libm_a-kf_rem_pio2.o)
                0x080096a4                        . = ALIGN (0x4)

.ARM.extab      0x080096a4        0x0
                0x080096a4                        . = ALIGN (0x4)
 *(.ARM.extab* .gnu.linkonce.armextab.*)
                0x080096a4                        . = ALIGN (0x4)

.ARM            0x080096a4        0x8
                0x080096a4                        . = ALIGN (0x4)
                0x080096a4                        __exidx_start = .
 *(.ARM.exidx*)
 .ARM.exidx     0x080096a4        0x8 C:/ST/STM32CubeIDE_2.0.0/STM32CubeIDE/plugins/com.st.stm32cube.ide.mcu.externaltools.gnu-tools-for-stm32.13.3.rel1.win32_1.0.100.202509120712/tools/bin/../lib/gcc/arm-none-eabi/13.3.1/../../../../arm-none-eabi/lib/thumb/v7e-m+fp/hard\libc_nano.a(libc_a-strlen.o)
 .ARM.exidx     0x080096ac        0x0 C:/ST/STM32CubeIDE_2.0.0/STM32CubeIDE/plugins/com.st.stm32cube.ide.mcu.externaltools.gnu-tools-for-stm32.13.3.rel1.win32_1.0.100.202509120712/tools/bin/../lib/gcc/arm-none-eabi/13.3.1/thumb/v7e-m+fp/hard\libgcc.a(_udivmoddi4.o)
                                  0x8 (size before relaxing)
                0x080096ac                        __exidx_end = .
                0x080096ac                        . = ALIGN (0x4)

.preinit_array  0x080096ac        0x0
                0x080096ac                        . = ALIGN (0x4)
                0x080096ac                        PROVIDE (__preinit_array_start = .)
 *(.preinit_array*)
                0x080096ac                        PROVIDE (__preinit_array_end = .)
                0x080096ac                        . = ALIGN (0x4)

.init_array     0x080096ac        0x4
                0x080096ac                        . = ALIGN (0x4)
                0x080096ac                        PROVIDE (__init_array_start = .)
 *(SORT_BY_NAME(.init_array.*))
 *(.init_array*)
 .init_array    0x080096ac        0x4 C:/ST/STM32CubeIDE_2.0.0/STM32CubeIDE/plugins/com.st.stm32cube.ide.mcu.externaltools.gnu-tools-for-stm32.13.3.rel1.win32_1.0.100.202509120712/tools/bin/../lib/gcc/arm-none-eabi/13.3.1/thumb/v7e-m+fp/hard/crtbegin.o
                0x080096b0                        PROVIDE (__init_array_end = .)
                0x080096b0                        . = ALIGN (0x4)

.fini_array     0x080096b0        0x4
                0x080096b0                        . = ALIGN (0x4)
                [!provide]                        PROVIDE (__fini_array_start = .)
 *(SORT_BY_NAME(.fini_array.*))
 *(.fini_array*)
 .fini_array    0x080096b0        0x4 C:/ST/STM32CubeIDE_2.0.0/STM32CubeIDE/plugins/com.st.stm32cube.ide.mcu.externaltools.gnu-tools-for-stm32.13.3.rel1.win32_1.0.100.202509120712/tools/bin/../lib/gcc/arm-none-eabi/13.3.1/thumb/v7e-m+fp/hard/crtbegin.o
                [!provide]                        PROVIDE (__fini_array_end = .)
                0x080096b4                        . = ALIGN (0x4)
                0x080096b4                        _sidata = LOADADDR (.data)

.rel.dyn        0x080096b4        0x0
 .rel.iplt      0x080096b4        0x0 C:/ST/STM32CubeIDE_2.0.0/STM32CubeIDE/plugins/com.st.stm32cube.ide.mcu.externaltools.gnu-tools-for-stm32.13.3.rel1.win32_1.0.100.202509120712/tools/bin/../lib/gcc/arm-none-eabi/13.3.1/thumb/v7e-m+fp/hard/crtbegin.o

.data           0x20000000      0x28c load address 0x080096b4
                0x20000000                        . = ALIGN (0x4)
                0x20000000                        _sdata = .
 *(.data)
 *(.data*)
 .data.display_audio_buffer
                0x20000000      0x100 ./Core/Src/OLED.o
                0x20000000                display_audio_buffer
 .data.first_read
                0x20000100        0x1 ./Core/Src/app_main.o
 .data.last_mute_state
                0x20000101        0x1 ./Core/Src/button.o
 .data.last_bypass_state
                0x20000102        0x1 ./Core/Src/button.o
 *fill*         0x20000103        0x1 
 .data.smooth_delay_samples
                0x20000104        0x4 ./Core/Src/filter.o
 .data.smooth_hpf_freq
                0x20000108        0x4 ./Core/Src/filter.o
 .data.smooth_lpf_freq
                0x2000010c        0x4 ./Core/Src/filter.o
 .data.SystemCoreClock
                0x20000110        0x4 ./Core/Src/system_stm32f4xx.o
                0x20000110                SystemCoreClock
 .data.uwTickFreq
                0x20000114        0x1 ./Drivers/STM32F4xx_HAL_Driver/Src/stm32f4xx_hal.o
                0x20000114                uwTickFreq
 *fill*         0x20000115        0x3 
 .data.uwTickPrio
                0x20000118        0x4 ./Drivers/STM32F4xx_HAL_Driver/Src/stm32f4xx_hal.o
                0x20000118                uwTickPrio
 .data.USBD_AUDIO_DeviceQualifierDesc
                0x2000011c        0xa ./Middlewares/ST/STM32_USB_Device_Library/Class/AUDIO/Src/usbd_audio.o
 *fill*         0x20000126        0x2 
 .data.USBD_AUDIO_CfgDesc
                0x20000128       0x6d ./Middlewares/ST/STM32_USB_Device_Library/Class/AUDIO/Src/usbd_audio.o
 *fill*         0x20000195        0x3 
 .data.USBD_AUDIO
                0x20000198       0x38 ./Middlewares/ST/STM32_USB_Device_Library/Class/AUDIO/Src/usbd_audio.o
                0x20000198                USBD_AUDIO
 .data.USBD_AUDIO_fops_FS
                0x200001d0       0x1c ./USB_DEVICE/App/usbd_audio_if.o
                0x200001d0                USBD_AUDIO_fops_FS
 .data.USBD_StringSerial
                0x200001ec       0x1a ./USB_DEVICE/App/usbd_desc.o
                0x200001ec                USBD_StringSerial
 *fill*         0x20000206        0x2 
 .data.USBD_LangIDDesc
                0x20000208        0x4 ./USB_DEVICE/App/usbd_desc.o
                0x20000208                USBD_LangIDDesc
 .data.USBD_FS_DeviceDesc
                0x2000020c       0x12 ./USB_DEVICE/App/usbd_desc.o
                0x2000020c                USBD_FS_DeviceDesc
 *fill*         0x2000021e        0x2 
 .data.FS_Desc  0x20000220       0x1c ./USB_DEVICE/App/usbd_desc.o
                0x20000220                FS_Desc
 .data._impure_ptr
                0x2000023c        0x4 C:/ST/STM32CubeIDE_2.0.0/STM32CubeIDE/plugins/com.st.stm32cube.ide.mcu.externaltools.gnu-tools-for-stm32.13.3.rel1.win32_1.0.100.202509120712/tools/bin/../lib/gcc/arm-none-eabi/13.3.1/../../../../arm-none-eabi/lib/thumb/v7e-m+fp/hard\libc_nano.a(libc_a-impure.o)
                0x2000023c                _impure_ptr
 .data._impure_data
                0x20000240       0x4c C:/ST/STM32CubeIDE_2.0.0/STM32CubeIDE/plugins/com.st.stm32cube.ide.mcu.externaltools.gnu-tools-for-stm32.13.3.rel1.win32_1.0.100.202509120712/tools/bin/../lib/gcc/arm-none-eabi/13.3.1/../../../../arm-none-eabi/lib/thumb/v7e-m+fp/hard\libc_nano.a(libc_a-impure.o)
                0x20000240                _impure_data
 *(.RamFunc)
 *(.RamFunc*)
                0x2000028c                        . = ALIGN (0x4)
                0x2000028c                        _edata = .
                0x08009940                        _siccmram = LOADADDR (.ccmram)

.igot.plt       0x2000028c        0x0 load address 0x08009940
 .igot.plt      0x2000028c        0x0 C:/ST/STM32CubeIDE_2.0.0/STM32CubeIDE/plugins/com.st.stm32cube.ide.mcu.externaltools.gnu-tools-for-stm32.13.3.rel1.win32_1.0.100.202509120712/tools/bin/../lib/gcc/arm-none-eabi/13.3.1/thumb/v7e-m+fp/hard/crtbegin.o

.ccmram         0x10000000        0x0 load address 0x08009940
                0x10000000                        . = ALIGN (0x4)
                0x10000000                        _sccmram = .
 *(.ccmram)
 *(.ccmram*)
                0x10000000                        . = ALIGN (0x4)
                0x10000000                        _eccmram = .
                0x10000000                        . = ALIGN (0x4)

.bss            0x20000290    0x170c0
                0x20000290                        _sbss = .
                0x20000290                        __bss_start__ = _sbss
 *(.bss)
 .bss           0x20000290       0x1c C:/ST/STM32CubeIDE_2.0.0/STM32CubeIDE/plugins/com.st.stm32cube.ide.mcu.externaltools.gnu-tools-for-stm32.13.3.rel1.win32_1.0.100.202509120712/tools/bin/../lib/gcc/arm-none-eabi/13.3.1/thumb/v7e-m+fp/hard/crtbegin.o
 *(.bss*)
 .bss.scroll_index.0
                0x200002ac        0x1 ./Core/Src/OLED.o
 *fill*         0x200002ad        0x3 
 .bss.last_scroll_tick.1
                0x200002b0        0x4 ./Core/Src/OLED.o
 .bss.last_ui_tick.0
                0x200002b4        0x4 ./Core/Src/app_main.o
 .bss.last_pot_tick.1
                0x200002b8        0x4 ./Core/Src/app_main.o
 .bss.smooth_pot
                0x200002bc        0xc ./Core/Src/app_main.o
 .bss.pot_values
                0x200002c8        0xc ./Core/Src/app_main.o
                0x200002c8                pot_values
 .bss.app_filter_params
                0x200002d4       0x38 ./Core/Src/app_main.o
                0x200002d4                app_filter_params
 .bss.Audio_Tx_Buffer
                0x2000030c      0x300 ./Core/Src/audio_stream.o
                0x2000030c                Audio_Tx_Buffer
 .bss.ring_available_bytes
                0x2000060c        0x4 ./Core/Src/audio_stream.o
 .bss.ring_read_ptr
                0x20000610        0x4 ./Core/Src/audio_stream.o
 .bss.ring_write_ptr
                0x20000614        0x4 ./Core/Src/audio_stream.o
 .bss.Ring_Buffer
                0x20000618    0x10000 ./Core/Src/audio_stream.o
 .bss.is_muted  0x20010618        0x1 ./Core/Src/button.o
 .bss.is_bypassed
                0x20010619        0x1 ./Core/Src/button.o
 *fill*         0x2001061a        0x2 
 .bss.last_mute_press_time
                0x2001061c        0x4 ./Core/Src/button.o
 .bss.last_bypass_press_time
                0x20010620        0x4 ./Core/Src/button.o
 .bss.p_lfo     0x20010624        0x4 ./Core/Src/filter.o
 .bss.p_apf4_R  0x20010628        0x4 ./Core/Src/filter.o
 .bss.p_apf3_R  0x2001062c        0x4 ./Core/Src/filter.o
 .bss.p_apf2_R  0x20010630        0x4 ./Core/Src/filter.o
 .bss.p_apf1_R  0x20010634        0x4 ./Core/Src/filter.o
 .bss.p_apf4_L  0x20010638        0x4 ./Core/Src/filter.o
 .bss.p_apf3_L  0x2001063c        0x4 ./Core/Src/filter.o
 .bss.p_apf2_L  0x20010640        0x4 ./Core/Src/filter.o
 .bss.p_apf1_L  0x20010644        0x4 ./Core/Src/filter.o
 .bss.tape_lpf  0x20010648        0x4 ./Core/Src/filter.o
 .bss.delay_head
                0x2001064c        0x4 ./Core/Src/filter.o
 .bss.delay_line
                0x20010650     0x2000 ./Core/Src/filter.o
 .bss.hpf_band_R
                0x20012650        0x4 ./Core/Src/filter.o
 .bss.hpf_low_R
                0x20012654        0x4 ./Core/Src/filter.o
 .bss.hpf_band_L
                0x20012658        0x4 ./Core/Src/filter.o
 .bss.hpf_low_L
                0x2001265c        0x4 ./Core/Src/filter.o
 .bss.lpf_band_R
                0x20012660        0x4 ./Core/Src/filter.o
 .bss.lpf_low_R
                0x20012664        0x4 ./Core/Src/filter.o
 .bss.lpf_band_L
                0x20012668        0x4 ./Core/Src/filter.o
 .bss.lpf_low_L
                0x2001266c        0x4 ./Core/Src/filter.o
 .bss.ring_mod_phase
                0x20012670        0x4 ./Core/Src/filter.o
 .bss.current_params
                0x20012674       0x38 ./Core/Src/filter.o
 .bss.hdma_spi2_tx
                0x200126ac       0x60 ./Core/Src/main.o
                0x200126ac                hdma_spi2_tx
 .bss.hi2s2     0x2001270c       0x48 ./Core/Src/main.o
                0x2001270c                hi2s2
 .bss.hi2c3     0x20012754       0x54 ./Core/Src/main.o
                0x20012754                hi2c3
 .bss.hadc1     0x200127a8       0x48 ./Core/Src/main.o
                0x200127a8                hadc1
 .bss.SSD1306   0x200127f0        0x6 ./Core/Src/ssd1306.o
 *fill*         0x200127f6        0x2 
 .bss.SSD1306_Buffer
                0x200127f8      0x400 ./Core/Src/ssd1306.o
 .bss.uwTick    0x20012bf8        0x4 ./Drivers/STM32F4xx_HAL_Driver/Src/stm32f4xx_hal.o
                0x20012bf8                uwTick
 .bss.cfgidx.0  0x20012bfc        0x1 ./Middlewares/ST/STM32_USB_Device_Library/Core/Src/usbd_ctlreq.o
 *fill*         0x20012bfd        0x3 
 .bss.hUsbDeviceFS
                0x20012c00      0x2dc ./USB_DEVICE/App/usb_device.o
                0x20012c00                hUsbDeviceFS
 .bss.current_audio_state
                0x20012edc        0x1 ./USB_DEVICE/App/usbd_audio_if.o
 *fill*         0x20012edd        0x3 
 .bss.USBD_StrDesc
                0x20012ee0      0x200 ./USB_DEVICE/App/usbd_desc.o
                0x20012ee0                USBD_StrDesc
 .bss.mem.0     0x200130e0     0x3c54 ./USB_DEVICE/Target/usbd_conf.o
 .bss.hpcd_USB_OTG_FS
                0x20016d34      0x4e4 ./USB_DEVICE/Target/usbd_conf.o
                0x20016d34                hpcd_USB_OTG_FS
 .bss.__sf      0x20017218      0x138 C:/ST/STM32CubeIDE_2.0.0/STM32CubeIDE/plugins/com.st.stm32cube.ide.mcu.externaltools.gnu-tools-for-stm32.13.3.rel1.win32_1.0.100.202509120712/tools/bin/../lib/gcc/arm-none-eabi/13.3.1/../../../../arm-none-eabi/lib/thumb/v7e-m+fp/hard\libc_nano.a(libc_a-findfp.o)
                0x20017218                __sf
 *(COMMON)
                0x20017350                        . = ALIGN (0x4)
                0x20017350                        _ebss = .
                0x20017350                        __bss_end__ = _ebss

._user_heap_stack
                0x20017350     0x2000
                0x20017350                        . = ALIGN (0x8)
                [!provide]                        PROVIDE (end = .)
                0x20017350                        PROVIDE (_end = .)
                0x20018350                        . = (. + _Min_Heap_Size)
 *fill*         0x20017350     0x1000 
                0x20019350                        . = (. + _Min_Stack_Size)
 *fill*         0x20018350     0x1000 
                0x20019350                        . = ALIGN (0x8)

/DISCARD/
 libc.a(*)
 libm.a(*)
 libgcc.a(*)

.ARM.attributes
                0x00000000       0x30
 *(.ARM.attributes)
 .ARM.attributes
                0x00000000       0x22 C:/ST/STM32CubeIDE_2.0.0/STM32CubeIDE/plugins/com.st.stm32cube.ide.mcu.externaltools.gnu-tools-for-stm32.13.3.rel1.win32_1.0.100.202509120712/tools/bin/../lib/gcc/arm-none-eabi/13.3.1/thumb/v7e-m+fp/hard/crti.o
 .ARM.attributes
                0x00000022       0x34 C:/ST/STM32CubeIDE_2.0.0/STM32CubeIDE/plugins/com.st.stm32cube.ide.mcu.externaltools.gnu-tools-for-stm32.13.3.rel1.win32_1.0.100.202509120712/tools/bin/../lib/gcc/arm-none-eabi/13.3.1/thumb/v7e-m+fp/hard/crtbegin.o
 .ARM.attributes
                0x00000056       0x34 ./Core/Src/OLED.o
 .ARM.attributes
                0x0000008a       0x34 ./Core/Src/app_main.o
 .ARM.attributes
                0x000000be       0x34 ./Core/Src/audio_stream.o
 .ARM.attributes
                0x000000f2       0x34 ./Core/Src/button.o
 .ARM.attributes
                0x00000126       0x34 ./Core/Src/filter.o
 .ARM.attributes
                0x0000015a       0x34 ./Core/Src/main.o
 .ARM.attributes
                0x0000018e       0x34 ./Core/Src/ssd1306.o
 .ARM.attributes
                0x000001c2       0x34 ./Core/Src/ssd1306_fonts.o
 .ARM.attributes
                0x000001f6       0x34 ./Core/Src/stm32f4xx_hal_msp.o
 .ARM.attributes
                0x0000022a       0x34 ./Core/Src/stm32f4xx_it.o
 .ARM.attributes
                0x0000025e       0x34 ./Core/Src/system_stm32f4xx.o
 .ARM.attributes
                0x00000292       0x21 ./Core/Startup/startup_stm32f407vgtx.o
 .ARM.attributes
                0x000002b3       0x34 ./Drivers/STM32F4xx_HAL_Driver/Src/stm32f4xx_hal.o
 .ARM.attributes
                0x000002e7       0x34 ./Drivers/STM32F4xx_HAL_Driver/Src/stm32f4xx_hal_adc.o
 .ARM.attributes
                0x0000031b       0x34 ./Drivers/STM32F4xx_HAL_Driver/Src/stm32f4xx_hal_cortex.o
 .ARM.attributes
                0x0000034f       0x34 ./Drivers/STM32F4xx_HAL_Driver/Src/stm32f4xx_hal_dma.o
 .ARM.attributes
                0x00000383       0x34 ./Drivers/STM32F4xx_HAL_Driver/Src/stm32f4xx_hal_gpio.o
 .ARM.attributes
                0x000003b7       0x34 ./Drivers/STM32F4xx_HAL_Driver/Src/stm32f4xx_hal_i2c.o
 .ARM.attributes
                0x000003eb       0x34 ./Drivers/STM32F4xx_HAL_Driver/Src/stm32f4xx_hal_i2s.o
 .ARM.attributes
                0x0000041f       0x34 ./Drivers/STM32F4xx_HAL_Driver/Src/stm32f4xx_hal_i2s_ex.o
 .ARM.attributes
                0x00000453       0x34 ./Drivers/STM32F4xx_HAL_Driver/Src/stm32f4xx_hal_pcd.o
 .ARM.attributes
                0x00000487       0x34 ./Drivers/STM32F4xx_HAL_Driver/Src/stm32f4xx_hal_pcd_ex.o
 .ARM.attributes
                0x000004bb       0x34 ./Drivers/STM32F4xx_HAL_Driver/Src/stm32f4xx_hal_rcc.o
 .ARM.attributes
                0x000004ef       0x34 ./Drivers/STM32F4xx_HAL_Driver/Src/stm32f4xx_hal_rcc_ex.o
 .ARM.attributes
                0x00000523       0x34 ./Drivers/STM32F4xx_HAL_Driver/Src/stm32f4xx_ll_usb.o
 .ARM.attributes
                0x00000557       0x34 ./Middlewares/ST/STM32_USB_Device_Library/Class/AUDIO/Src/usbd_audio.o
 .ARM.attributes
                0x0000058b       0x34 ./Middlewares/ST/STM32_USB_Device_Library/Core/Src/usbd_core.o
 .ARM.attributes
                0x000005bf       0x34 ./Middlewares/ST/STM32_USB_Device_Library/Core/Src/usbd_ctlreq.o
 .ARM.attributes
                0x000005f3       0x34 ./Middlewares/ST/STM32_USB_Device_Library/Core/Src/usbd_ioreq.o
 .ARM.attributes
                0x00000627       0x34 ./USB_DEVICE/App/usb_device.o
 .ARM.attributes
                0x0000065b       0x34 ./USB_DEVICE/App/usbd_audio_if.o
 .ARM.attributes
                0x0000068f       0x34 ./USB_DEVICE/App/usbd_desc.o
 .ARM.attributes
                0x000006c3       0x34 ./USB_DEVICE/Target/usbd_conf.o
 .ARM.attributes
                0x000006f7       0x34 C:/ST/STM32CubeIDE_2.0.0/STM32CubeIDE/plugins/com.st.stm32cube.ide.mcu.externaltools.gnu-tools-for-stm32.13.3.rel1.win32_1.0.100.202509120712/tools/bin/../lib/gcc/arm-none-eabi/13.3.1/../../../../arm-none-eabi/lib/thumb/v7e-m+fp/hard\libc_nano.a(libc_a-findfp.o)
 .ARM.attributes
                0x0000072b       0x34 C:/ST/STM32CubeIDE_2.0.0/STM32CubeIDE/plugins/com.st.stm32cube.ide.mcu.externaltools.gnu-tools-for-stm32.13.3.rel1.win32_1.0.100.202509120712/tools/bin/../lib/gcc/arm-none-eabi/13.3.1/../../../../arm-none-eabi/lib/thumb/v7e-m+fp/hard\libc_nano.a(libc_a-memset.o)
 .ARM.attributes
                0x0000075f       0x34 C:/ST/STM32CubeIDE_2.0.0/STM32CubeIDE/plugins/com.st.stm32cube.ide.mcu.externaltools.gnu-tools-for-stm32.13.3.rel1.win32_1.0.100.202509120712/tools/bin/../lib/gcc/arm-none-eabi/13.3.1/../../../../arm-none-eabi/lib/thumb/v7e-m+fp/hard\libc_nano.a(libc_a-impure.o)
 .ARM.attributes
                0x00000793       0x34 C:/ST/STM32CubeIDE_2.0.0/STM32CubeIDE/plugins/com.st.stm32cube.ide.mcu.externaltools.gnu-tools-for-stm32.13.3.rel1.win32_1.0.100.202509120712/tools/bin/../lib/gcc/arm-none-eabi/13.3.1/../../../../arm-none-eabi/lib/thumb/v7e-m+fp/hard\libc_nano.a(libc_a-errno.o)
 .ARM.attributes
                0x000007c7       0x34 C:/ST/STM32CubeIDE_2.0.0/STM32CubeIDE/plugins/com.st.stm32cube.ide.mcu.externaltools.gnu-tools-for-stm32.13.3.rel1.win32_1.0.100.202509120712/tools/bin/../lib/gcc/arm-none-eabi/13.3.1/../../../../arm-none-eabi/lib/thumb/v7e-m+fp/hard\libc_nano.a(libc_a-init.o)
 .ARM.attributes
                0x000007fb       0x17 C:/ST/STM32CubeIDE_2.0.0/STM32CubeIDE/plugins/com.st.stm32cube.ide.mcu.externaltools.gnu-tools-for-stm32.13.3.rel1.win32_1.0.100.202509120712/tools/bin/../lib/gcc/arm-none-eabi/13.3.1/../../../../arm-none-eabi/lib/thumb/v7e-m+fp/hard\libc_nano.a(libc_a-strlen.o)
 .ARM.attributes
                0x00000812       0x34 C:/ST/STM32CubeIDE_2.0.0/STM32CubeIDE/plugins/com.st.stm32cube.ide.mcu.externaltools.gnu-tools-for-stm32.13.3.rel1.win32_1.0.100.202509120712/tools/bin/../lib/gcc/arm-none-eabi/13.3.1/../../../../arm-none-eabi/lib/thumb/v7e-m+fp/hard\libm.a(libm_a-wf_pow.o)
 .ARM.attributes
                0x00000846       0x34 C:/ST/STM32CubeIDE_2.0.0/STM32CubeIDE/plugins/com.st.stm32cube.ide.mcu.externaltools.gnu-tools-for-stm32.13.3.rel1.win32_1.0.100.202509120712/tools/bin/../lib/gcc/arm-none-eabi/13.3.1/../../../../arm-none-eabi/lib/thumb/v7e-m+fp/hard\libm.a(libm_a-sf_sin.o)
 .ARM.attributes
                0x0000087a       0x34 C:/ST/STM32CubeIDE_2.0.0/STM32CubeIDE/plugins/com.st.stm32cube.ide.mcu.externaltools.gnu-tools-for-stm32.13.3.rel1.win32_1.0.100.202509120712/tools/bin/../lib/gcc/arm-none-eabi/13.3.1/../../../../arm-none-eabi/lib/thumb/v7e-m+fp/hard\libm.a(libm_a-sf_finite.o)
 .ARM.attributes
                0x000008ae       0x34 C:/ST/STM32CubeIDE_2.0.0/STM32CubeIDE/plugins/com.st.stm32cube.ide.mcu.externaltools.gnu-tools-for-stm32.13.3.rel1.win32_1.0.100.202509120712/tools/bin/../lib/gcc/arm-none-eabi/13.3.1/../../../../arm-none-eabi/lib/thumb/v7e-m+fp/hard\libm.a(libm_a-sf_fmax.o)
 .ARM.attributes
                0x000008e2       0x34 C:/ST/STM32CubeIDE_2.0.0/STM32CubeIDE/plugins/com.st.stm32cube.ide.mcu.externaltools.gnu-tools-for-stm32.13.3.rel1.win32_1.0.100.202509120712/tools/bin/../lib/gcc/arm-none-eabi/13.3.1/../../../../arm-none-eabi/lib/thumb/v7e-m+fp/hard\libm.a(libm_a-sf_fmin.o)
 .ARM.attributes
                0x00000916       0x34 C:/ST/STM32CubeIDE_2.0.0/STM32CubeIDE/plugins/com.st.stm32cube.ide.mcu.externaltools.gnu-tools-for-stm32.13.3.rel1.win32_1.0.100.202509120712/tools/bin/../lib/gcc/arm-none-eabi/13.3.1/../../../../arm-none-eabi/lib/thumb/v7e-m+fp/hard\libm.a(libm_a-sf_fpclassify.o)
 .ARM.attributes
                0x0000094a       0x34 C:/ST/STM32CubeIDE_2.0.0/STM32CubeIDE/plugins/com.st.stm32cube.ide.mcu.externaltools.gnu-tools-for-stm32.13.3.rel1.win32_1.0.100.202509120712/tools/bin/../lib/gcc/arm-none-eabi/13.3.1/../../../../arm-none-eabi/lib/thumb/v7e-m+fp/hard\libm.a(libm_a-kf_cos.o)
 .ARM.attributes
                0x0000097e       0x34 C:/ST/STM32CubeIDE_2.0.0/STM32CubeIDE/plugins/com.st.stm32cube.ide.mcu.externaltools.gnu-tools-for-stm32.13.3.rel1.win32_1.0.100.202509120712/tools/bin/../lib/gcc/arm-none-eabi/13.3.1/../../../../arm-none-eabi/lib/thumb/v7e-m+fp/hard\libm.a(libm_a-kf_sin.o)
 .ARM.attributes
                0x000009b2       0x34 C:/ST/STM32CubeIDE_2.0.0/STM32CubeIDE/plugins/com.st.stm32cube.ide.mcu.externaltools.gnu-tools-for-stm32.13.3.rel1.win32_1.0.100.202509120712/tools/bin/../lib/gcc/arm-none-eabi/13.3.1/../../../../arm-none-eabi/lib/thumb/v7e-m+fp/hard\libm.a(libm_a-ef_pow.o)
 .ARM.attributes
                0x000009e6       0x34 C:/ST/STM32CubeIDE_2.0.0/STM32CubeIDE/plugins/com.st.stm32cube.ide.mcu.externaltools.gnu-tools-for-stm32.13.3.rel1.win32_1.0.100.202509120712/tools/bin/../lib/gcc/arm-none-eabi/13.3.1/../../../../arm-none-eabi/lib/thumb/v7e-m+fp/hard\libm.a(libm_a-ef_rem_pio2.o)
 .ARM.attributes
                0x00000a1a       0x34 C:/ST/STM32CubeIDE_2.0.0/STM32CubeIDE/plugins/com.st.stm32cube.ide.mcu.externaltools.gnu-tools-for-stm32.13.3.rel1.win32_1.0.100.202509120712/tools/bin/../lib/gcc/arm-none-eabi/13.3.1/../../../../arm-none-eabi/lib/thumb/v7e-m+fp/hard\libm.a(libm_a-sf_fabs.o)
 .ARM.attributes
                0x00000a4e       0x34 C:/ST/STM32CubeIDE_2.0.0/STM32CubeIDE/plugins/com.st.stm32cube.ide.mcu.externaltools.gnu-tools-for-stm32.13.3.rel1.win32_1.0.100.202509120712/tools/bin/../lib/gcc/arm-none-eabi/13.3.1/../../../../arm-none-eabi/lib/thumb/v7e-m+fp/hard\libm.a(libm_a-sf_scalbn.o)
 .ARM.attributes
                0x00000a82       0x34 C:/ST/STM32CubeIDE_2.0.0/STM32CubeIDE/plugins/com.st.stm32cube.ide.mcu.externaltools.gnu-tools-for-stm32.13.3.rel1.win32_1.0.100.202509120712/tools/bin/../lib/gcc/arm-none-eabi/13.3.1/../../../../arm-none-eabi/lib/thumb/v7e-m+fp/hard\libm.a(libm_a-math_errf.o)
 .ARM.attributes
                0x00000ab6       0x34 C:/ST/STM32CubeIDE_2.0.0/STM32CubeIDE/plugins/com.st.stm32cube.ide.mcu.externaltools.gnu-tools-for-stm32.13.3.rel1.win32_1.0.100.202509120712/tools/bin/../lib/gcc/arm-none-eabi/13.3.1/../../../../arm-none-eabi/lib/thumb/v7e-m+fp/hard\libm.a(libm_a-ef_sqrt.o)
 .ARM.attributes
                0x00000aea       0x34 C:/ST/STM32CubeIDE_2.0.0/STM32CubeIDE/plugins/com.st.stm32cube.ide.mcu.externaltools.gnu-tools-for-stm32.13.3.rel1.win32_1.0.100.202509120712/tools/bin/../lib/gcc/arm-none-eabi/13.3.1/../../../../arm-none-eabi/lib/thumb/v7e-m+fp/hard\libm.a(libm_a-kf_rem_pio2.o)
 .ARM.attributes
                0x00000b1e       0x34 C:/ST/STM32CubeIDE_2.0.0/STM32CubeIDE/plugins/com.st.stm32cube.ide.mcu.externaltools.gnu-tools-for-stm32.13.3.rel1.win32_1.0.100.202509120712/tools/bin/../lib/gcc/arm-none-eabi/13.3.1/../../../../arm-none-eabi/lib/thumb/v7e-m+fp/hard\libm.a(libm_a-sf_floor.o)
 .ARM.attributes
                0x00000b52       0x22 C:/ST/STM32CubeIDE_2.0.0/STM32CubeIDE/plugins/com.st.stm32cube.ide.mcu.externaltools.gnu-tools-for-stm32.13.3.rel1.win32_1.0.100.202509120712/tools/bin/../lib/gcc/arm-none-eabi/13.3.1/thumb/v7e-m+fp/hard\libgcc.a(_aeabi_uldivmod.o)
 .ARM.attributes
                0x00000b74       0x34 C:/ST/STM32CubeIDE_2.0.0/STM32CubeIDE/plugins/com.st.stm32cube.ide.mcu.externaltools.gnu-tools-for-stm32.13.3.rel1.win32_1.0.100.202509120712/tools/bin/../lib/gcc/arm-none-eabi/13.3.1/thumb/v7e-m+fp/hard\libgcc.a(_udivmoddi4.o)
 .ARM.attributes
                0x00000ba8       0x22 C:/ST/STM32CubeIDE_2.0.0/STM32CubeIDE/plugins/com.st.stm32cube.ide.mcu.externaltools.gnu-tools-for-stm32.13.3.rel1.win32_1.0.100.202509120712/tools/bin/../lib/gcc/arm-none-eabi/13.3.1/thumb/v7e-m+fp/hard\libgcc.a(_dvmd_tls.o)
 .ARM.attributes
                0x00000bca       0x22 C:/ST/STM32CubeIDE_2.0.0/STM32CubeIDE/plugins/com.st.stm32cube.ide.mcu.externaltools.gnu-tools-for-stm32.13.3.rel1.win32_1.0.100.202509120712/tools/bin/../lib/gcc/arm-none-eabi/13.3.1/thumb/v7e-m+fp/hard/crtn.o
OUTPUT(USB_Audio_Processor.elf elf32-littlearm)
LOAD linker stubs
LOAD C:/ST/STM32CubeIDE_2.0.0/STM32CubeIDE/plugins/com.st.stm32cube.ide.mcu.externaltools.gnu-tools-for-stm32.13.3.rel1.win32_1.0.100.202509120712/tools/bin/../lib/gcc/arm-none-eabi/13.3.1/../../../../arm-none-eabi/lib/thumb/v7e-m+fp/hard\libc.a
LOAD C:/ST/STM32CubeIDE_2.0.0/STM32CubeIDE/plugins/com.st.stm32cube.ide.mcu.externaltools.gnu-tools-for-stm32.13.3.rel1.win32_1.0.100.202509120712/tools/bin/../lib/gcc/arm-none-eabi/13.3.1/../../../../arm-none-eabi/lib/thumb/v7e-m+fp/hard\libm.a
LOAD C:/ST/STM32CubeIDE_2.0.0/STM32CubeIDE/plugins/com.st.stm32cube.ide.mcu.externaltools.gnu-tools-for-stm32.13.3.rel1.win32_1.0.100.202509120712/tools/bin/../lib/gcc/arm-none-eabi/13.3.1/thumb/v7e-m+fp/hard\libgcc.a

.debug_info     0x00000000    0x21310
 .debug_info    0x00000000      0xb07 ./Core/Src/OLED.o
 .debug_info    0x00000b07      0xfd7 ./Core/Src/app_main.o
 .debug_info    0x00001ade     0x102e ./Core/Src/audio_stream.o
 .debug_info    0x00002b0c      0x36e ./Core/Src/button.o
 .debug_info    0x00002e7a      0xcd6 ./Core/Src/filter.o
 .debug_info    0x00003b50     0x1741 ./Core/Src/main.o
 .debug_info    0x00005291     0x2d21 ./Core/Src/ssd1306.o
 .debug_info    0x00007fb2      0x2a4 ./Core/Src/ssd1306_fonts.o
 .debug_info    0x00008256     0x12a6 ./Core/Src/stm32f4xx_hal_msp.o
 .debug_info    0x000094fc      0x8af ./Core/Src/stm32f4xx_it.o
 .debug_info    0x00009dab      0x52b ./Core/Src/system_stm32f4xx.o
 .debug_info    0x0000a2d6       0x30 ./Core/Startup/startup_stm32f407vgtx.o
 .debug_info    0x0000a306      0xa1c ./Drivers/STM32F4xx_HAL_Driver/Src/stm32f4xx_hal.o
 .debug_info    0x0000ad22      0xe7c ./Drivers/STM32F4xx_HAL_Driver/Src/stm32f4xx_hal_adc.o
 .debug_info    0x0000bb9e     0x1023 ./Drivers/STM32F4xx_HAL_Driver/Src/stm32f4xx_hal_cortex.o
 .debug_info    0x0000cbc1      0xb2e ./Drivers/STM32F4xx_HAL_Driver/Src/stm32f4xx_hal_dma.o
 .debug_info    0x0000d6ef      0x70c ./Drivers/STM32F4xx_HAL_Driver/Src/stm32f4xx_hal_gpio.o
 .debug_info    0x0000ddfb     0x3ddb ./Drivers/STM32F4xx_HAL_Driver/Src/stm32f4xx_hal_i2c.o
 .debug_info    0x00011bd6     0x129a ./Drivers/STM32F4xx_HAL_Driver/Src/stm32f4xx_hal_i2s.o
 .debug_info    0x00012e70      0xe61 ./Drivers/STM32F4xx_HAL_Driver/Src/stm32f4xx_hal_i2s_ex.o
 .debug_info    0x00013cd1     0x1f51 ./Drivers/STM32F4xx_HAL_Driver/Src/stm32f4xx_hal_pcd.o
 .debug_info    0x00015c22      0x70b ./Drivers/STM32F4xx_HAL_Driver/Src/stm32f4xx_hal_pcd_ex.o
 .debug_info    0x0001632d      0xae5 ./Drivers/STM32F4xx_HAL_Driver/Src/stm32f4xx_hal_rcc.o
 .debug_info    0x00016e12      0x651 ./Drivers/STM32F4xx_HAL_Driver/Src/stm32f4xx_hal_rcc_ex.o
 .debug_info    0x00017463     0x2304 ./Drivers/STM32F4xx_HAL_Driver/Src/stm32f4xx_ll_usb.o
 .debug_info    0x00019767     0x11c4 ./Middlewares/ST/STM32_USB_Device_Library/Class/AUDIO/Src/usbd_audio.o
 .debug_info    0x0001a92b     0x1250 ./Middlewares/ST/STM32_USB_Device_Library/Core/Src/usbd_core.o
 .debug_info    0x0001bb7b     0x12de ./Middlewares/ST/STM32_USB_Device_Library/Core/Src/usbd_ctlreq.o
 .debug_info    0x0001ce59      0x8fa ./Middlewares/ST/STM32_USB_Device_Library/Core/Src/usbd_ioreq.o
 .debug_info    0x0001d753      0x804 ./USB_DEVICE/App/usb_device.o
 .debug_info    0x0001df57      0xa1c ./USB_DEVICE/App/usbd_audio_if.o
 .debug_info    0x0001e973      0x664 ./USB_DEVICE/App/usbd_desc.o
 .debug_info    0x0001efd7     0x2339 ./USB_DEVICE/Target/usbd_conf.o

.debug_abbrev   0x00000000     0x5d7f
 .debug_abbrev  0x00000000      0x290 ./Core/Src/OLED.o
 .debug_abbrev  0x00000290      0x37e ./Core/Src/app_main.o
 .debug_abbrev  0x0000060e      0x3a0 ./Core/Src/audio_stream.o
 .debug_abbrev  0x000009ae      0x1af ./Core/Src/button.o
 .debug_abbrev  0x00000b5d      0x216 ./Core/Src/filter.o
 .debug_abbrev  0x00000d73      0x374 ./Core/Src/main.o
 .debug_abbrev  0x000010e7      0x52c ./Core/Src/ssd1306.o
 .debug_abbrev  0x00001613       0xcf ./Core/Src/ssd1306_fonts.o
 .debug_abbrev  0x000016e2      0x26c ./Core/Src/stm32f4xx_hal_msp.o
 .debug_abbrev  0x0000194e      0x215 ./Core/Src/stm32f4xx_it.o
 .debug_abbrev  0x00001b63      0x120 ./Core/Src/system_stm32f4xx.o
 .debug_abbrev  0x00001c83       0x24 ./Core/Startup/startup_stm32f407vgtx.o
 .debug_abbrev  0x00001ca7      0x285 ./Drivers/STM32F4xx_HAL_Driver/Src/stm32f4xx_hal.o
 .debug_abbrev  0x00001f2c      0x2f2 ./Drivers/STM32F4xx_HAL_Driver/Src/stm32f4xx_hal_adc.o
 .debug_abbrev  0x0000221e      0x388 ./Drivers/STM32F4xx_HAL_Driver/Src/stm32f4xx_hal_cortex.o
 .debug_abbrev  0x000025a6      0x337 ./Drivers/STM32F4xx_HAL_Driver/Src/stm32f4xx_hal_dma.o
 .debug_abbrev  0x000028dd      0x215 ./Drivers/STM32F4xx_HAL_Driver/Src/stm32f4xx_hal_gpio.o
 .debug_abbrev  0x00002af2      0x470 ./Drivers/STM32F4xx_HAL_Driver/Src/stm32f4xx_hal_i2c.o
 .debug_abbrev  0x00002f62      0x30e ./Drivers/STM32F4xx_HAL_Driver/Src/stm32f4xx_hal_i2s.o
 .debug_abbrev  0x00003270      0x36e ./Drivers/STM32F4xx_HAL_Driver/Src/stm32f4xx_hal_i2s_ex.o
 .debug_abbrev  0x000035de      0x3d4 ./Drivers/STM32F4xx_HAL_Driver/Src/stm32f4xx_hal_pcd.o