Archive member included to satisfy reference by file (symbol)

C:/ST/STM32CubeIDE_2.0.0/STM32CubeIDE/plugins/com.st.stm32cube.ide.mcu.externaltools.gnu-tools-for-stm32.13.3.rel1.win32_1.0.100.202509120712/tools/bin/../lib/gcc/arm-none-eabi/13.3.1/../../../../arm-none-eabi/lib/thumb/v7e-m+fp/hard\libc_nano.a(libc_a-exit.o)
                              C:/ST/STM32CubeIDE_2.0.0/STM32CubeIDE/plugins/com.st.stm32cube.ide.mcu.externaltools.gnu-tools-for-stm32.13.3.rel1.win32_1.0.100.202509120712/tools/bin/../lib/gcc/arm-none-eabi/13.3.1/../../../../arm-none-eabi/lib/thumb/v7e-m+fp/hard/crt0.o (exit)
C:/ST/STM32CubeIDE_2.0.0/STM32CubeIDE/plugins/com.st.stm32cube.ide.mcu.externaltools.gnu-tools-for-stm32.13.3.rel1.win32_1.0.100.202509120712/tools/bin/../lib/gcc/arm-none-eabi/13.3.1/../../../../arm-none-eabi/lib/thumb/v7e-m+fp/hard\libc_nano.a(libc_a-findfp.o)
                              C:/ST/STM32CubeIDE_2.0.0/STM32CubeIDE/plugins/com.st.stm32cube.ide.mcu.externaltools.gnu-tools-for-stm32.13.3.rel1.win32_1.0.100.202509120712/tools/bin/../lib/gcc/arm-none-eabi/13.3.1/../../../../arm-none-eabi/lib/thumb/v7e-m+fp/hard\libc_nano.a(libc_a-exit.o) (__stdio_exit_handler)
C:/ST/STM32CubeIDE_2.0.0/STM32CubeIDE/plugins/com.st.stm32cube.ide.mcu.externaltools.gnu-tools-for-stm32.13.3.rel1.win32_1.0.100.202509120712/tools/bin/../lib/gcc/arm-none-eabi/13.3.1/../../../../arm-none-eabi/lib/thumb/v7e-m+fp/hard\libc_nano.a(libc_a-fwalk.o)
                              C:/ST/STM32CubeIDE_2.0.0/STM32CubeIDE/plugins/com.st.stm32cube.ide.mcu.externaltools.gnu-tools-for-stm32.13.3.rel1.win32_1.0.100.202509120712/tools/bin/../lib/gcc/arm-none-eabi/13.3.1/../../../../arm-none-eabi/lib/thumb/v7e-m+fp/hard\libc_nano.a(libc_a-findfp.o) (_fwalk_sglue)
C:/ST/STM32CubeIDE_2.0.0/STM32CubeIDE/plugins/com.st.stm32cube.ide.mcu.externaltools.gnu-tools-for-stm32.13.3.rel1.win32_1.0.100.202509120712/tools/bin/../lib/gcc/arm-none-eabi/13.3.1/../../../../arm-none-eabi/lib/thumb/v7e-m+fp/hard\libc_nano.a(libc_a-stdio.o)
                              C:/ST/STM32CubeIDE_2.0.0/STM32CubeIDE/plugins/com.st.stm32cube.ide.mcu.externaltools.gnu-tools-for-stm32.13.3.rel1.win32_1.0.100.202509120712/tools/bin/../lib/gcc/arm-none-eabi/13.3.1/../../../../arm-none-eabi/lib/thumb/v7e-m+fp/hard\libc_nano.a(libc_a-findfp.o) (__sread)
C:/ST/STM32CubeIDE_2.0.0/STM32CubeIDE/plugins/com.st.stm32cube.ide.mcu.externaltools.gnu-tools-for-stm32.13.3.rel1.win32_1.0.100.202509120712/tools/bin/../lib/gcc/arm-none-eabi/13.3.1/../../../../arm-none-eabi/lib/thumb/v7e-m+fp/hard\libc_nano.a(libc_a-memset.o)
                              C:/ST/STM32CubeIDE_2.0.0/STM32CubeIDE/plugins/com.st.stm32cube.ide.mcu.externaltools.gnu-tools-for-stm32.13.3.rel1.win32_1.0.100.202509120712/tools/bin/../lib/gcc/arm-none-eabi/13.3.1/../../../../arm-none-eabi/lib/thumb/v7e-m+fp/hard/crt0.o (memset)
C:/ST/STM32CubeIDE_2.0.0/STM32CubeIDE/plugins/com.st.stm32cube.ide.mcu.externaltools.gnu-tools-for-stm32.13.3.rel1.win32_1.0.100.202509120712/tools/bin/../lib/gcc/arm-none-eabi/13.3.1/../../../../arm-none-eabi/lib/thumb/v7e-m+fp/hard\libc_nano.a(libc_a-closer.o)
                              C:/ST/STM32CubeIDE_2.0.0/STM32CubeIDE/plugins/com.st.stm32cube.ide.mcu.externaltools.gnu-tools-for-stm32.13.3.rel1.win32_1.0.100.202509120712/tools/bin/../lib/gcc/arm-none-eabi/13.3.1/../../../../arm-none-eabi/lib/thumb/v7e-m+fp/hard\libc_nano.a(libc_a-stdio.o) (_close_r)
C:/ST/STM32CubeIDE_2.0.0/STM32CubeIDE/plugins/com.st.stm32cube.ide.mcu.externaltools.gnu-tools-for-stm32.13.3.rel1.win32_1.0.100.202509120712/tools/bin/../lib/gcc/arm-none-eabi/13.3.1/../../../../arm-none-eabi/lib/thumb/v7e-m+fp/hard\libc_nano.a(libc_a-reent.o)
                              C:/ST/STM32CubeIDE_2.0.0/STM32CubeIDE/plugins/com.st.stm32cube.ide.mcu.externaltools.gnu-tools-for-stm32.13.3.rel1.win32_1.0.100.202509120712/tools/bin/../lib/gcc/arm-none-eabi/13.3.1/../../../../arm-none-eabi/lib/thumb/v7e-m+fp/hard\libc_nano.a(libc_a-closer.o) (errno)
C:/ST/STM32CubeIDE_2.0.0/STM32CubeIDE/plugins/com.st.stm32cube.ide.mcu.externaltools.gnu-tools-for-stm32.13.3.rel1.win32_1.0.100.202509120712/tools/bin/../lib/gcc/arm-none-eabi/13.3.1/../../../../arm-none-eabi/lib/thumb/v7e-m+fp/hard\libc_nano.a(libc_a-impure.o)
                              C:/ST/STM32CubeIDE_2.0.0/STM32CubeIDE/plugins/com.st.stm32cube.ide.mcu.externaltools.gnu-tools-for-stm32.13.3.rel1.win32_1.0.100.202509120712/tools/bin/../lib/gcc/arm-none-eabi/13.3.1/../../../../arm-none-eabi/lib/thumb/v7e-m+fp/hard\libc_nano.a(libc_a-reent.o) (_impure_ptr)
C:/ST/STM32CubeIDE_2.0.0/STM32CubeIDE/plugins/com.st.stm32cube.ide.mcu.externaltools.gnu-tools-for-stm32.13.3.rel1.win32_1.0.100.202509120712/tools/bin/../lib/gcc/arm-none-eabi/13.3.1/../../../../arm-none-eabi/lib/thumb/v7e-m+fp/hard\libc_nano.a(libc_a-lseekr.o)
[...]
Memory Configuration

Name             Origin             Length             Attributes
CCMRAM           0x10000000         0x00010000         xrw
RAM              0x20000000         0x00020000         xrw
FLASH            0x08000000         0x00100000         xr
*default*        0x00000000         0xffffffff

Linker script and memory map

LOAD C:/ST/STM32CubeIDE_2.0.0/STM32CubeIDE/plugins/com.st.stm32cube.ide.mcu.externaltools.gnu-tools-for-stm32.13.3.rel1.win32_1.0.100.202509120712/tools/bin/../lib/gcc/arm-none-eabi/13.3.1/thumb/v7e-m+fp/hard/crti.o
LOAD C:/ST/STM32CubeIDE_2.0.0/STM32CubeIDE/plugins/com.st.stm32cube.ide.mcu.externaltools.gnu-tools-for-stm32.13.3.rel1.win32_1.0.100.202509120712/tools/bin/../lib/gcc/arm-none-eabi/13.3.1/thumb/v7e-m+fp/hard/crtbegin.o
LOAD C:/ST/STM32CubeIDE_2.0.0/STM32CubeIDE/plugins/com.st.stm32cube.ide.mcu.externaltools.gnu-tools-for-stm32.13.3.rel1.win32_1.0.100.202509120712/tools/bin/../lib/gcc/arm-none-eabi/13.3.1/../../../../arm-none-eabi/lib/thumb/v7e-m+fp/hard/crt0.o
LOAD ./Core/Src/app_main.o
LOAD ./Core/Src/audio_stream.o
LOAD ./Core/Src/button.o
LOAD ./Core/Src/filter.o
LOAD ./Core/Src/main.o
LOAD ./Core/Src/stm32f4xx_hal_msp.o
LOAD ./Core/Src/stm32f4xx_it.o
LOAD ./Core/Src/syscalls.o
LOAD ./Core/Src/sysmem.o
LOAD ./Core/Src/system_stm32f4xx.o
LOAD ./Core/Startup/startup_stm32f407vgtx.o
LOAD ./Drivers/STM32F4xx_HAL_Driver/Src/stm32f4xx_hal.o
LOAD ./Drivers/STM32F4xx_HAL_Driver/Src/stm32f4xx_hal_adc.o
LOAD ./Drivers/STM32F4xx_HAL_Driver/Src/stm32f4xx_hal_adc_ex.o
LOAD ./Drivers/STM32F4xx_HAL_Driver/Src/stm32f4xx_hal_cortex.o
LOAD ./Drivers/STM32F4xx_HAL_Driver/Src/stm32f4xx_hal_dma.o
LOAD ./Drivers/STM32F4xx_HAL_Driver/Src/stm32f4xx_hal_dma_ex.o
LOAD ./Drivers/STM32F4xx_HAL_Driver/Src/stm32f4xx_hal_exti.o
LOAD ./Drivers/STM32F4xx_HAL_Driver/Src/stm32f4xx_hal_flash.o
LOAD ./Drivers/STM32F4xx_HAL_Driver/Src/stm32f4xx_hal_flash_ex.o
LOAD ./Drivers/STM32F4xx_HAL_Driver/Src/stm32f4xx_hal_flash_ramfunc.o
LOAD ./Drivers/STM32F4xx_HAL_Driver/Src/stm32f4xx_hal_gpio.o
LOAD ./Drivers/STM32F4xx_HAL_Driver/Src/stm32f4xx_hal_i2s.o
LOAD ./Drivers/STM32F4xx_HAL_Driver/Src/stm32f4xx_hal_i2s_ex.o
LOAD ./Drivers/STM32F4xx_HAL_Driver/Src/stm32f4xx_hal_pcd.o
LOAD ./Drivers/STM32F4xx_HAL_Driver/Src/stm32f4xx_hal_pcd_ex.o
LOAD ./Drivers/STM32F4xx_HAL_Driver/Src/stm32f4xx_hal_pwr.o
LOAD ./Drivers/STM32F4xx_HAL_Driver/Src/stm32f4xx_hal_pwr_ex.o
LOAD ./Drivers/STM32F4xx_HAL_Driver/Src/stm32f4xx_hal_rcc.o
LOAD ./Drivers/STM32F4xx_HAL_Driver/Src/stm32f4xx_hal_rcc_ex.o
LOAD ./Drivers/STM32F4xx_HAL_Driver/Src/stm32f4xx_ll_usb.o
LOAD ./Middlewares/ST/STM32_USB_Device_Library/Class/AUDIO/Src/usbd_audio.o
LOAD ./Middlewares/ST/STM32_USB_Device_Library/Core/Src/usbd_core.o
LOAD ./Middlewares/ST/STM32_USB_Device_Library/Core/Src/usbd_ctlreq.o
LOAD ./Middlewares/ST/STM32_USB_Device_Library/Core/Src/usbd_ioreq.o
LOAD ./USB_DEVICE/App/usb_device.o
LOAD ./USB_DEVICE/App/usbd_audio_if.o
LOAD ./USB_DEVICE/App/usbd_desc.o
LOAD ./USB_DEVICE/Target/usbd_conf.o
START GROUP
LOAD C:/ST/STM32CubeIDE_2.0.0/STM32CubeIDE/plugins/com.st.stm32cube.ide.mcu.externaltools.gnu-tools-for-stm32.13.3.rel1.win32_1.0.100.202509120712/tools/bin/../lib/gcc/arm-none-eabi/13.3.1/../../../../arm-none-eabi/lib/thumb/v7e-m+fp/hard\libc_nano.a
LOAD C:/ST/STM32CubeIDE_2.0.0/STM32CubeIDE/plugins/com.st.stm32cube.ide.mcu.externaltools.gnu-tools-for-stm32.13.3.rel1.win32_1.0.100.202509120712/tools/bin/../lib/gcc/arm-none-eabi/13.3.1/../../../../arm-none-eabi/lib/thumb/v7e-m+fp/hard\libm.a
END GROUP
START GROUP
LOAD C:/ST/STM32CubeIDE_2.0.0/STM32CubeIDE/plugins/com.st.stm32cube.ide.mcu.externaltools.gnu-tools-for-stm32.13.3.rel1.win32_1.0.100.202509120712/tools/bin/../lib/gcc/arm-none-eabi/13.3.1/thumb/v7e-m+fp/hard\libgcc.a
LOAD C:/ST/STM32CubeIDE_2.0.0/STM32CubeIDE/plugins/com.st.stm32cube.ide.mcu.externaltools.gnu-tools-for-stm32.13.3.rel1.win32_1.0.100.202509120712/tools/bin/../lib/gcc/arm-none-eabi/13.3.1/../../../../arm-none-eabi/lib/thumb/v7e-m+fp/hard\libc_nano.a
END GROUP
START GROUP
LOAD C:/ST/STM32CubeIDE_2.0.0/STM32CubeIDE/plugins/com.st.stm32cube.ide.mcu.externaltools.gnu-tools-for-stm32.13.3.rel1.win32_1.0.100.202509120712/tools/bin/../lib/gcc/arm-none-eabi/13.3.1/thumb/v7e-m+fp/hard\libgcc.a
LOAD C:/ST/STM32CubeIDE_2.0.0/STM32CubeIDE/plugins/com.st.stm32cube.ide.mcu.externaltools.gnu-tools-for-stm32.13.3.rel1.win32_1.0.100.202509120712/tools/bin/../lib/gcc/arm-none-eabi/13.3.1/../../../../arm-none-eabi/lib/thumb/v7e-m+fp/hard\libc_nano.a
LOAD C:/ST/STM32CubeIDE_2.0.0/STM32CubeIDE/plugins/com.st.stm32cube.ide.mcu.externaltools.gnu-tools-for-stm32.13.3.rel1.win32_1.0.100.202509120712/tools/bin/../lib/gcc/arm-none-eabi/13.3.1/../../../../arm-none-eabi/lib/thumb/v7e-m+fp/hard\libnosys.a
END GROUP
START GROUP
LOAD C:/ST/STM32CubeIDE_2.0.0/STM32CubeIDE/plugins/com.st.stm32cube.ide.mcu.externaltools.gnu-tools-for-stm32.13.3.rel1.win32_1.0.100.202509120712/tools/bin/../lib/gcc/arm-none-eabi/13.3.1/thumb/v7e-m+fp/hard\libgcc.a
LOAD C:/ST/STM32CubeIDE_2.0.0/STM32CubeIDE/plugins/com.st.stm32cube.ide.mcu.externaltools.gnu-tools-for-stm32.13.3.rel1.win32_1.0.100.202509120712/tools/bin/../lib/gcc/arm-none-eabi/13.3.1/../../../../arm-none-eabi/lib/thumb/v7e-m+fp/hard\libc_nano.a
LOAD C:/ST/STM32CubeIDE_2.0.0/STM32CubeIDE/plugins/com.st.stm32cube.ide.mcu.externaltools.gnu-tools-for-stm32.13.3.rel1.win32_1.0.100.202509120712/tools/bin/../lib/gcc/arm-none-eabi/13.3.1/../../../../arm-none-eabi/lib/thumb/v7e-m+fp/hard\libnosys.a
END GROUP
LOAD C:/ST/STM32CubeIDE_2.0.0/STM32CubeIDE/plugins/com.st.stm32cube.ide.mcu.externaltools.gnu-tools-for-stm32.13.3.rel1.win32_1.0.100.202509120712/tools/bin/../lib/gcc/arm-none-eabi/13.3.1/thumb/v7e-m+fp/hard/crtend.o
LOAD C:/ST/STM32CubeIDE_2.0.0/STM32CubeIDE/plugins/com.st.stm32cube.ide.mcu.externaltools.gnu-tools-for-stm32.13.3.rel1.win32_1.0.100.202509120712/tools/bin/../lib/gcc/arm-none-eabi/13.3.1/thumb/v7e-m+fp/hard/crtn.o
                0x20020000                        _estack = (ORIGIN (RAM) + LENGTH (RAM))
                0x00001000                        _Min_Heap_Size = 0x1000
                0x00001000                        _Min_Stack_Size = 0x1000

.isr_vector     0x08000000      0x188
                0x08000000                        . = ALIGN (0x4)
 *(.isr_vector)
 .isr_vector    0x08000000      0x188 ./Core/Startup/startup_stm32f407vgtx.o
                0x08000000                g_pfnVectors
                0x08000188                        . = ALIGN (0x4)

.text           0x08000188     0x7528
                0x08000188                        . = ALIGN (0x4)
 *(.text)
 .text          0x08000188       0x40 C:/ST/STM32CubeIDE_2.0.0/STM32CubeIDE/plugins/com.st.stm32cube.ide.mcu.externaltools.gnu-tools-for-stm32.13.3.rel1.win32_1.0.100.202509120712/tools/bin/../lib/gcc/arm-none-eabi/13.3.1/thumb/v7e-m+fp/hard/crtbegin.o
 .text          0x080001c8       0x10 C:/ST/STM32CubeIDE_2.0.0/STM32CubeIDE/plugins/com.st.stm32cube.ide.mcu.externaltools.gnu-tools-for-stm32.13.3.rel1.win32_1.0.100.202509120712/tools/bin/../lib/gcc/arm-none-eabi/13.3.1/../../../../arm-none-eabi/lib/thumb/v7e-m+fp/hard\libc_nano.a(libc_a-strlen.o)
                0x080001c8                strlen
 .text          0x080001d8       0x30 C:/ST/STM32CubeIDE_2.0.0/STM32CubeIDE/plugins/com.st.stm32cube.ide.mcu.externaltools.gnu-tools-for-stm32.13.3.rel1.win32_1.0.100.202509120712/tools/bin/../lib/gcc/arm-none-eabi/13.3.1/thumb/v7e-m+fp/hard\libgcc.a(_aeabi_uldivmod.o)
                0x080001d8                __aeabi_uldivmod
 .text          0x08000208      0x2f8 C:/ST/STM32CubeIDE_2.0.0/STM32CubeIDE/plugins/com.st.stm32cube.ide.mcu.externaltools.gnu-tools-for-stm32.13.3.rel1.win32_1.0.100.202509120712/tools/bin/../lib/gcc/arm-none-eabi/13.3.1/thumb/v7e-m+fp/hard\libgcc.a(_udivmoddi4.o)
                0x08000208                __udivmoddi4
 .text          0x08000500        0x4 C:/ST/STM32CubeIDE_2.0.0/STM32CubeIDE/plugins/com.st.stm32cube.ide.mcu.externaltools.gnu-tools-for-stm32.13.3.rel1.win32_1.0.100.202509120712/tools/bin/../lib/gcc/arm-none-eabi/13.3.1/thumb/v7e-m+fp/hard\libgcc.a(_dvmd_tls.o)
                0x08000500                __aeabi_idiv0
                0x08000500                __aeabi_ldiv0
 *(.text*)
 .text.Pot_ReadAll
                0x08000504       0xb0 ./Core/Src/app_main.o
 .text.App_Init
                0x080005b4       0x6c ./Core/Src/app_main.o
                0x080005b4                App_Init
 .text.App_Loop
                0x08000620      0x19c ./Core/Src/app_main.o
                0x08000620                App_Loop
 .text.AudioStream_Init
                0x080007bc       0x40 ./Core/Src/audio_stream.o
                0x080007bc                AudioStream_Init
 .text.AudioStream_Start
                0x080007fc       0x14 ./Core/Src/audio_stream.o
                0x080007fc                AudioStream_Start
 .text.AudioStream_Reset
                0x08000810       0x40 ./Core/Src/audio_stream.o
                0x08000810                AudioStream_Reset
 .text.AudioStream_Write_USB_Packet
                0x08000850       0x48 ./Core/Src/audio_stream.o
                0x08000850                AudioStream_Write_USB_Packet
 .text.AudioStream_Is_Ready_To_Play
                0x08000898       0x14 ./Core/Src/audio_stream.o
                0x08000898                AudioStream_Is_Ready_To_Play
 .text.AudioStream_Process_Half_Transfer
                0x080008ac       0xac ./Core/Src/audio_stream.o
                0x080008ac                AudioStream_Process_Half_Transfer
 .text.AudioStream_Process_Full_Transfer
                0x08000958       0xac ./Core/Src/audio_stream.o
                0x08000958                AudioStream_Process_Full_Transfer
 .text.HAL_I2S_TxHalfCpltCallback
                0x08000a04       0x14 ./Core/Src/audio_stream.o
                0x08000a04                HAL_I2S_TxHalfCpltCallback
 .text.HAL_I2S_TxCpltCallback
                0x08000a18       0x14 ./Core/Src/audio_stream.o
                0x08000a18                HAL_I2S_TxCpltCallback
 .text.Buton_Init
                0x08000a2c       0x44 ./Core/Src/button.o
                0x08000a2c                Buton_Init
 .text.Get_Bypass_State
                0x08000a70        0xc ./Core/Src/button.o
                0x08000a70                Get_Bypass_State
 .text.Get_Mute_State
                0x08000a7c        0xc ./Core/Src/button.o
                0x08000a7c                Get_Mute_State
 .text.Button_Process
                0x08000a88       0x98 ./Core/Src/button.o
                0x08000a88                Button_Process
 .text.Filter_Init
                0x08000b20       0xe4 ./Core/Src/filter.o
                0x08000b20                Filter_Init
 .text.Filter_Set_Params
                0x08000c04       0x30 ./Core/Src/filter.o
                0x08000c04                Filter_Set_Params
 .text.Filter_Apply
                0x08000c34      0x6c8 ./Core/Src/filter.o
                0x08000c34                Filter_Apply
 .text.SystemClock_Config
                0x080012fc       0xa4 ./Core/Src/main.o
                0x080012fc                SystemClock_Config
 .text.startup.main
                0x080013a0      0x16c ./Core/Src/main.o
                0x080013a0                main
 .text.Error_Handler
                0x0800150c        0x4 ./Core/Src/main.o
                0x0800150c                Error_Handler
 .text.HAL_MspInit
                0x08001510       0x38 ./Core/Src/stm32f4xx_hal_msp.o
                0x08001510                HAL_MspInit
 .text.HAL_ADC_MspInit
                0x08001548       0xb8 ./Core/Src/stm32f4xx_hal_msp.o
                0x08001548                HAL_ADC_MspInit
 .text.HAL_I2S_MspInit
                0x08001600      0x104 ./Core/Src/stm32f4xx_hal_msp.o
                0x08001600                HAL_I2S_MspInit
 .text.NMI_Handler
                0x08001704        0x4 ./Core/Src/stm32f4xx_it.o
                0x08001704                NMI_Handler
 .text.HardFault_Handler
                0x08001708        0x4 ./Core/Src/stm32f4xx_it.o
                0x08001708                HardFault_Handler
 .text.MemManage_Handler
                0x0800170c        0x4 ./Core/Src/stm32f4xx_it.o
                0x0800170c                MemManage_Handler
 .text.BusFault_Handler
                0x08001710        0x4 ./Core/Src/stm32f4xx_it.o
                0x08001710                BusFault_Handler
 .text.UsageFault_Handler
                0x08001714        0x4 ./Core/Src/stm32f4xx_it.o
                0x08001714                UsageFault_Handler
 .text.SVC_Handler
                0x08001718        0x4 ./Core/Src/stm32f4xx_it.o
                0x08001718                SVC_Handler
 .text.DebugMon_Handler
                0x0800171c        0x4 ./Core/Src/stm32f4xx_it.o
                0x0800171c                DebugMon_Handler
 .text.PendSV_Handler
                0x08001720        0x4 ./Core/Src/stm32f4xx_it.o
                0x08001720                PendSV_Handler
 .text.SysTick_Handler
                0x08001724        0x4 ./Core/Src/stm32f4xx_it.o
                0x08001724                SysTick_Handler
 .text.DMA1_Stream4_IRQHandler
                0x08001728        0xc ./Core/Src/stm32f4xx_it.o
                0x08001728                DMA1_Stream4_IRQHandler
 .text.OTG_FS_IRQHandler
                0x08001734        0xc ./Core/Src/stm32f4xx_it.o
                0x08001734                OTG_FS_IRQHandler
 .text.SystemInit
                0x08001740       0x14 ./Core/Src/system_stm32f4xx.o
                0x08001740                SystemInit
 .text.Reset_Handler
                0x08001754       0x50 ./Core/Startup/startup_stm32f407vgtx.o
                0x08001754                Reset_Handler
 .text.Default_Handler
                0x080017a4        0x2 ./Core/Startup/startup_stm32f407vgtx.o
                0x080017a4                RTC_Alarm_IRQHandler
                0x080017a4                HASH_RNG_IRQHandler
                0x080017a4                EXTI2_IRQHandler
                0x080017a4                TIM8_CC_IRQHandler
                0x080017a4                TIM1_CC_IRQHandler
                0x080017a4                DMA2_Stream5_IRQHandler
                0x080017a4                DMA1_Stream5_IRQHandler
                0x080017a4                PVD_IRQHandler
                0x080017a4                SDIO_IRQHandler
                0x080017a4                TAMP_STAMP_IRQHandler
                0x080017a4                CAN2_RX1_IRQHandler
                0x080017a4                EXTI3_IRQHandler
                0x080017a4                TIM8_TRG_COM_TIM14_IRQHandler
                0x080017a4                TIM1_UP_TIM10_IRQHandler
                0x080017a4                TIM8_UP_TIM13_IRQHandler
                0x080017a4                I2C3_ER_IRQHandler
                0x080017a4                EXTI0_IRQHandler
                0x080017a4                I2C2_EV_IRQHandler
                0x080017a4                DMA1_Stream2_IRQHandler
                0x080017a4                CAN1_RX0_IRQHandler
                0x080017a4                FPU_IRQHandler
                0x080017a4                OTG_HS_WKUP_IRQHandler
                0x080017a4                CAN2_SCE_IRQHandler
                0x080017a4                DMA2_Stream2_IRQHandler
                0x080017a4                SPI1_IRQHandler
                0x080017a4                TIM6_DAC_IRQHandler
                0x080017a4                TIM1_BRK_TIM9_IRQHandler
                0x080017a4                DCMI_IRQHandler
                0x080017a4                CAN2_RX0_IRQHandler
                0x080017a4                DMA2_Stream3_IRQHandler
                0x080017a4                USART6_IRQHandler
                0x080017a4                USART3_IRQHandler
                0x080017a4                CAN1_RX1_IRQHandler
                0x080017a4                UART5_IRQHandler
                0x080017a4                DMA2_Stream0_IRQHandler
                0x080017a4                TIM4_IRQHandler
                0x080017a4                I2C1_EV_IRQHandler
                0x080017a4                DMA1_Stream6_IRQHandler
                0x080017a4                DMA1_Stream1_IRQHandler
                0x080017a4                UART4_IRQHandler
                0x080017a4                TIM3_IRQHandler
                0x080017a4                RCC_IRQHandler
                0x080017a4                TIM8_BRK_TIM12_IRQHandler
                0x080017a4                Default_Handler
                0x080017a4                EXTI15_10_IRQHandler
                0x080017a4                ADC_IRQHandler
                0x080017a4                DMA1_Stream7_IRQHandler
                0x080017a4                TIM7_IRQHandler
                0x080017a4                CAN2_TX_IRQHandler
                0x080017a4                TIM5_IRQHandler
                0x080017a4                DMA2_Stream7_IRQHandler
                0x080017a4                I2C3_EV_IRQHandler
                0x080017a4                EXTI9_5_IRQHandler
                0x080017a4                RTC_WKUP_IRQHandler
                0x080017a4                ETH_WKUP_IRQHandler
                0x080017a4                SPI2_IRQHandler
                0x080017a4                OTG_HS_EP1_IN_IRQHandler
                0x080017a4                DMA1_Stream0_IRQHandler
                0x080017a4                CAN1_TX_IRQHandler
                0x080017a4                EXTI4_IRQHandler
                0x080017a4                FSMC_IRQHandler
                0x080017a4                ETH_IRQHandler
                0x080017a4                OTG_HS_EP1_OUT_IRQHandler
                0x080017a4                WWDG_IRQHandler
                0x080017a4                TIM2_IRQHandler
                0x080017a4                OTG_FS_WKUP_IRQHandler
                0x080017a4                TIM1_TRG_COM_TIM11_IRQHandler
                0x080017a4                OTG_HS_IRQHandler
                0x080017a4                EXTI1_IRQHandler
                0x080017a4                USART2_IRQHandler
                0x080017a4                I2C2_ER_IRQHandler
                0x080017a4                DMA2_Stream1_IRQHandler
                0x080017a4                CAN1_SCE_IRQHandler
                0x080017a4                FLASH_IRQHandler
                0x080017a4                DMA2_Stream4_IRQHandler
                0x080017a4                USART1_IRQHandler
                0x080017a4                SPI3_IRQHandler
                0x080017a4                I2C1_ER_IRQHandler
                0x080017a4                DMA2_Stream6_IRQHandler
                0x080017a4                DMA1_Stream3_IRQHandler
 *fill*         0x080017a6        0x2 
 .text.HAL_InitTick
                0x080017a8       0x48 ./Drivers/STM32F4xx_HAL_Driver/Src/stm32f4xx_hal.o
                0x080017a8                HAL_InitTick
 .text.HAL_Init
                0x080017f0       0x34 ./Drivers/STM32F4xx_HAL_Driver/Src/stm32f4xx_hal.o
                0x080017f0                HAL_Init
 .text.HAL_IncTick
                0x08001824       0x18 ./Drivers/STM32F4xx_HAL_Driver/Src/stm32f4xx_hal.o
                0x08001824                HAL_IncTick
 .text.HAL_GetTick
                0x0800183c        0xc ./Drivers/STM32F4xx_HAL_Driver/Src/stm32f4xx_hal.o
                0x0800183c                HAL_GetTick
 .text.HAL_Delay
                0x08001848       0x24 ./Drivers/STM32F4xx_HAL_Driver/Src/stm32f4xx_hal.o
                0x08001848                HAL_Delay
 .text.HAL_ADC_Init
                0x0800186c      0x158 ./Drivers/STM32F4xx_HAL_Driver/Src/stm32f4xx_hal_adc.o
                0x0800186c                HAL_ADC_Init
 .text.HAL_ADC_Start
                0x080019c4      0x108 ./Drivers/STM32F4xx_HAL_Driver/Src/stm32f4xx_hal_adc.o
                0x080019c4                HAL_ADC_Start
 .text.HAL_ADC_Stop
                0x08001acc       0x38 ./Drivers/STM32F4xx_HAL_Driver/Src/stm32f4xx_hal_adc.o
                0x08001acc                HAL_ADC_Stop
 .text.HAL_ADC_PollForConversion
                0x08001b04       0xb4 ./Drivers/STM32F4xx_HAL_Driver/Src/stm32f4xx_hal_adc.o
                0x08001b04                HAL_ADC_PollForConversion
 .text.HAL_ADC_GetValue
                0x08001bb8        0x8 ./Drivers/STM32F4xx_HAL_Driver/Src/stm32f4xx_hal_adc.o
                0x08001bb8                HAL_ADC_GetValue
 .text.HAL_ADC_ConfigChannel
                0x08001bc0      0x150 ./Drivers/STM32F4xx_HAL_Driver/Src/stm32f4xx_hal_adc.o
                0x08001bc0                HAL_ADC_ConfigChannel
 .text.HAL_NVIC_SetPriorityGrouping
                0x08001d10       0x24 ./Drivers/STM32F4xx_HAL_Driver/Src/stm32f4xx_hal_cortex.o
                0x08001d10                HAL_NVIC_SetPriorityGrouping
 .text.HAL_NVIC_SetPriority
                0x08001d34       0x78 ./Drivers/STM32F4xx_HAL_Driver/Src/stm32f4xx_hal_cortex.o
                0x08001d34                HAL_NVIC_SetPriority
 .text.HAL_NVIC_EnableIRQ
                0x08001dac       0x1c ./Drivers/STM32F4xx_HAL_Driver/Src/stm32f4xx_hal_cortex.o
                0x08001dac                HAL_NVIC_EnableIRQ
 .text.HAL_NVIC_DisableIRQ
                0x08001dc8       0x24 ./Drivers/STM32F4xx_HAL_Driver/Src/stm32f4xx_hal_cortex.o
                0x08001dc8                HAL_NVIC_DisableIRQ
 .text.HAL_SYSTICK_Config
                0x08001dec       0x34 ./Drivers/STM32F4xx_HAL_Driver/Src/stm32f4xx_hal_cortex.o
                0x08001dec                HAL_SYSTICK_Config
 .text.HAL_DMA_Init
                0x08001e20      0x128 ./Drivers/STM32F4xx_HAL_Driver/Src/stm32f4xx_hal_dma.o
                0x08001e20                HAL_DMA_Init
 .text.HAL_DMA_Start_IT
                0x08001f48       0x78 ./Drivers/STM32F4xx_HAL_Driver/Src/stm32f4xx_hal_dma.o
                0x08001f48                HAL_DMA_Start_IT
 .text.HAL_DMA_IRQHandler
                0x08001fc0      0x1ac ./Drivers/STM32F4xx_HAL_Driver/Src/stm32f4xx_hal_dma.o
                0x08001fc0                HAL_DMA_IRQHandler
 .text.HAL_GPIO_Init
                0x0800216c      0x3d4 ./Drivers/STM32F4xx_HAL_Driver/Src/stm32f4xx_hal_gpio.o
                0x0800216c                HAL_GPIO_Init
 .text.HAL_GPIO_ReadPin
                0x08002540        0xc ./Drivers/STM32F4xx_HAL_Driver/Src/stm32f4xx_hal_gpio.o
                0x08002540                HAL_GPIO_ReadPin
 .text.HAL_GPIO_WritePin
                0x0800254c        0x8 ./Drivers/STM32F4xx_HAL_Driver/Src/stm32f4xx_hal_gpio.o
                0x0800254c                HAL_GPIO_WritePin
 .text.HAL_I2S_Init
                0x08002554      0x158 ./Drivers/STM32F4xx_HAL_Driver/Src/stm32f4xx_hal_i2s.o
                0x08002554                HAL_I2S_Init
 .text.HAL_I2S_Transmit_DMA
                0x080026ac       0xb8 ./Drivers/STM32F4xx_HAL_Driver/Src/stm32f4xx_hal_i2s.o
                0x080026ac                HAL_I2S_Transmit_DMA
 .text.I2S_DMATxHalfCplt
                0x08002764        0xc ./Drivers/STM32F4xx_HAL_Driver/Src/stm32f4xx_hal_i2s.o
 .text.I2S_DMATxCplt
                0x08002770       0x24 ./Drivers/STM32F4xx_HAL_Driver/Src/stm32f4xx_hal_i2s.o
 .text.HAL_I2S_RxCpltCallback
                0x08002794        0x4 ./Drivers/STM32F4xx_HAL_Driver/Src/stm32f4xx_hal_i2s.o
                0x08002794                HAL_I2S_RxCpltCallback
 .text.HAL_I2S_ErrorCallback
                0x08002798        0x4 ./Drivers/STM32F4xx_HAL_Driver/Src/stm32f4xx_hal_i2s.o
                0x08002798                HAL_I2S_ErrorCallback
 .text.I2S_IRQHandler
                0x0800279c      0x108 ./Drivers/STM32F4xx_HAL_Driver/Src/stm32f4xx_hal_i2s.o
 .text.I2S_DMAError
                0x080028a4       0x2c ./Drivers/STM32F4xx_HAL_Driver/Src/stm32f4xx_hal_i2s.o
 .text.HAL_I2SEx_TxRxCpltCallback
                0x080028d0        0x4 ./Drivers/STM32F4xx_HAL_Driver/Src/stm32f4xx_hal_i2s_ex.o
                0x080028d0                HAL_I2SEx_TxRxCpltCallback
 .text.HAL_I2SEx_FullDuplex_IRQHandler
                0x080028d4      0x25c ./Drivers/STM32F4xx_HAL_Driver/Src/stm32f4xx_hal_i2s_ex.o
                0x080028d4                HAL_I2SEx_FullDuplex_IRQHandler
 .text.HAL_PCD_Init
                0x08002b30      0x414 ./Drivers/STM32F4xx_HAL_Driver/Src/stm32f4xx_hal_pcd.o
                0x08002b30                HAL_PCD_Init
 .text.HAL_PCD_Start
                0x08002f44       0x44 ./Drivers/STM32F4xx_HAL_Driver/Src/stm32f4xx_hal_pcd.o
                0x08002f44                HAL_PCD_Start
 .text.HAL_PCD_IRQHandler
                0x08002f88      0xaf8 ./Drivers/STM32F4xx_HAL_Driver/Src/stm32f4xx_hal_pcd.o
                0x08002f88                HAL_PCD_IRQHandler
 .text.HAL_PCD_SetAddress
                0x08003a80       0x28 ./Drivers/STM32F4xx_HAL_Driver/Src/stm32f4xx_hal_pcd.o
                0x08003a80                HAL_PCD_SetAddress
 .text.HAL_PCD_EP_Open
                0x08003aa8       0x80 ./Drivers/STM32F4xx_HAL_Driver/Src/stm32f4xx_hal_pcd.o
                0x08003aa8                HAL_PCD_EP_Open
 .text.HAL_PCD_EP_Close
                0x08003b28       0x68 ./Drivers/STM32F4xx_HAL_Driver/Src/stm32f4xx_hal_pcd.o
                0x08003b28                HAL_PCD_EP_Close
 .text.HAL_PCD_EP_Receive
                0x08003b90       0x44 ./Drivers/STM32F4xx_HAL_Driver/Src/stm32f4xx_hal_pcd.o
                0x08003b90                HAL_PCD_EP_Receive
 .text.HAL_PCD_EP_GetRxCount
                0x08003bd4       0x14 ./Drivers/STM32F4xx_HAL_Driver/Src/stm32f4xx_hal_pcd.o
                0x08003bd4                HAL_PCD_EP_GetRxCount
 .text.HAL_PCD_EP_Transmit
                0x08003be8       0x48 ./Drivers/STM32F4xx_HAL_Driver/Src/stm32f4xx_hal_pcd.o
                0x08003be8                HAL_PCD_EP_Transmit
 .text.HAL_PCD_EP_SetStall
                0x08003c30       0x84 ./Drivers/STM32F4xx_HAL_Driver/Src/stm32f4xx_hal_pcd.o
                0x08003c30                HAL_PCD_EP_SetStall
 .text.HAL_PCD_EP_ClrStall
                0x08003cb4       0x70 ./Drivers/STM32F4xx_HAL_Driver/Src/stm32f4xx_hal_pcd.o
                0x08003cb4                HAL_PCD_EP_ClrStall
 .text.HAL_PCDEx_SetTxFiFo
                0x08003d24      0x104 ./Drivers/STM32F4xx_HAL_Driver/Src/stm32f4xx_hal_pcd_ex.o
                0x08003d24                HAL_PCDEx_SetTxFiFo
 .text.HAL_PCDEx_SetRxFiFo
                0x08003e28        0x8 ./Drivers/STM32F4xx_HAL_Driver/Src/stm32f4xx_hal_pcd_ex.o
                0x08003e28                HAL_PCDEx_SetRxFiFo
 .text.HAL_PCDEx_LPM_Callback
                0x08003e30        0x4 ./Drivers/STM32F4xx_HAL_Driver/Src/stm32f4xx_hal_pcd_ex.o
                0x08003e30                HAL_PCDEx_LPM_Callback
 .text.HAL_RCC_OscConfig
                0x08003e34      0x3c4 ./Drivers/STM32F4xx_HAL_Driver/Src/stm32f4xx_hal_rcc.o
                0x08003e34                HAL_RCC_OscConfig
 .text.HAL_RCC_GetSysClockFreq
                0x080041f8       0x68 ./Drivers/STM32F4xx_HAL_Driver/Src/stm32f4xx_hal_rcc.o
                0x080041f8                HAL_RCC_GetSysClockFreq
 .text.HAL_RCC_ClockConfig
                0x08004260      0x13c ./Drivers/STM32F4xx_HAL_Driver/Src/stm32f4xx_hal_rcc.o
                0x08004260                HAL_RCC_ClockConfig
 .text.HAL_RCC_GetHCLKFreq
                0x0800439c        0xc ./Drivers/STM32F4xx_HAL_Driver/Src/stm32f4xx_hal_rcc.o
                0x0800439c                HAL_RCC_GetHCLKFreq
 .text.HAL_RCCEx_PeriphCLKConfig
                0x080043a8      0x13c ./Drivers/STM32F4xx_HAL_Driver/Src/stm32f4xx_hal_rcc_ex.o
                0x080043a8                HAL_RCCEx_PeriphCLKConfig
 .text.HAL_RCCEx_GetPeriphCLKFreq
                0x080044e4       0x54 ./Drivers/STM32F4xx_HAL_Driver/Src/stm32f4xx_hal_rcc_ex.o
                0x080044e4                HAL_RCCEx_GetPeriphCLKFreq
 .text.USB_CoreInit
                0x08004538      0x128 ./Drivers/STM32F4xx_HAL_Driver/Src/stm32f4xx_ll_usb.o
                0x08004538                USB_CoreInit
 .text.USB_SetTurnaroundTime
                0x08004660       0xf4 ./Drivers/STM32F4xx_HAL_Driver/Src/stm32f4xx_ll_usb.o
                0x08004660                USB_SetTurnaroundTime
 .text.USB_EnableGlobalInt
                0x08004754       0x10 ./Drivers/STM32F4xx_HAL_Driver/Src/stm32f4xx_ll_usb.o
                0x08004754                USB_EnableGlobalInt
 .text.USB_DisableGlobalInt
                0x08004764       0x10 ./Drivers/STM32F4xx_HAL_Driver/Src/stm32f4xx_ll_usb.o
                0x08004764                USB_DisableGlobalInt
 .text.USB_SetCurrentMode
                0x08004774       0x70 ./Drivers/STM32F4xx_HAL_Driver/Src/stm32f4xx_ll_usb.o
                0x08004774                USB_SetCurrentMode
 .text.USB_DevInit
                0x080047e4      0x258 ./Drivers/STM32F4xx_HAL_Driver/Src/stm32f4xx_ll_usb.o
                0x080047e4                USB_DevInit
 .text.USB_FlushTxFifo
                0x08004a3c       0x50 ./Drivers/STM32F4xx_HAL_Driver/Src/stm32f4xx_ll_usb.o
                0x08004a3c                USB_FlushTxFifo
 .text.USB_GetDevSpeed
                0x08004a8c       0x18 ./Drivers/STM32F4xx_HAL_Driver/Src/stm32f4xx_ll_usb.o
                0x08004a8c                USB_GetDevSpeed
 .text.USB_ActivateEndpoint
                0x08004aa4       0x90 ./Drivers/STM32F4xx_HAL_Driver/Src/stm32f4xx_ll_usb.o
                0x08004aa4                USB_ActivateEndpoint
 .text.USB_DeactivateEndpoint
                0x08004b34       0xc4 ./Drivers/STM32F4xx_HAL_Driver/Src/stm32f4xx_ll_usb.o
                0x08004b34                USB_DeactivateEndpoint
 .text.USB_EPStartXfer
                0x08004bf8      0x22c ./Drivers/STM32F4xx_HAL_Driver/Src/stm32f4xx_ll_usb.o
                0x08004bf8                USB_EPStartXfer
 .text.USB_EPStopXfer
                0x08004e24       0x94 ./Drivers/STM32F4xx_HAL_Driver/Src/stm32f4xx_ll_usb.o
                0x08004e24                USB_EPStopXfer
 .text.USB_WritePacket
                0x08004eb8       0x2c ./Drivers/STM32F4xx_HAL_Driver/Src/stm32f4xx_ll_usb.o
                0x08004eb8                USB_WritePacket
 .text.USB_ReadPacket
                0x08004ee4       0x4c ./Drivers/STM32F4xx_HAL_Driver/Src/stm32f4xx_ll_usb.o
                0x08004ee4                USB_ReadPacket
 .text.USB_EPSetStall
                0x08004f30       0x5c ./Drivers/STM32F4xx_HAL_Driver/Src/stm32f4xx_ll_usb.o
                0x08004f30                USB_EPSetStall
 .text.USB_EPClearStall
                0x08004f8c       0x58 ./Drivers/STM32F4xx_HAL_Driver/Src/stm32f4xx_ll_usb.o
                0x08004f8c                USB_EPClearStall
 .text.USB_SetDevAddress
                0x08004fe4       0x20 ./Drivers/STM32F4xx_HAL_Driver/Src/stm32f4xx_ll_usb.o
                0x08004fe4                USB_SetDevAddress
 .text.USB_DevConnect
                0x08005004       0x20 ./Drivers/STM32F4xx_HAL_Driver/Src/stm32f4xx_ll_usb.o
                0x08005004                USB_DevConnect
 .text.USB_DevDisconnect
                0x08005024       0x20 ./Drivers/STM32F4xx_HAL_Driver/Src/stm32f4xx_ll_usb.o
                0x08005024                USB_DevDisconnect
 .text.USB_ReadInterrupts
                0x08005044        0x8 ./Drivers/STM32F4xx_HAL_Driver/Src/stm32f4xx_ll_usb.o
                0x08005044                USB_ReadInterrupts
 .text.USB_ReadDevAllOutEpInterrupt
                0x0800504c       0x10 ./Drivers/STM32F4xx_HAL_Driver/Src/stm32f4xx_ll_usb.o
                0x0800504c                USB_ReadDevAllOutEpInterrupt
 .text.USB_ReadDevAllInEpInterrupt
                0x0800505c       0x10 ./Drivers/STM32F4xx_HAL_Driver/Src/stm32f4xx_ll_usb.o
                0x0800505c                USB_ReadDevAllInEpInterrupt
 .text.USB_ReadDevOutEPInterrupt
                0x0800506c       0x14 ./Drivers/STM32F4xx_HAL_Driver/Src/stm32f4xx_ll_usb.o
                0x0800506c                USB_ReadDevOutEPInterrupt
 .text.USB_ReadDevInEPInterrupt
                0x08005080       0x20 ./Drivers/STM32F4xx_HAL_Driver/Src/stm32f4xx_ll_usb.o
                0x08005080                USB_ReadDevInEPInterrupt
 .text.USB_GetMode
                0x080050a0        0x8 ./Drivers/STM32F4xx_HAL_Driver/Src/stm32f4xx_ll_usb.o
                0x080050a0                USB_GetMode
 .text.USB_ActivateSetup
                0x080050a8       0x20 ./Drivers/STM32F4xx_HAL_Driver/Src/stm32f4xx_ll_usb.o
                0x080050a8                USB_ActivateSetup
 .text.USB_EP0_OutStart
                0x080050c8       0x50 ./Drivers/STM32F4xx_HAL_Driver/Src/stm32f4xx_ll_usb.o
                0x080050c8                USB_EP0_OutStart
 .text.USBD_AUDIO_GetCfgDesc
                0x08005118        0xc ./Middlewares/ST/STM32_USB_Device_Library/Class/AUDIO/Src/usbd_audio.o
 .text.USBD_AUDIO_DataIn
                0x08005124        0x4 ./Middlewares/ST/STM32_USB_Device_Library/Class/AUDIO/Src/usbd_audio.o
 .text.USBD_AUDIO_EP0_RxReady
                0x08005128       0x44 ./Middlewares/ST/STM32_USB_Device_Library/Class/AUDIO/Src/usbd_audio.o
 .text.USBD_AUDIO_EP0_TxReady
                0x0800516c        0x4 ./Middlewares/ST/STM32_USB_Device_Library/Class/AUDIO/Src/usbd_audio.o
 .text.USBD_AUDIO_GetDeviceQualifierDesc
                0x08005170        0xc ./Middlewares/ST/STM32_USB_Device_Library/Class/AUDIO/Src/usbd_audio.o
 .text.USBD_AUDIO_IsoOutIncomplete
                0x0800517c       0x28 ./Middlewares/ST/STM32_USB_Device_Library/Class/AUDIO/Src/usbd_audio.o
 .text.USBD_AUDIO_DataOut
                0x080051a4       0xb8 ./Middlewares/ST/STM32_USB_Device_Library/Class/AUDIO/Src/usbd_audio.o
 .text.USBD_AUDIO_Setup
                0x0800525c      0x154 ./Middlewares/ST/STM32_USB_Device_Library/Class/AUDIO/Src/usbd_audio.o
 .text.USBD_AUDIO_DeInit
                0x080053b0       0x4c ./Middlewares/ST/STM32_USB_Device_Library/Class/AUDIO/Src/usbd_audio.o
 .text.USBD_AUDIO_Init
                0x080053fc       0x8c ./Middlewares/ST/STM32_USB_Device_Library/Class/AUDIO/Src/usbd_audio.o
 .text.USBD_AUDIO_SOF
                0x08005488        0x4 ./Middlewares/ST/STM32_USB_Device_Library/Class/AUDIO/Src/usbd_audio.o
 .text.USBD_AUDIO_IsoINIncomplete
                0x0800548c        0x4 ./Middlewares/ST/STM32_USB_Device_Library/Class/AUDIO/Src/usbd_audio.o
 .text.USBD_AUDIO_Sync
                0x08005490       0x90 ./Middlewares/ST/STM32_USB_Device_Library/Class/AUDIO/Src/usbd_audio.o
                0x08005490                USBD_AUDIO_Sync
 .text.USBD_AUDIO_RegisterInterface
                0x08005520       0x18 ./Middlewares/ST/STM32_USB_Device_Library/Class/AUDIO/Src/usbd_audio.o
                0x08005520                USBD_AUDIO_RegisterInterface
 .text.USBD_Init
                0x08005538       0x28 ./Middlewares/ST/STM32_USB_Device_Library/Core/Src/usbd_core.o
                0x08005538                USBD_Init
 .text.USBD_RegisterClass
                0x08005560       0x38 ./Middlewares/ST/STM32_USB_Device_Library/Core/Src/usbd_core.o
                0x08005560                USBD_RegisterClass
 .text.USBD_Start
                0x08005598        0x4 ./Middlewares/ST/STM32_USB_Device_Library/Core/Src/usbd_core.o
                0x08005598                USBD_Start
 .text.USBD_SetClassConfig
                0x0800559c       0x10 ./Middlewares/ST/STM32_USB_Device_Library/Core/Src/usbd_core.o
                0x0800559c                USBD_SetClassConfig
 .text.USBD_ClrClassConfig
                0x080055ac       0x14 ./Middlewares/ST/STM32_USB_Device_Library/Core/Src/usbd_core.o
                0x080055ac                USBD_ClrClassConfig
 .text.USBD_LL_SetupStage
                0x080055c0       0x60 ./Middlewares/ST/STM32_USB_Device_Library/Core/Src/usbd_core.o
                0x080055c0                USBD_LL_SetupStage
 .text.USBD_LL_DataOutStage
                0x08005620       0x80 ./Middlewares/ST/STM32_USB_Device_Library/Core/Src/usbd_core.o
                0x08005620                USBD_LL_DataOutStage
 .text.USBD_LL_DataInStage
                0x080056a0       0xb4 ./Middlewares/ST/STM32_USB_Device_Library/Core/Src/usbd_core.o
                0x080056a0                USBD_LL_DataInStage
 .text.USBD_LL_Reset
                0x08005754       0x5c ./Middlewares/ST/STM32_USB_Device_Library/Core/Src/usbd_core.o
                0x08005754                USBD_LL_Reset
 .text.USBD_LL_SetSpeed
                0x080057b0        0x8 ./Middlewares/ST/STM32_USB_Device_Library/Core/Src/usbd_core.o
                0x080057b0                USBD_LL_SetSpeed
 .text.USBD_LL_Suspend
                0x080057b8       0x1c ./Middlewares/ST/STM32_USB_Device_Library/Core/Src/usbd_core.o
                0x080057b8                USBD_LL_Suspend
 .text.USBD_LL_Resume
                0x080057d4       0x18 ./Middlewares/ST/STM32_USB_Device_Library/Core/Src/usbd_core.o
                0x080057d4                USBD_LL_Resume
 .text.USBD_LL_SOF
                0x080057ec       0x20 ./Middlewares/ST/STM32_USB_Device_Library/Core/Src/usbd_core.o
                0x080057ec                USBD_LL_SOF
 .text.USBD_LL_IsoINIncomplete
                0x0800580c       0x2c ./Middlewares/ST/STM32_USB_Device_Library/Core/Src/usbd_core.o
                0x0800580c                USBD_LL_IsoINIncomplete
 .text.USBD_LL_IsoOUTIncomplete
                0x08005838       0x2c ./Middlewares/ST/STM32_USB_Device_Library/Core/Src/usbd_core.o
                0x08005838                USBD_LL_IsoOUTIncomplete
 .text.USBD_LL_DevConnected
                0x08005864        0x4 ./Middlewares/ST/STM32_USB_Device_Library/Core/Src/usbd_core.o
                0x08005864                USBD_LL_DevConnected
 .text.USBD_LL_DevDisconnected
                0x08005868       0x24 ./Middlewares/ST/STM32_USB_Device_Library/Core/Src/usbd_core.o
                0x08005868                USBD_LL_DevDisconnected
 .text.USBD_CoreFindIF
                0x0800588c        0x4 ./Middlewares/ST/STM32_USB_Device_Library/Core/Src/usbd_core.o
                0x0800588c                USBD_CoreFindIF
 .text.USBD_CoreFindEP
                0x08005890        0x4 ./Middlewares/ST/STM32_USB_Device_Library/Core/Src/usbd_core.o
                0x08005890                USBD_CoreFindEP
 .text.USBD_GetNextDesc
                0x08005894        0xc ./Middlewares/ST/STM32_USB_Device_Library/Core/Src/usbd_core.o
                0x08005894                USBD_GetNextDesc
 .text.USBD_StdDevReq
                0x080058a0      0x358 ./Middlewares/ST/STM32_USB_Device_Library/Core/Src/usbd_ctlreq.o
                0x080058a0                USBD_StdDevReq
 .text.USBD_StdItfReq
                0x08005bf8       0x80 ./Middlewares/ST/STM32_USB_Device_Library/Core/Src/usbd_ctlreq.o
                0x08005bf8                USBD_StdItfReq
 .text.USBD_StdEPReq
                0x08005c78      0x164 ./Middlewares/ST/STM32_USB_Device_Library/Core/Src/usbd_ctlreq.o
                0x08005c78                USBD_StdEPReq
 .text.USBD_ParseSetupRequest
                0x08005ddc       0x18 ./Middlewares/ST/STM32_USB_Device_Library/Core/Src/usbd_ctlreq.o
                0x08005ddc                USBD_ParseSetupRequest
 .text.USBD_CtlError
                0x08005df4       0x18 ./Middlewares/ST/STM32_USB_Device_Library/Core/Src/usbd_ctlreq.o
                0x08005df4                USBD_CtlError
 .text.USBD_GetString
                0x08005e0c       0x58 ./Middlewares/ST/STM32_USB_Device_Library/Core/Src/usbd_ctlreq.o
                0x08005e0c                USBD_GetString
 .text.USBD_CtlSendData
                0x08005e64       0x1c ./Middlewares/ST/STM32_USB_Device_Library/Core/Src/usbd_ioreq.o
                0x08005e64                USBD_CtlSendData
 .text.USBD_CtlContinueSendData
                0x08005e80       0x10 ./Middlewares/ST/STM32_USB_Device_Library/Core/Src/usbd_ioreq.o
                0x08005e80                USBD_CtlContinueSendData
 .text.USBD_CtlPrepareRx
                0x08005e90       0x20 ./Middlewares/ST/STM32_USB_Device_Library/Core/Src/usbd_ioreq.o
                0x08005e90                USBD_CtlPrepareRx
 .text.USBD_CtlContinueRx
                0x08005eb0       0x10 ./Middlewares/ST/STM32_USB_Device_Library/Core/Src/usbd_ioreq.o
                0x08005eb0                USBD_CtlContinueRx
 .text.USBD_CtlSendStatus
                0x08005ec0       0x18 ./Middlewares/ST/STM32_USB_Device_Library/Core/Src/usbd_ioreq.o
                0x08005ec0                USBD_CtlSendStatus
 .text.USBD_CtlReceiveStatus
                0x08005ed8       0x18 ./Middlewares/ST/STM32_USB_Device_Library/Core/Src/usbd_ioreq.o
                0x08005ed8                USBD_CtlReceiveStatus
 .text.MX_USB_DEVICE_Init
                0x08005ef0       0x74 ./USB_DEVICE/App/usb_device.o
                0x08005ef0                MX_USB_DEVICE_Init
 .text.AUDIO_DeInit_FS
                0x08005f64        0xc ./USB_DEVICE/App/usbd_audio_if.o
 .text.AUDIO_VolumeCtl_FS
                0x08005f70        0x4 ./USB_DEVICE/App/usbd_audio_if.o
 .text.AUDIO_GetState_FS
                0x08005f74        0x4 ./USB_DEVICE/App/usbd_audio_if.o
 .text.AUDIO_Init_FS
                0x08005f78       0x14 ./USB_DEVICE/App/usbd_audio_if.o
 .text.AUDIO_PeriodicTC_FS
                0x08005f8c       0x28 ./USB_DEVICE/App/usbd_audio_if.o
 .text.AUDIO_AudioCmd_FS
                0x08005fb4       0x3c ./USB_DEVICE/App/usbd_audio_if.o
 .text.AUDIO_MuteCtl_FS
                0x08005ff0        0x4 ./USB_DEVICE/App/usbd_audio_if.o
 .text.USBD_FS_DeviceDescriptor
                0x08005ff4        0xc ./USB_DEVICE/App/usbd_desc.o
                0x08005ff4                USBD_FS_DeviceDescriptor
 .text.USBD_FS_LangIDStrDescriptor
                0x08006000        0xc ./USB_DEVICE/App/usbd_desc.o
                0x08006000                USBD_FS_LangIDStrDescriptor
 .text.USBD_FS_ManufacturerStrDescriptor
                0x0800600c       0x1c ./USB_DEVICE/App/usbd_desc.o
                0x0800600c                USBD_FS_ManufacturerStrDescriptor
 .text.USBD_FS_ProductStrDescriptor
                0x08006028       0x1c ./USB_DEVICE/App/usbd_desc.o
                0x08006028                USBD_FS_ProductStrDescriptor
 .text.USBD_FS_ConfigStrDescriptor
                0x08006044       0x1c ./USB_DEVICE/App/usbd_desc.o
                0x08006044                USBD_FS_ConfigStrDescriptor
 .text.USBD_FS_InterfaceStrDescriptor
                0x08006060       0x1c ./USB_DEVICE/App/usbd_desc.o
                0x08006060                USBD_FS_InterfaceStrDescriptor
 .text.USBD_FS_SerialStrDescriptor
                0x0800607c      0x150 ./USB_DEVICE/App/usbd_desc.o
                0x0800607c                USBD_FS_SerialStrDescriptor
 .text.HAL_PCD_MspInit
                0x080061cc       0x84 ./USB_DEVICE/Target/usbd_conf.o
                0x080061cc                HAL_PCD_MspInit
 .text.HAL_PCD_SetupStageCallback
                0x08006250        0xc ./USB_DEVICE/Target/usbd_conf.o
                0x08006250                HAL_PCD_SetupStageCallback
 .text.HAL_PCD_DataOutStageCallback
                0x0800625c       0x14 ./USB_DEVICE/Target/usbd_conf.o
                0x0800625c                HAL_PCD_DataOutStageCallback
 .text.HAL_PCD_DataInStageCallback
                0x08006270       0x14 ./USB_DEVICE/Target/usbd_conf.o
                0x08006270                HAL_PCD_DataInStageCallback
 .text.HAL_PCD_SOFCallback
                0x08006284        0x8 ./USB_DEVICE/Target/usbd_conf.o
                0x08006284                HAL_PCD_SOFCallback
 .text.HAL_PCD_ResetCallback
                0x0800628c       0x2c ./USB_DEVICE/Target/usbd_conf.o
                0x0800628c                HAL_PCD_ResetCallback
 .text.HAL_PCD_SuspendCallback
                0x080062b8       0x30 ./USB_DEVICE/Target/usbd_conf.o
                0x080062b8                HAL_PCD_SuspendCallback
 .text.HAL_PCD_ResumeCallback
                0x080062e8        0x8 ./USB_DEVICE/Target/usbd_conf.o
                0x080062e8                HAL_PCD_ResumeCallback
 .text.HAL_PCD_ISOOUTIncompleteCallback
                0x080062f0        0x8 ./USB_DEVICE/Target/usbd_conf.o
                0x080062f0                HAL_PCD_ISOOUTIncompleteCallback
 .text.HAL_PCD_ISOINIncompleteCallback
                0x080062f8        0x8 ./USB_DEVICE/Target/usbd_conf.o
                0x080062f8                HAL_PCD_ISOINIncompleteCallback
 .text.HAL_PCD_ConnectCallback
                0x08006300        0x8 ./USB_DEVICE/Target/usbd_conf.o
                0x08006300                HAL_PCD_ConnectCallback
 .text.HAL_PCD_DisconnectCallback
                0x08006308        0x8 ./USB_DEVICE/Target/usbd_conf.o
                0x08006308                HAL_PCD_DisconnectCallback
 .text.USBD_LL_Init
                0x08006310       0x64 ./USB_DEVICE/Target/usbd_conf.o
                0x08006310                USBD_LL_Init
 .text.USBD_LL_Start
                0x08006374       0x18 ./USB_DEVICE/Target/usbd_conf.o
                0x08006374                USBD_LL_Start
 .text.USBD_LL_OpenEP
                0x0800638c       0x1c ./USB_DEVICE/Target/usbd_conf.o
                0x0800638c                USBD_LL_OpenEP
 .text.USBD_LL_CloseEP
                0x080063a8       0x18 ./USB_DEVICE/Target/usbd_conf.o
                0x080063a8                USBD_LL_CloseEP
 .text.USBD_LL_StallEP
                0x080063c0       0x18 ./USB_DEVICE/Target/usbd_conf.o
                0x080063c0                USBD_LL_StallEP
 .text.USBD_LL_ClearStallEP
                0x080063d8       0x18 ./USB_DEVICE/Target/usbd_conf.o
                0x080063d8                USBD_LL_ClearStallEP
 .text.USBD_LL_IsStallEP
                0x080063f0       0x28 ./USB_DEVICE/Target/usbd_conf.o
                0x080063f0                USBD_LL_IsStallEP
 .text.USBD_LL_SetUSBAddress
                0x08006418       0x18 ./USB_DEVICE/Target/usbd_conf.o
                0x08006418                USBD_LL_SetUSBAddress
 .text.USBD_LL_Transmit
                0x08006430       0x18 ./USB_DEVICE/Target/usbd_conf.o
                0x08006430                USBD_LL_Transmit
 .text.USBD_LL_PrepareReceive
                0x08006448       0x18 ./USB_DEVICE/Target/usbd_conf.o
                0x08006448                USBD_LL_PrepareReceive
 .text.USBD_LL_GetRxDataSize
                0x08006460        0x8 ./USB_DEVICE/Target/usbd_conf.o
                0x08006460                USBD_LL_GetRxDataSize
 .text.USBD_static_malloc
                0x08006468        0x8 ./USB_DEVICE/Target/usbd_conf.o
                0x08006468                USBD_static_malloc
 .text.USBD_static_free
                0x08006470        0x4 ./USB_DEVICE/Target/usbd_conf.o
                0x08006470                USBD_static_free
 .text.memset   0x08006474       0x10 C:/ST/STM32CubeIDE_2.0.0/STM32CubeIDE/plugins/com.st.stm32cube.ide.mcu.externaltools.gnu-tools-for-stm32.13.3.rel1.win32_1.0.100.202509120712/tools/bin/../lib/gcc/arm-none-eabi/13.3.1/../../../../arm-none-eabi/lib/thumb/v7e-m+fp/hard\libc_nano.a(libc_a-memset.o)
                0x08006474                memset
 .text.__errno  0x08006484        0xc C:/ST/STM32CubeIDE_2.0.0/STM32CubeIDE/plugins/com.st.stm32cube.ide.mcu.externaltools.gnu-tools-for-stm32.13.3.rel1.win32_1.0.100.202509120712/tools/bin/../lib/gcc/arm-none-eabi/13.3.1/../../../../arm-none-eabi/lib/thumb/v7e-m+fp/hard\libc_nano.a(libc_a-errno.o)
                0x08006484                __errno
 .text.__libc_init_array
                0x08006490       0x48 C:/ST/STM32CubeIDE_2.0.0/STM32CubeIDE/plugins/com.st.stm32cube.ide.mcu.externaltools.gnu-tools-for-stm32.13.3.rel1.win32_1.0.100.202509120712/tools/bin/../lib/gcc/arm-none-eabi/13.3.1/../../../../arm-none-eabi/lib/thumb/v7e-m+fp/hard\libc_nano.a(libc_a-init.o)
                0x08006490                __libc_init_array
 .text.powf     0x080064d8       0xae C:/ST/STM32CubeIDE_2.0.0/STM32CubeIDE/plugins/com.st.stm32cube.ide.mcu.externaltools.gnu-tools-for-stm32.13.3.rel1.win32_1.0.100.202509120712/tools/bin/../lib/gcc/arm-none-eabi/13.3.1/../../../../arm-none-eabi/lib/thumb/v7e-m+fp/hard\libm.a(libm_a-wf_pow.o)
                0x080064d8                powf
 *fill*         0x08006586        0x2 
 .text.sinf     0x08006588       0x8c C:/ST/STM32CubeIDE_2.0.0/STM32CubeIDE/plugins/com.st.stm32cube.ide.mcu.externaltools.gnu-tools-for-stm32.13.3.rel1.win32_1.0.100.202509120712/tools/bin/../lib/gcc/arm-none-eabi/13.3.1/../../../../arm-none-eabi/lib/thumb/v7e-m+fp/hard\libm.a(libm_a-sf_sin.o)
                0x08006588                sinf
 .text.finitef  0x08006614       0x14 C:/ST/STM32CubeIDE_2.0.0/STM32CubeIDE/plugins/com.st.stm32cube.ide.mcu.externaltools.gnu-tools-for-stm32.13.3.rel1.win32_1.0.100.202509120712/tools/bin/../lib/gcc/arm-none-eabi/13.3.1/../../../../arm-none-eabi/lib/thumb/v7e-m+fp/hard\libm.a(libm_a-sf_finite.o)
                0x08006614                finitef
 .text.fmaxf    0x08006628       0x3a C:/ST/STM32CubeIDE_2.0.0/STM32CubeIDE/plugins/com.st.stm32cube.ide.mcu.externaltools.gnu-tools-for-stm32.13.3.rel1.win32_1.0.100.202509120712/tools/bin/../lib/gcc/arm-none-eabi/13.3.1/../../../../arm-none-eabi/lib/thumb/v7e-m+fp/hard\libm.a(libm_a-sf_fmax.o)
                0x08006628                fmaxf
 .text.fminf    0x08006662       0x3a C:/ST/STM32CubeIDE_2.0.0/STM32CubeIDE/plugins/com.st.stm32cube.ide.mcu.externaltools.gnu-tools-for-stm32.13.3.rel1.win32_1.0.100.202509120712/tools/bin/../lib/gcc/arm-none-eabi/13.3.1/../../../../arm-none-eabi/lib/thumb/v7e-m+fp/hard\libm.a(libm_a-sf_fmin.o)
                0x08006662                fminf
 .text.__fpclassifyf
                0x0800669c       0x38 C:/ST/STM32CubeIDE_2.0.0/STM32CubeIDE/plugins/com.st.stm32cube.ide.mcu.externaltools.gnu-tools-for-stm32.13.3.rel1.win32_1.0.100.202509120712/tools/bin/../lib/gcc/arm-none-eabi/13.3.1/../../../../arm-none-eabi/lib/thumb/v7e-m+fp/hard\libm.a(libm_a-sf_fpclassify.o)
                0x0800669c                __fpclassifyf
 .text.__kernel_cosf
                0x080066d4       0xb0 C:/ST/STM32CubeIDE_2.0.0/STM32CubeIDE/plugins/com.st.stm32cube.ide.mcu.externaltools.gnu-tools-for-stm32.13.3.rel1.win32_1.0.100.202509120712/tools/bin/../lib/gcc/arm-none-eabi/13.3.1/../../../../arm-none-eabi/lib/thumb/v7e-m+fp/hard\libm.a(libm_a-kf_cos.o)
                0x080066d4                __kernel_cosf
 .text.__kernel_sinf
                0x08006784       0x90 C:/ST/STM32CubeIDE_2.0.0/STM32CubeIDE/plugins/com.st.stm32cube.ide.mcu.externaltools.gnu-tools-for-stm32.13.3.rel1.win32_1.0.100.202509120712/tools/bin/../lib/gcc/arm-none-eabi/13.3.1/../../../../arm-none-eabi/lib/thumb/v7e-m+fp/hard\libm.a(libm_a-kf_sin.o)
                0x08006784                __kernel_sinf
 .text.__ieee754_powf
                0x08006814      0x59c C:/ST/STM32CubeIDE_2.0.0/STM32CubeIDE/plugins/com.st.stm32cube.ide.mcu.externaltools.gnu-tools-for-stm32.13.3.rel1.win32_1.0.100.202509120712/tools/bin/../lib/gcc/arm-none-eabi/13.3.1/../../../../arm-none-eabi/lib/thumb/v7e-m+fp/hard\libm.a(libm_a-ef_pow.o)
                0x08006814                __ieee754_powf
 .text.__ieee754_rem_pio2f
                0x08006db0      0x260 C:/ST/STM32CubeIDE_2.0.0/STM32CubeIDE/plugins/com.st.stm32cube.ide.mcu.externaltools.gnu-tools-for-stm32.13.3.rel1.win32_1.0.100.202509120712/tools/bin/../lib/gcc/arm-none-eabi/13.3.1/../../../../arm-none-eabi/lib/thumb/v7e-m+fp/hard\libm.a(libm_a-ef_rem_pio2.o)
                0x08006db0                __ieee754_rem_pio2f
 .text.fabsf    0x08007010        0xe C:/ST/STM32CubeIDE_2.0.0/STM32CubeIDE/plugins/com.st.stm32cube.ide.mcu.externaltools.gnu-tools-for-stm32.13.3.rel1.win32_1.0.100.202509120712/tools/bin/../lib/gcc/arm-none-eabi/13.3.1/../../../../arm-none-eabi/lib/thumb/v7e-m+fp/hard\libm.a(libm_a-sf_fabs.o)
                0x08007010                fabsf
 *fill*         0x0800701e        0x2 
 .text.scalbnf  0x08007020       0xcc C:/ST/STM32CubeIDE_2.0.0/STM32CubeIDE/plugins/com.st.stm32cube.ide.mcu.externaltools.gnu-tools-for-stm32.13.3.rel1.win32_1.0.100.202509120712/tools/bin/../lib/gcc/arm-none-eabi/13.3.1/../../../../arm-none-eabi/lib/thumb/v7e-m+fp/hard\libm.a(libm_a-sf_scalbn.o)
                0x08007020                scalbnf
 .text.with_errnof
                0x080070ec       0x1c C:/ST/STM32CubeIDE_2.0.0/STM32CubeIDE/plugins/com.st.stm32cube.ide.mcu.externaltools.gnu-tools-for-stm32.13.3.rel1.win32_1.0.100.202509120712/tools/bin/../lib/gcc/arm-none-eabi/13.3.1/../../../../arm-none-eabi/lib/thumb/v7e-m+fp/hard\libm.a(libm_a-math_errf.o)
 .text.xflowf   0x08007108       0x16 C:/ST/STM32CubeIDE_2.0.0/STM32CubeIDE/plugins/com.st.stm32cube.ide.mcu.externaltools.gnu-tools-for-stm32.13.3.rel1.win32_1.0.100.202509120712/tools/bin/../lib/gcc/arm-none-eabi/13.3.1/../../../../arm-none-eabi/lib/thumb/v7e-m+fp/hard\libm.a(libm_a-math_errf.o)
 *fill*         0x0800711e        0x2 
 .text.__math_uflowf
                0x08007120        0xc C:/ST/STM32CubeIDE_2.0.0/STM32CubeIDE/plugins/com.st.stm32cube.ide.mcu.externaltools.gnu-tools-for-stm32.13.3.rel1.win32_1.0.100.202509120712/tools/bin/../lib/gcc/arm-none-eabi/13.3.1/../../../../arm-none-eabi/lib/thumb/v7e-m+fp/hard\libm.a(libm_a-math_errf.o)
                0x08007120                __math_uflowf
 .text.__math_oflowf
                0x0800712c        0xc C:/ST/STM32CubeIDE_2.0.0/STM32CubeIDE/plugins/com.st.stm32cube.ide.mcu.externaltools.gnu-tools-for-stm32.13.3.rel1.win32_1.0.100.202509120712/tools/bin/../lib/gcc/arm-none-eabi/13.3.1/../../../../arm-none-eabi/lib/thumb/v7e-m+fp/hard\libm.a(libm_a-math_errf.o)
                0x0800712c                __math_oflowf
 .text.__ieee754_sqrtf
                0x08007138        0x6 C:/ST/STM32CubeIDE_2.0.0/STM32CubeIDE/plugins/com.st.stm32cube.ide.mcu.externaltools.gnu-tools-for-stm32.13.3.rel1.win32_1.0.100.202509120712/tools/bin/../lib/gcc/arm-none-eabi/13.3.1/../../../../arm-none-eabi/lib/thumb/v7e-m+fp/hard\libm.a(libm_a-ef_sqrt.o)
                0x08007138                __ieee754_sqrtf
 *fill*         0x0800713e        0x2 
 .text.__kernel_rem_pio2f
                0x08007140      0x4d0 C:/ST/STM32CubeIDE_2.0.0/STM32CubeIDE/plugins/com.st.stm32cube.ide.mcu.externaltools.gnu-tools-for-stm32.13.3.rel1.win32_1.0.100.202509120712/tools/bin/../lib/gcc/arm-none-eabi/13.3.1/../../../../arm-none-eabi/lib/thumb/v7e-m+fp/hard\libm.a(libm_a-kf_rem_pio2.o)
                0x08007140                __kernel_rem_pio2f
 .text.floorf   0x08007610       0x88 C:/ST/STM32CubeIDE_2.0.0/STM32CubeIDE/plugins/com.st.stm32cube.ide.mcu.externaltools.gnu-tools-for-stm32.13.3.rel1.win32_1.0.100.202509120712/tools/bin/../lib/gcc/arm-none-eabi/13.3.1/../../../../arm-none-eabi/lib/thumb/v7e-m+fp/hard\libm.a(libm_a-sf_floor.o)
                0x08007610                floorf
 *(.glue_7)
 .glue_7        0x08007698        0x0 linker stubs
 *(.glue_7t)
 .glue_7t       0x08007698        0x0 linker stubs
 *(.eh_frame)
 .eh_frame      0x08007698        0x0 C:/ST/STM32CubeIDE_2.0.0/STM32CubeIDE/plugins/com.st.stm32cube.ide.mcu.externaltools.gnu-tools-for-stm32.13.3.rel1.win32_1.0.100.202509120712/tools/bin/../lib/gcc/arm-none-eabi/13.3.1/thumb/v7e-m+fp/hard/crtbegin.o
 *(.init)
 .init          0x08007698        0x4 C:/ST/STM32CubeIDE_2.0.0/STM32CubeIDE/plugins/com.st.stm32cube.ide.mcu.externaltools.gnu-tools-for-stm32.13.3.rel1.win32_1.0.100.202509120712/tools/bin/../lib/gcc/arm-none-eabi/13.3.1/thumb/v7e-m+fp/hard/crti.o
                0x08007698                _init
 .init          0x0800769c        0x8 C:/ST/STM32CubeIDE_2.0.0/STM32CubeIDE/plugins/com.st.stm32cube.ide.mcu.externaltools.gnu-tools-for-stm32.13.3.rel1.win32_1.0.100.202509120712/tools/bin/../lib/gcc/arm-none-eabi/13.3.1/thumb/v7e-m+fp/hard/crtn.o
 *(.fini)
 .fini          0x080076a4        0x4 C:/ST/STM32CubeIDE_2.0.0/STM32CubeIDE/plugins/com.st.stm32cube.ide.mcu.externaltools.gnu-tools-for-stm32.13.3.rel1.win32_1.0.100.202509120712/tools/bin/../lib/gcc/arm-none-eabi/13.3.1/thumb/v7e-m+fp/hard/crti.o
                0x080076a4                _fini
 .fini          0x080076a8        0x8 C:/ST/STM32CubeIDE_2.0.0/STM32CubeIDE/plugins/com.st.stm32cube.ide.mcu.externaltools.gnu-tools-for-stm32.13.3.rel1.win32_1.0.100.202509120712/tools/bin/../lib/gcc/arm-none-eabi/13.3.1/thumb/v7e-m+fp/hard/crtn.o
                0x080076b0                        . = ALIGN (0x4)
                0x080076b0                        _etext = .

.vfp11_veneer   0x080076b0        0x0
 .vfp11_veneer  0x080076b0        0x0 linker stubs

.v4_bx          0x080076b0        0x0
 .v4_bx         0x080076b0        0x0 linker stubs

.iplt           0x080076b0        0x0
 .iplt          0x080076b0        0x0 C:/ST/STM32CubeIDE_2.0.0/STM32CubeIDE/plugins/com.st.stm32cube.ide.mcu.externaltools.gnu-tools-for-stm32.13.3.rel1.win32_1.0.100.202509120712/tools/bin/../lib/gcc/arm-none-eabi/13.3.1/thumb/v7e-m+fp/hard/crtbegin.o

.rodata         0x080076b0      0x460
                0x080076b0                        . = ALIGN (0x4)
 *(.rodata)
 *(.rodata*)
 .rodata.POT_CHANNELS
                0x080076b0       0x18 ./Core/Src/app_main.o
 .rodata.AHBPrescTable
                0x080076c8       0x10 ./Core/Src/system_stm32f4xx.o
                0x080076c8                AHBPrescTable
 .rodata.flagBitshiftOffset.0
                0x080076d8        0x8 ./Drivers/STM32F4xx_HAL_Driver/Src/stm32f4xx_hal_dma.o
 .rodata.USBD_FS_ManufacturerStrDescriptor.str1.4
                0x080076e0       0x48 ./USB_DEVICE/App/usbd_desc.o
                                 0x13 (size before relaxing)
 .rodata.USBD_FS_ProductStrDescriptor.str1.4
                0x08007728        0x0 ./USB_DEVICE/App/usbd_desc.o
                                 0x12 (size before relaxing)
 .rodata.USBD_FS_ConfigStrDescriptor.str1.4
                0x08007728        0x0 ./USB_DEVICE/App/usbd_desc.o
                                  0xd (size before relaxing)
 .rodata.USBD_FS_InterfaceStrDescriptor.str1.4
                0x08007728        0x0 ./USB_DEVICE/App/usbd_desc.o
                                 0x10 (size before relaxing)
 .rodata.dp_l   0x08007728        0x8 C:/ST/STM32CubeIDE_2.0.0/STM32CubeIDE/plugins/com.st.stm32cube.ide.mcu.externaltools.gnu-tools-for-stm32.13.3.rel1.win32_1.0.100.202509120712/tools/bin/../lib/gcc/arm-none-eabi/13.3.1/../../../../arm-none-eabi/lib/thumb/v7e-m+fp/hard\libm.a(libm_a-ef_pow.o)
 .rodata.dp_h   0x08007730        0x8 C:/ST/STM32CubeIDE_2.0.0/STM32CubeIDE/plugins/com.st.stm32cube.ide.mcu.externaltools.gnu-tools-for-stm32.13.3.rel1.win32_1.0.100.202509120712/tools/bin/../lib/gcc/arm-none-eabi/13.3.1/../../../../arm-none-eabi/lib/thumb/v7e-m+fp/hard\libm.a(libm_a-ef_pow.o)
 .rodata.bp     0x08007738        0x8 C:/ST/STM32CubeIDE_2.0.0/STM32CubeIDE/plugins/com.st.stm32cube.ide.mcu.externaltools.gnu-tools-for-stm32.13.3.rel1.win32_1.0.100.202509120712/tools/bin/../lib/gcc/arm-none-eabi/13.3.1/../../../../arm-none-eabi/lib/thumb/v7e-m+fp/hard\libm.a(libm_a-ef_pow.o)
 .rodata.npio2_hw
                0x08007740       0x80 C:/ST/STM32CubeIDE_2.0.0/STM32CubeIDE/plugins/com.st.stm32cube.ide.mcu.externaltools.gnu-tools-for-stm32.13.3.rel1.win32_1.0.100.202509120712/tools/bin/../lib/gcc/arm-none-eabi/13.3.1/../../../../arm-none-eabi/lib/thumb/v7e-m+fp/hard\libm.a(libm_a-ef_rem_pio2.o)
 .rodata.two_over_pi
                0x080077c0      0x318 C:/ST/STM32CubeIDE_2.0.0/STM32CubeIDE/plugins/com.st.stm32cube.ide.mcu.externaltools.gnu-tools-for-stm32.13.3.rel1.win32_1.0.100.202509120712/tools/bin/../lib/gcc/arm-none-eabi/13.3.1/../../../../arm-none-eabi/lib/thumb/v7e-m+fp/hard\libm.a(libm_a-ef_rem_pio2.o)
 .rodata.PIo2   0x08007ad8       0x2c C:/ST/STM32CubeIDE_2.0.0/STM32CubeIDE/plugins/com.st.stm32cube.ide.mcu.externaltools.gnu-tools-for-stm32.13.3.rel1.win32_1.0.100.202509120712/tools/bin/../lib/gcc/arm-none-eabi/13.3.1/../../../../arm-none-eabi/lib/thumb/v7e-m+fp/hard\libm.a(libm_a-kf_rem_pio2.o)
 .rodata.init_jk
                0x08007b04        0xc C:/ST/STM32CubeIDE_2.0.0/STM32CubeIDE/plugins/com.st.stm32cube.ide.mcu.externaltools.gnu-tools-for-stm32.13.3.rel1.win32_1.0.100.202509120712/tools/bin/../lib/gcc/arm-none-eabi/13.3.1/../../../../arm-none-eabi/lib/thumb/v7e-m+fp/hard\libm.a(libm_a-kf_rem_pio2.o)
                0x08007b10                        . = ALIGN (0x4)

.ARM.extab      0x08007b10        0x0
                0x08007b10                        . = ALIGN (0x4)
 *(.ARM.extab* .gnu.linkonce.armextab.*)
                0x08007b10                        . = ALIGN (0x4)

.ARM            0x08007b10        0x8
                0x08007b10                        . = ALIGN (0x4)
                0x08007b10                        __exidx_start = .
 *(.ARM.exidx*)
 .ARM.exidx     0x08007b10        0x8 C:/ST/STM32CubeIDE_2.0.0/STM32CubeIDE/plugins/com.st.stm32cube.ide.mcu.externaltools.gnu-tools-for-stm32.13.3.rel1.win32_1.0.100.202509120712/tools/bin/../lib/gcc/arm-none-eabi/13.3.1/../../../../arm-none-eabi/lib/thumb/v7e-m+fp/hard\libc_nano.a(libc_a-strlen.o)
 .ARM.exidx     0x08007b18        0x0 C:/ST/STM32CubeIDE_2.0.0/STM32CubeIDE/plugins/com.st.stm32cube.ide.mcu.externaltools.gnu-tools-for-stm32.13.3.rel1.win32_1.0.100.202509120712/tools/bin/../lib/gcc/arm-none-eabi/13.3.1/thumb/v7e-m+fp/hard\libgcc.a(_udivmoddi4.o)
                                  0x8 (size before relaxing)
                0x08007b18                        __exidx_end = .
                0x08007b18                        . = ALIGN (0x4)

.preinit_array  0x08007b18        0x0
                0x08007b18                        . = ALIGN (0x4)
                0x08007b18                        PROVIDE (__preinit_array_start = .)
 *(.preinit_array*)
                0x08007b18                        PROVIDE (__preinit_array_end = .)
                0x08007b18                        . = ALIGN (0x4)

.init_array     0x08007b18        0x4
                0x08007b18                        . = ALIGN (0x4)
                0x08007b18                        PROVIDE (__init_array_start = .)
 *(SORT_BY_NAME(.init_array.*))
 *(.init_array*)
 .init_array    0x08007b18        0x4 C:/ST/STM32CubeIDE_2.0.0/STM32CubeIDE/plugins/com.st.stm32cube.ide.mcu.externaltools.gnu-tools-for-stm32.13.3.rel1.win32_1.0.100.202509120712/tools/bin/../lib/gcc/arm-none-eabi/13.3.1/thumb/v7e-m+fp/hard/crtbegin.o
                0x08007b1c                        PROVIDE (__init_array_end = .)
                0x08007b1c                        . = ALIGN (0x4)

.fini_array     0x08007b1c        0x4
                0x08007b1c                        . = ALIGN (0x4)
                [!provide]                        PROVIDE (__fini_array_start = .)
 *(SORT_BY_NAME(.fini_array.*))
 *(.fini_array*)
 .fini_array    0x08007b1c        0x4 C:/ST/STM32CubeIDE_2.0.0/STM32CubeIDE/plugins/com.st.stm32cube.ide.mcu.externaltools.gnu-tools-for-stm32.13.3.rel1.win32_1.0.100.202509120712/tools/bin/../lib/gcc/arm-none-eabi/13.3.1/thumb/v7e-m+fp/hard/crtbegin.o
                [!provide]                        PROVIDE (__fini_array_end = .)
                0x08007b20                        . = ALIGN (0x4)
                0x08007b20                        _sidata = LOADADDR (.data)

.rel.dyn        0x08007b20        0x0
 .rel.iplt      0x08007b20        0x0 C:/ST/STM32CubeIDE_2.0.0/STM32CubeIDE/plugins/com.st.stm32cube.ide.mcu.externaltools.gnu-tools-for-stm32.13.3.rel1.win32_1.0.100.202509120712/tools/bin/../lib/gcc/arm-none-eabi/13.3.1/thumb/v7e-m+fp/hard/crtbegin.o

.data           0x20000000      0x18c load address 0x08007b20
                0x20000000                        . = ALIGN (0x4)
                0x20000000                        _sdata = .
 *(.data)
 *(.data*)
 .data.first_read
                0x20000000        0x1 ./Core/Src/app_main.o
 .data.last_mute_state
                0x20000001        0x1 ./Core/Src/button.o
 .data.last_bypass_state
                0x20000002        0x1 ./Core/Src/button.o
 *fill*         0x20000003        0x1 
 .data.smooth_delay_samples
                0x20000004        0x4 ./Core/Src/filter.o
 .data.smooth_hpf_freq
                0x20000008        0x4 ./Core/Src/filter.o
 .data.smooth_lpf_freq
                0x2000000c        0x4 ./Core/Src/filter.o
 .data.SystemCoreClock
                0x20000010        0x4 ./Core/Src/system_stm32f4xx.o
                0x20000010                SystemCoreClock
 .data.uwTickFreq
                0x20000014        0x1 ./Drivers/STM32F4xx_HAL_Driver/Src/stm32f4xx_hal.o
                0x20000014                uwTickFreq
 *fill*         0x20000015        0x3 
 .data.uwTickPrio
                0x20000018        0x4 ./Drivers/STM32F4xx_HAL_Driver/Src/stm32f4xx_hal.o
                0x20000018                uwTickPrio
 .data.USBD_AUDIO_DeviceQualifierDesc
                0x2000001c        0xa ./Middlewares/ST/STM32_USB_Device_Library/Class/AUDIO/Src/usbd_audio.o
 *fill*         0x20000026        0x2 
 .data.USBD_AUDIO_CfgDesc
                0x20000028       0x6d ./Middlewares/ST/STM32_USB_Device_Library/Class/AUDIO/Src/usbd_audio.o
 *fill*         0x20000095        0x3 
 .data.USBD_AUDIO
                0x20000098       0x38 ./Middlewares/ST/STM32_USB_Device_Library/Class/AUDIO/Src/usbd_audio.o
                0x20000098                USBD_AUDIO
 .data.USBD_AUDIO_fops_FS
                0x200000d0       0x1c ./USB_DEVICE/App/usbd_audio_if.o
                0x200000d0                USBD_AUDIO_fops_FS
 .data.USBD_StringSerial
                0x200000ec       0x1a ./USB_DEVICE/App/usbd_desc.o
                0x200000ec                USBD_StringSerial
 *fill*         0x20000106        0x2 
 .data.USBD_LangIDDesc
                0x20000108        0x4 ./USB_DEVICE/App/usbd_desc.o
                0x20000108                USBD_LangIDDesc
 .data.USBD_FS_DeviceDesc
                0x2000010c       0x12 ./USB_DEVICE/App/usbd_desc.o
                0x2000010c                USBD_FS_DeviceDesc
 *fill*         0x2000011e        0x2 
 .data.FS_Desc  0x20000120       0x1c ./USB_DEVICE/App/usbd_desc.o
                0x20000120                FS_Desc
 .data._impure_ptr
                0x2000013c        0x4 C:/ST/STM32CubeIDE_2.0.0/STM32CubeIDE/plugins/com.st.stm32cube.ide.mcu.externaltools.gnu-tools-for-stm32.13.3.rel1.win32_1.0.100.202509120712/tools/bin/../lib/gcc/arm-none-eabi/13.3.1/../../../../arm-none-eabi/lib/thumb/v7e-m+fp/hard\libc_nano.a(libc_a-impure.o)
                0x2000013c                _impure_ptr
 .data._impure_data
                0x20000140       0x4c C:/ST/STM32CubeIDE_2.0.0/STM32CubeIDE/plugins/com.st.stm32cube.ide.mcu.externaltools.gnu-tools-for-stm32.13.3.rel1.win32_1.0.100.202509120712/tools/bin/../lib/gcc/arm-none-eabi/13.3.1/../../../../arm-none-eabi/lib/thumb/v7e-m+fp/hard\libc_nano.a(libc_a-impure.o)
                0x20000140                _impure_data
 *(.RamFunc)
 *(.RamFunc*)
                0x2000018c                        . = ALIGN (0x4)
                0x2000018c                        _edata = .
                0x08007cac                        _siccmram = LOADADDR (.ccmram)

.igot.plt       0x2000018c        0x0 load address 0x08007cac
 .igot.plt      0x2000018c        0x0 C:/ST/STM32CubeIDE_2.0.0/STM32CubeIDE/plugins/com.st.stm32cube.ide.mcu.externaltools.gnu-tools-for-stm32.13.3.rel1.win32_1.0.100.202509120712/tools/bin/../lib/gcc/arm-none-eabi/13.3.1/thumb/v7e-m+fp/hard/crtbegin.o

.ccmram         0x10000000        0x0 load address 0x08007cac
                0x10000000                        . = ALIGN (0x4)
                0x10000000                        _sccmram = .
 *(.ccmram)
 *(.ccmram*)
                0x10000000                        . = ALIGN (0x4)
                0x10000000                        _eccmram = .
                0x10000000                        . = ALIGN (0x4)

.bss            0x20000190    0x16c58
                0x20000190                        _sbss = .
                0x20000190                        __bss_start__ = _sbss
 *(.bss)
 .bss           0x20000190       0x1c C:/ST/STM32CubeIDE_2.0.0/STM32CubeIDE/plugins/com.st.stm32cube.ide.mcu.externaltools.gnu-tools-for-stm32.13.3.rel1.win32_1.0.100.202509120712/tools/bin/../lib/gcc/arm-none-eabi/13.3.1/thumb/v7e-m+fp/hard/crtbegin.o
 *(.bss*)
 .bss.last_pot_tick.0
                0x200001ac        0x4 ./Core/Src/app_main.o
 .bss.smooth_pot
                0x200001b0        0xc ./Core/Src/app_main.o
 .bss.pot_values
                0x200001bc        0xc ./Core/Src/app_main.o
                0x200001bc                pot_values
 .bss.app_filter_params
                0x200001c8       0x38 ./Core/Src/app_main.o
                0x200001c8                app_filter_params
 .bss.Audio_Tx_Buffer
                0x20000200      0x300 ./Core/Src/audio_stream.o
                0x20000200                Audio_Tx_Buffer
 .bss.ring_available_bytes
                0x20000500        0x4 ./Core/Src/audio_stream.o
 .bss.ring_read_ptr
                0x20000504        0x4 ./Core/Src/audio_stream.o
 .bss.ring_write_ptr
                0x20000508        0x4 ./Core/Src/audio_stream.o
 .bss.Ring_Buffer
                0x2000050c    0x10000 ./Core/Src/audio_stream.o
 .bss.is_muted  0x2001050c        0x1 ./Core/Src/button.o
 .bss.is_bypassed
                0x2001050d        0x1 ./Core/Src/button.o
 *fill*         0x2001050e        0x2 
 .bss.last_mute_press_time
                0x20010510        0x4 ./Core/Src/button.o
 .bss.last_bypass_press_time
                0x20010514        0x4 ./Core/Src/button.o
 .bss.p_lfo     0x20010518        0x4 ./Core/Src/filter.o
 .bss.p_apf4_R  0x2001051c        0x4 ./Core/Src/filter.o
 .bss.p_apf3_R  0x20010520        0x4 ./Core/Src/filter.o
 .bss.p_apf2_R  0x20010524        0x4 ./Core/Src/filter.o
 .bss.p_apf1_R  0x20010528        0x4 ./Core/Src/filter.o
 .bss.p_apf4_L  0x2001052c        0x4 ./Core/Src/filter.o
 .bss.p_apf3_L  0x20010530        0x4 ./Core/Src/filter.o
 .bss.p_apf2_L  0x20010534        0x4 ./Core/Src/filter.o
 .bss.p_apf1_L  0x20010538        0x4 ./Core/Src/filter.o
 .bss.tape_lpf  0x2001053c        0x4 ./Core/Src/filter.o
 .bss.delay_head
                0x20010540        0x4 ./Core/Src/filter.o
 .bss.delay_line
                0x20010544     0x2000 ./Core/Src/filter.o
 .bss.hpf_band_R
                0x20012544        0x4 ./Core/Src/filter.o
 .bss.hpf_low_R
                0x20012548        0x4 ./Core/Src/filter.o
 .bss.hpf_band_L
                0x2001254c        0x4 ./Core/Src/filter.o
 .bss.hpf_low_L
                0x20012550        0x4 ./Core/Src/filter.o
 .bss.lpf_band_R
                0x20012554        0x4 ./Core/Src/filter.o
 .bss.lpf_low_R
                0x20012558        0x4 ./Core/Src/filter.o
 .bss.lpf_band_L
                0x2001255c        0x4 ./Core/Src/filter.o
 .bss.lpf_low_L
                0x20012560        0x4 ./Core/Src/filter.o
 .bss.ring_mod_phase
                0x20012564        0x4 ./Core/Src/filter.o
 .bss.current_params
                0x20012568       0x38 ./Core/Src/filter.o
 .bss.hdma_spi2_tx
                0x200125a0       0x60 ./Core/Src/main.o
                0x200125a0                hdma_spi2_tx
 .bss.hi2s2     0x20012600       0x48 ./Core/Src/main.o
                0x20012600                hi2s2
 .bss.hadc1     0x20012648       0x48 ./Core/Src/main.o
                0x20012648                hadc1
 .bss.uwTick    0x20012690        0x4 ./Drivers/STM32F4xx_HAL_Driver/Src/stm32f4xx_hal.o
                0x20012690                uwTick
 .bss.cfgidx.0  0x20012694        0x1 ./Middlewares/ST/STM32_USB_Device_Library/Core/Src/usbd_ctlreq.o
 *fill*         0x20012695        0x3 
 .bss.hUsbDeviceFS
                0x20012698      0x2dc ./USB_DEVICE/App/usb_device.o
                0x20012698                hUsbDeviceFS
 .bss.current_audio_state
                0x20012974        0x1 ./USB_DEVICE/App/usbd_audio_if.o
 *fill*         0x20012975        0x3 
 .bss.USBD_StrDesc
                0x20012978      0x200 ./USB_DEVICE/App/usbd_desc.o
                0x20012978                USBD_StrDesc
 .bss.mem.0     0x20012b78     0x3c54 ./USB_DEVICE/Target/usbd_conf.o
 .bss.hpcd_USB_OTG_FS
                0x200167cc      0x4e4 ./USB_DEVICE/Target/usbd_conf.o
                0x200167cc                hpcd_USB_OTG_FS
 .bss.__sf      0x20016cb0      0x138 C:/ST/STM32CubeIDE_2.0.0/STM32CubeIDE/plugins/com.st.stm32cube.ide.mcu.externaltools.gnu-tools-for-stm32.13.3.rel1.win32_1.0.100.202509120712/tools/bin/../lib/gcc/arm-none-eabi/13.3.1/../../../../arm-none-eabi/lib/thumb/v7e-m+fp/hard\libc_nano.a(libc_a-findfp.o)
                0x20016cb0                __sf
 *(COMMON)
                0x20016de8                        . = ALIGN (0x4)
                0x20016de8                        _ebss = .
                0x20016de8                        __bss_end__ = _ebss

._user_heap_stack
                0x20016de8     0x2000
                0x20016de8                        . = ALIGN (0x8)
                [!provide]                        PROVIDE (end = .)
                0x20016de8                        PROVIDE (_end = .)
                0x20017de8                        . = (. + _Min_Heap_Size)
 *fill*         0x20016de8     0x1000 
                0x20018de8                        . = (. + _Min_Stack_Size)
 *fill*         0x20017de8     0x1000 
                0x20018de8                        . = ALIGN (0x8)

/DISCARD/
 libc.a(*)
 libm.a(*)
 libgcc.a(*)

.ARM.attributes
                0x00000000       0x30
 *(.ARM.attributes)
 .ARM.attributes
                0x00000000       0x22 C:/ST/STM32CubeIDE_2.0.0/STM32CubeIDE/plugins/com.st.stm32cube.ide.mcu.externaltools.gnu-tools-for-stm32.13.3.rel1.win32_1.0.100.202509120712/tools/bin/../lib/gcc/arm-none-eabi/13.3.1/thumb/v7e-m+fp/hard/crti.o
 .ARM.attributes
                0x00000022       0x34 C:/ST/STM32CubeIDE_2.0.0/STM32CubeIDE/plugins/com.st.stm32cube.ide.mcu.externaltools.gnu-tools-for-stm32.13.3.rel1.win32_1.0.100.202509120712/tools/bin/../lib/gcc/arm-none-eabi/13.3.1/thumb/v7e-m+fp/hard/crtbegin.o
 .ARM.attributes
                0x00000056       0x34 ./Core/Src/app_main.o
 .ARM.attributes
                0x0000008a       0x34 ./Core/Src/audio_stream.o
 .ARM.attributes
                0x000000be       0x34 ./Core/Src/button.o
 .ARM.attributes
                0x000000f2       0x34 ./Core/Src/filter.o
 .ARM.attributes
                0x00000126       0x34 ./Core/Src/main.o
 .ARM.attributes
                0x0000015a       0x34 ./Core/Src/stm32f4xx_hal_msp.o
 .ARM.attributes
                0x0000018e       0x34 ./Core/Src/stm32f4xx_it.o
 .ARM.attributes
                0x000001c2       0x34 ./Core/Src/system_stm32f4xx.o
 .ARM.attributes
                0x000001f6       0x21 ./Core/Startup/startup_stm32f407vgtx.o
 .ARM.attributes
                0x00000217       0x34 ./Drivers/STM32F4xx_HAL_Driver/Src/stm32f4xx_hal.o
 .ARM.attributes
                0x0000024b       0x34 ./Drivers/STM32F4xx_HAL_Driver/Src/stm32f4xx_hal_adc.o
 .ARM.attributes
                0x0000027f       0x34 ./Drivers/STM32F4xx_HAL_Driver/Src/stm32f4xx_hal_cortex.o
 .ARM.attributes
                0x000002b3       0x34 ./Drivers/STM32F4xx_HAL_Driver/Src/stm32f4xx_hal_dma.o
 .ARM.attributes
                0x000002e7       0x34 ./Drivers/STM32F4xx_HAL_Driver/Src/stm32f4xx_hal_gpio.o
 .ARM.attributes
                0x0000031b       0x34 ./Drivers/STM32F4xx_HAL_Driver/Src/stm32f4xx_hal_i2s.o
 .ARM.attributes
                0x0000034f       0x34 ./Drivers/STM32F4xx_HAL_Driver/Src/stm32f4xx_hal_i2s_ex.o
 .ARM.attributes
                0x00000383       0x34 ./Drivers/STM32F4xx_HAL_Driver/Src/stm32f4xx_hal_pcd.o
 .ARM.attributes
                0x000003b7       0x34 ./Drivers/STM32F4xx_HAL_Driver/Src/stm32f4xx_hal_pcd_ex.o
 .ARM.attributes
                0x000003eb       0x34 ./Drivers/STM32F4xx_HAL_Driver/Src/stm32f4xx_hal_rcc.o
 .ARM.attributes
                0x0000041f       0x34 ./Drivers/STM32F4xx_HAL_Driver/Src/stm32f4xx_hal_rcc_ex.o
 .ARM.attributes
                0x00000453       0x34 ./Drivers/STM32F4xx_HAL_Driver/Src/stm32f4xx_ll_usb.o
 .ARM.attributes
                0x00000487       0x34 ./Middlewares/ST/STM32_USB_Device_Library/Class/AUDIO/Src/usbd_audio.o
 .ARM.attributes
                0x000004bb       0x34 ./Middlewares/ST/STM32_USB_Device_Library/Core/Src/usbd_core.o
 .ARM.attributes
                0x000004ef       0x34 ./Middlewares/ST/STM32_USB_Device_Library/Core/Src/usbd_ctlreq.o
 .ARM.attributes
                0x00000523       0x34 ./Middlewares/ST/STM32_USB_Device_Library/Core/Src/usbd_ioreq.o
 .ARM.attributes
                0x00000557       0x34 ./USB_DEVICE/App/usb_device.o
 .ARM.attributes
                0x0000058b       0x34 ./USB_DEVICE/App/usbd_audio_if.o
 .ARM.attributes
                0x000005bf       0x34 ./USB_DEVICE/App/usbd_desc.o
 .ARM.attributes
                0x000005f3       0x34 ./USB_DEVICE/Target/usbd_conf.o
 .ARM.attributes
                0x00000627       0x34 C:/ST/STM32CubeIDE_2.0.0/STM32CubeIDE/plugins/com.st.stm32cube.ide.mcu.externaltools.gnu-tools-for-stm32.13.3.rel1.win32_1.0.100.202509120712/tools/bin/../lib/gcc/arm-none-eabi/13.3.1/../../../../arm-none-eabi/lib/thumb/v7e-m+fp/hard\libc_nano.a(libc_a-findfp.o)
 .ARM.attributes
                0x0000065b       0x34 C:/ST/STM32CubeIDE_2.0.0/STM32CubeIDE/plugins/com.st.stm32cube.ide.mcu.externaltools.gnu-tools-for-stm32.13.3.rel1.win32_1.0.100.202509120712/tools/bin/../lib/gcc/arm-none-eabi/13.3.1/../../../../arm-none-eabi/lib/thumb/v7e-m+fp/hard\libc_nano.a(libc_a-memset.o)
 .ARM.attributes
                0x0000068f       0x34 C:/ST/STM32CubeIDE_2.0.0/STM32CubeIDE/plugins/com.st.stm32cube.ide.mcu.externaltools.gnu-tools-for-stm32.13.3.rel1.win32_1.0.100.202509120712/tools/bin/../lib/gcc/arm-none-eabi/13.3.1/../../../../arm-none-eabi/lib/thumb/v7e-m+fp/hard\libc_nano.a(libc_a-impure.o)
 .ARM.attributes
                0x000006c3       0x34 C:/ST/STM32CubeIDE_2.0.0/STM32CubeIDE/plugins/com.st.stm32cube.ide.mcu.externaltools.gnu-tools-for-stm32.13.3.rel1.win32_1.0.100.202509120712/tools/bin/../lib/gcc/arm-none-eabi/13.3.1/../../../../arm-none-eabi/lib/thumb/v7e-m+fp/hard\libc_nano.a(libc_a-errno.o)
 .ARM.attributes
                0x000006f7       0x34 C:/ST/STM32CubeIDE_2.0.0/STM32CubeIDE/plugins/com.st.stm32cube.ide.mcu.externaltools.gnu-tools-for-stm32.13.3.rel1.win32_1.0.100.202509120712/tools/bin/../lib/gcc/arm-none-eabi/13.3.1/../../../../arm-none-eabi/lib/thumb/v7e-m+fp/hard\libc_nano.a(libc_a-init.o)
 .ARM.attributes
                0x0000072b       0x17 C:/ST/STM32CubeIDE_2.0.0/STM32CubeIDE/plugins/com.st.stm32cube.ide.mcu.externaltools.gnu-tools-for-stm32.13.3.rel1.win32_1.0.100.202509120712/tools/bin/../lib/gcc/arm-none-eabi/13.3.1/../../../../arm-none-eabi/lib/thumb/v7e-m+fp/hard\libc_nano.a(libc_a-strlen.o)
 .ARM.attributes
                0x00000742       0x34 C:/ST/STM32CubeIDE_2.0.0/STM32CubeIDE/plugins/com.st.stm32cube.ide.mcu.externaltools.gnu-tools-for-stm32.13.3.rel1.win32_1.0.100.202509120712/tools/bin/../lib/gcc/arm-none-eabi/13.3.1/../../../../arm-none-eabi/lib/thumb/v7e-m+fp/hard\libm.a(libm_a-wf_pow.o)
 .ARM.attributes
                0x00000776       0x34 C:/ST/STM32CubeIDE_2.0.0/STM32CubeIDE/plugins/com.st.stm32cube.ide.mcu.externaltools.gnu-tools-for-stm32.13.3.rel1.win32_1.0.100.202509120712/tools/bin/../lib/gcc/arm-none-eabi/13.3.1/../../../../arm-none-eabi/lib/thumb/v7e-m+fp/hard\libm.a(libm_a-sf_sin.o)
 .ARM.attributes
                0x000007aa       0x34 C:/ST/STM32CubeIDE_2.0.0/STM32CubeIDE/plugins/com.st.stm32cube.ide.mcu.externaltools.gnu-tools-for-stm32.13.3.rel1.win32_1.0.100.202509120712/tools/bin/../lib/gcc/arm-none-eabi/13.3.1/../../../../arm-none-eabi/lib/thumb/v7e-m+fp/hard\libm.a(libm_a-sf_finite.o)
 .ARM.attributes
                0x000007de       0x34 C:/ST/STM32CubeIDE_2.0.0/STM32CubeIDE/plugins/com.st.stm32cube.ide.mcu.externaltools.gnu-tools-for-stm32.13.3.rel1.win32_1.0.100.202509120712/tools/bin/../lib/gcc/arm-none-eabi/13.3.1/../../../../arm-none-eabi/lib/thumb/v7e-m+fp/hard\libm.a(libm_a-sf_fmax.o)
 .ARM.attributes
                0x00000812       0x34 C:/ST/STM32CubeIDE_2.0.0/STM32CubeIDE/plugins/com.st.stm32cube.ide.mcu.externaltools.gnu-tools-for-stm32.13.3.rel1.win32_1.0.100.202509120712/tools/bin/../lib/gcc/arm-none-eabi/13.3.1/../../../../arm-none-eabi/lib/thumb/v7e-m+fp/hard\libm.a(libm_a-sf_fmin.o)
 .ARM.attributes
                0x00000846       0x34 C:/ST/STM32CubeIDE_2.0.0/STM32CubeIDE/plugins/com.st.stm32cube.ide.mcu.externaltools.gnu-tools-for-stm32.13.3.rel1.win32_1.0.100.202509120712/tools/bin/../lib/gcc/arm-none-eabi/13.3.1/../../../../arm-none-eabi/lib/thumb/v7e-m+fp/hard\libm.a(libm_a-sf_fpclassify.o)
 .ARM.attributes
                0x0000087a       0x34 C:/ST/STM32CubeIDE_2.0.0/STM32CubeIDE/plugins/com.st.stm32cube.ide.mcu.externaltools.gnu-tools-for-stm32.13.3.rel1.win32_1.0.100.202509120712/tools/bin/../lib/gcc/arm-none-eabi/13.3.1/../../../../arm-none-eabi/lib/thumb/v7e-m+fp/hard\libm.a(libm_a-kf_cos.o)
 .ARM.attributes
                0x000008ae       0x34 C:/ST/STM32CubeIDE_2.0.0/STM32CubeIDE/plugins/com.st.stm32cube.ide.mcu.externaltools.gnu-tools-for-stm32.13.3.rel1.win32_1.0.100.202509120712/tools/bin/../lib/gcc/arm-none-eabi/13.3.1/../../../../arm-none-eabi/lib/thumb/v7e-m+fp/hard\libm.a(libm_a-kf_sin.o)
 .ARM.attributes
                0x000008e2       0x34 C:/ST/STM32CubeIDE_2.0.0/STM32CubeIDE/plugins/com.st.stm32cube.ide.mcu.externaltools.gnu-tools-for-stm32.13.3.rel1.win32_1.0.100.202509120712/tools/bin/../lib/gcc/arm-none-eabi/13.3.1/../../../../arm-none-eabi/lib/thumb/v7e-m+fp/hard\libm.a(libm_a-ef_pow.o)
 .ARM.attributes
                0x00000916       0x34 C:/ST/STM32CubeIDE_2.0.0/STM32CubeIDE/plugins/com.st.stm32cube.ide.mcu.externaltools.gnu-tools-for-stm32.13.3.rel1.win32_1.0.100.202509120712/tools/bin/../lib/gcc/arm-none-eabi/13.3.1/../../../../arm-none-eabi/lib/thumb/v7e-m+fp/hard\libm.a(libm_a-ef_rem_pio2.o)
 .ARM.attributes
                0x0000094a       0x34 C:/ST/STM32CubeIDE_2.0.0/STM32CubeIDE/plugins/com.st.stm32cube.ide.mcu.externaltools.gnu-tools-for-stm32.13.3.rel1.win32_1.0.100.202509120712/tools/bin/../lib/gcc/arm-none-eabi/13.3.1/../../../../arm-none-eabi/lib/thumb/v7e-m+fp/hard\libm.a(libm_a-sf_fabs.o)
 .ARM.attributes
                0x0000097e       0x34 C:/ST/STM32CubeIDE_2.0.0/STM32CubeIDE/plugins/com.st.stm32cube.ide.mcu.externaltools.gnu-tools-for-stm32.13.3.rel1.win32_1.0.100.202509120712/tools/bin/../lib/gcc/arm-none-eabi/13.3.1/../../../../arm-none-eabi/lib/thumb/v7e-m+fp/hard\libm.a(libm_a-sf_scalbn.o)
 .ARM.attributes
                0x000009b2       0x34 C:/ST/STM32CubeIDE_2.0.0/STM32CubeIDE/plugins/com.st.stm32cube.ide.mcu.externaltools.gnu-tools-for-stm32.13.3.rel1.win32_1.0.100.202509120712/tools/bin/../lib/gcc/arm-none-eabi/13.3.1/../../../../arm-none-eabi/lib/thumb/v7e-m+fp/hard\libm.a(libm_a-math_errf.o)
 .ARM.attributes
                0x000009e6       0x34 C:/ST/STM32CubeIDE_2.0.0/STM32CubeIDE/plugins/com.st.stm32cube.ide.mcu.externaltools.gnu-tools-for-stm32.13.3.rel1.win32_1.0.100.202509120712/tools/bin/../lib/gcc/arm-none-eabi/13.3.1/../../../../arm-none-eabi/lib/thumb/v7e-m+fp/hard\libm.a(libm_a-ef_sqrt.o)
 .ARM.attributes
                0x00000a1a       0x34 C:/ST/STM32CubeIDE_2.0.0/STM32CubeIDE/plugins/com.st.stm32cube.ide.mcu.externaltools.gnu-tools-for-stm32.13.3.rel1.win32_1.0.100.202509120712/tools/bin/../lib/gcc/arm-none-eabi/13.3.1/../../../../arm-none-eabi/lib/thumb/v7e-m+fp/hard\libm.a(libm_a-kf_rem_pio2.o)
 .ARM.attributes
                0x00000a4e       0x34 C:/ST/STM32CubeIDE_2.0.0/STM32CubeIDE/plugins/com.st.stm32cube.ide.mcu.externaltools.gnu-tools-for-stm32.13.3.rel1.win32_1.0.100.202509120712/tools/bin/../lib/gcc/arm-none-eabi/13.3.1/../../../../arm-none-eabi/lib/thumb/v7e-m+fp/hard\libm.a(libm_a-sf_floor.o)
 .ARM.attributes
                0x00000a82       0x22 C:/ST/STM32CubeIDE_2.0.0/STM32CubeIDE/plugins/com.st.stm32cube.ide.mcu.externaltools.gnu-tools-for-stm32.13.3.rel1.win32_1.0.100.202509120712/tools/bin/../lib/gcc/arm-none-eabi/13.3.1/thumb/v7e-m+fp/hard\libgcc.a(_aeabi_uldivmod.o)
 .ARM.attributes
                0x00000aa4       0x34 C:/ST/STM32CubeIDE_2.0.0/STM32CubeIDE/plugins/com.st.stm32cube.ide.mcu.externaltools.gnu-tools-for-stm32.13.3.rel1.win32_1.0.100.202509120712/tools/bin/../lib/gcc/arm-none-eabi/13.3.1/thumb/v7e-m+fp/hard\libgcc.a(_udivmoddi4.o)
 .ARM.attributes
                0x00000ad8       0x22 C:/ST/STM32CubeIDE_2.0.0/STM32CubeIDE/plugins/com.st.stm32cube.ide.mcu.externaltools.gnu-tools-for-stm32.13.3.rel1.win32_1.0.100.202509120712/tools/bin/../lib/gcc/arm-none-eabi/13.3.1/thumb/v7e-m+fp/hard\libgcc.a(_dvmd_tls.o)
 .ARM.attributes
                0x00000afa       0x22 C:/ST/STM32CubeIDE_2.0.0/STM32CubeIDE/plugins/com.st.stm32cube.ide.mcu.externaltools.gnu-tools-for-stm32.13.3.rel1.win32_1.0.100.202509120712/tools/bin/../lib/gcc/arm-none-eabi/13.3.1/thumb/v7e-m+fp/hard/crtn.o
OUTPUT(USB_Audio_Processor.elf elf32-littlearm)
LOAD linker stubs
LOAD C:/ST/STM32CubeIDE_2.0.0/STM32CubeIDE/plugins/com.st.stm32cube.ide.mcu.externaltools.gnu-tools-for-stm32.13.3.rel1.win32_1.0.100.202509120712/tools/bin/../lib/gcc/arm-none-eabi/13.3.1/../../../../arm-none-eabi/lib/thumb/v7e-m+fp/hard\libc.a
LOAD C:/ST/STM32CubeIDE_2.0.0/STM32CubeIDE/plugins/com.st.stm32cube.ide.mcu.externaltools.gnu-tools-for-stm32.13.3.rel1.win32_1.0.100.202509120712/tools/bin/../lib/gcc/arm-none-eabi/13.3.1/../../../../arm-none-eabi/lib/thumb/v7e-m+fp/hard\libm.a
LOAD C:/ST/STM32CubeIDE_2.0.0/STM32CubeIDE/plugins/com.st.stm32cube.ide.mcu.externaltools.gnu-tools-for-stm32.13.3.rel1.win32_1.0.100.202509120712/tools/bin/../lib/gcc/arm-none-eabi/13.3.1/thumb/v7e-m+fp/hard\libgcc.a

.debug_info     0x00000000    0x191c7
 .debug_info    0x00000000      0xe0c ./Core/Src/app_main.o
 .debug_info    0x00000e0c     0x102e ./Core/Src/audio_stream.o
 .debug_info    0x00001e3a      0x36e ./Core/Src/button.o
 .debug_info    0x000021a8      0xccd ./Core/Src/filter.o
 .debug_info    0x00002e75     0x1429 ./Core/Src/main.o
 .debug_info    0x0000429e      0xef0 ./Core/Src/stm32f4xx_hal_msp.o
 .debug_info    0x0000518e      0x8af ./Core/Src/stm32f4xx_it.o
 .debug_info    0x00005a3d      0x52b ./Core/Src/system_stm32f4xx.o
 .debug_info    0x00005f68       0x30 ./Core/Startup/startup_stm32f407vgtx.o
 .debug_info    0x00005f98      0xa1c ./Drivers/STM32F4xx_HAL_Driver/Src/stm32f4xx_hal.o
 .debug_info    0x000069b4      0xe7c ./Drivers/STM32F4xx_HAL_Driver/Src/stm32f4xx_hal_adc.o
 .debug_info    0x00007830     0x1023 ./Drivers/STM32F4xx_HAL_Driver/Src/stm32f4xx_hal_cortex.o
 .debug_info    0x00008853      0xb2e ./Drivers/STM32F4xx_HAL_Driver/Src/stm32f4xx_hal_dma.o
 .debug_info    0x00009381      0x70c ./Drivers/STM32F4xx_HAL_Driver/Src/stm32f4xx_hal_gpio.o
 .debug_info    0x00009a8d     0x129a ./Drivers/STM32F4xx_HAL_Driver/Src/stm32f4xx_hal_i2s.o
 .debug_info    0x0000ad27      0xe61 ./Drivers/STM32F4xx_HAL_Driver/Src/stm32f4xx_hal_i2s_ex.o
 .debug_info    0x0000bb88     0x1f51 ./Drivers/STM32F4xx_HAL_Driver/Src/stm32f4xx_hal_pcd.o
 .debug_info    0x0000dad9      0x70b ./Drivers/STM32F4xx_HAL_Driver/Src/stm32f4xx_hal_pcd_ex.o
 .debug_info    0x0000e1e4      0xae5 ./Drivers/STM32F4xx_HAL_Driver/Src/stm32f4xx_hal_rcc.o
 .debug_info    0x0000ecc9      0x651 ./Drivers/STM32F4xx_HAL_Driver/Src/stm32f4xx_hal_rcc_ex.o
 .debug_info    0x0000f31a     0x2304 ./Drivers/STM32F4xx_HAL_Driver/Src/stm32f4xx_ll_usb.o
 .debug_info    0x0001161e     0x11c4 ./Middlewares/ST/STM32_USB_Device_Library/Class/AUDIO/Src/usbd_audio.o
 .debug_info    0x000127e2     0x1250 ./Middlewares/ST/STM32_USB_Device_Library/Core/Src/usbd_core.o
 .debug_info    0x00013a32     0x12de ./Middlewares/ST/STM32_USB_Device_Library/Core/Src/usbd_ctlreq.o
 .debug_info    0x00014d10      0x8fa ./Middlewares/ST/STM32_USB_Device_Library/Core/Src/usbd_ioreq.o
 .debug_info    0x0001560a      0x804 ./USB_DEVICE/App/usb_device.o
 .debug_info    0x00015e0e      0xa1c ./USB_DEVICE/App/usbd_audio_if.o
 .debug_info    0x0001682a      0x664 ./USB_DEVICE/App/usbd_desc.o
 .debug_info    0x00016e8e     0x2339 ./USB_DEVICE/Target/usbd_conf.o

.debug_abbrev   0x00000000     0x5009
 .debug_abbrev  0x00000000      0x37a ./Core/Src/app_main.o
 .debug_abbrev  0x0000037a      0x3a0 ./Core/Src/audio_stream.o
 .debug_abbrev  0x0000071a      0x1af ./Core/Src/button.o
 .debug_abbrev  0x000008c9      0x1f9 ./Core/Src/filter.o
 .debug_abbrev  0x00000ac2      0x35c ./Core/Src/main.o
 .debug_abbrev  0x00000e1e      0x22a ./Core/Src/stm32f4xx_hal_msp.o
 .debug_abbrev  0x00001048      0x215 ./Core/Src/stm32f4xx_it.o
 .debug_abbrev  0x0000125d      0x120 ./Core/Src/system_stm32f4xx.o
 .debug_abbrev  0x0000137d       0x24 ./Core/Startup/startup_stm32f407vgtx.o
 .debug_abbrev  0x000013a1      0x285 ./Drivers/STM32F4xx_HAL_Driver/Src/stm32f4xx_hal.o
 .debug_abbrev  0x00001626      0x2f2 ./Drivers/STM32F4xx_HAL_Driver/Src/stm32f4xx_hal_adc.o
 .debug_abbrev  0x00001918      0x388 ./Drivers/STM32F4xx_HAL_Driver/Src/stm32f4xx_hal_cortex.o
 .debug_abbrev  0x00001ca0      0x337 ./Drivers/STM32F4xx_HAL_Driver/Src/stm32f4xx_hal_dma.o
 .debug_abbrev  0x00001fd7      0x215 ./Drivers/STM32F4xx_HAL_Driver/Src/stm32f4xx_hal_gpio.o
 .debug_abbrev  0x000021ec      0x30e ./Drivers/STM32F4xx_HAL_Driver/Src/stm32f4xx_hal_i2s.o
 .debug_abbrev  0x000024fa      0x36e ./Drivers/STM32F4xx_HAL_Driver/Src/stm32f4xx_hal_i2s_ex.o
 .debug_abbrev  0x00002868      0x3d4 ./Drivers/STM32F4xx_HAL_Driver/Src/stm32f4xx_hal_pcd.o
 .debug_abbrev  0x00002c3c      0x1fa ./Drivers/STM32F4xx_HAL_Driver/Src/stm32f4xx_hal_pcd_ex.o
 .debug_abbrev  0x00002e36      0x352 ./Drivers/STM32F4xx_HAL_Driver/Src/stm32f4xx_hal_rcc.o
 .debug_abbrev  0x00003188      0x1c4 ./Drivers/STM32F4xx_HAL_Driver/Src/stm32f4xx_hal_rcc_ex.o
 .debug_abbrev  0x0000334c      0x42b ./Drivers/STM32F4xx_HAL_Driver/Src/stm32f4xx_ll_usb.o
 .debug_abbrev  0x00003777      0x42a ./Middlewares/ST/STM32_USB_Device_Library/Class/AUDIO/Src/usbd_audio.o
 .debug_abbrev  0x00003ba1      0x3a8 ./Middlewares/ST/STM32_USB_Device_Library/Core/Src/usbd_core.o
 .debug_abbrev  0x00003f49      0x3fc ./Middlewares/ST/STM32_USB_Device_Library/Core/Src/usbd_ctlreq.o
 .debug_abbrev  0x00004345      0x1be ./Middlewares/ST/STM32_USB_Device_Library/Core/Src/usbd_ioreq.o
 .debug_abbrev  0x00004503      0x1f9 ./USB_DEVICE/App/usb_device.o
 .debug_abbrev  0x000046fc      0x2f7 ./USB_DEVICE/App/usbd_audio_if.o
 .debug_abbrev  0x000049f3      0x25a ./USB_DEVICE/App/usbd_desc.o
 .debug_abbrev  0x00004c4d      0x3bc ./USB_DEVICE/Target/usbd_conf.o

.debug_loclists
                0x00000000     0xac24
 .debug_loclists
                0x00000000       0xfb ./Core/Src/app_main.o
 .debug_loclists
                0x000000fb      0x217 ./Core/Src/audio_stream.o
 .debug_loclists
                0x00000312       0x5d ./Core/Src/button.o
 .debug_loclists
                0x0000036f      0x6af ./Core/Src/filter.o
 .debug_loclists
                0x00000a1e       0x80 ./Core/Src/stm32f4xx_hal_msp.o
 .debug_loclists
                0x00000a9e       0x7b ./Core/Src/system_stm32f4xx.o
 .debug_loclists
                0x00000b19       0xf4 ./Drivers/STM32F4xx_HAL_Driver/Src/stm32f4xx_hal.o
 .debug_loclists
                0x00000c0d      0x7ec ./Drivers/STM32F4xx_HAL_Driver/Src/stm32f4xx_hal_adc.o
 .debug_loclists
                0x000013f9      0x5dd ./Drivers/STM32F4xx_HAL_Driver/Src/stm32f4xx_hal_cortex.o
 .debug_loclists
                0x000019d6      0x6bc ./Drivers/STM32F4xx_HAL_Driver/Src/stm32f4xx_hal_dma.o
 .debug_loclists
                0x00002092      0x693 ./Drivers/STM32F4xx_HAL_Driver/Src/stm32f4xx_hal_gpio.o
 .debug_loclists
                0x00002725      0xd4d ./Drivers/STM32F4xx_HAL_Driver/Src/stm32f4xx_hal_i2s.o
 .debug_loclists
                0x00003472      0x846 ./Drivers/STM32F4xx_HAL_Driver/Src/stm32f4xx_hal_i2s_ex.o
 .debug_loclists
                0x00003cb8     0x1c64 ./Drivers/STM32F4xx_HAL_Driver/Src/stm32f4xx_hal_pcd.o
 .debug_loclists
                0x0000591c      0x147 ./Drivers/STM32F4xx_HAL_Driver/Src/stm32f4xx_hal_pcd_ex.o
 .debug_loclists
                0x00005a63      0x390 ./Drivers/STM32F4xx_HAL_Driver/Src/stm32f4xx_hal_rcc.o
 .debug_loclists
                0x00005df3      0x267 ./Drivers/STM32F4xx_HAL_Driver/Src/stm32f4xx_hal_rcc_ex.o
 .debug_loclists
                0x0000605a     0x2068 ./Drivers/STM32F4xx_HAL_Driver/Src/stm32f4xx_ll_usb.o
 .debug_loclists
                0x000080c2      0x5cb ./Middlewares/ST/STM32_USB_Device_Library/Class/AUDIO/Src/usbd_audio.o
 .debug_loclists
                0x0000868d      0x8cb ./Middlewares/ST/STM32_USB_Device_Library/Core/Src/usbd_core.o
 .debug_loclists
                0x00008f58      0xaff ./Middlewares/ST/STM32_USB_Device_Library/Core/Src/usbd_ctlreq.o
 .debug_loclists
                0x00009a57      0x214 ./Middlewares/ST/STM32_USB_Device_Library/Core/Src/usbd_ioreq.o
 .debug_loclists
                0x00009c6b      0x277 ./USB_DEVICE/App/usbd_audio_if.o
 .debug_loclists
                0x00009ee2      0x352 ./USB_DEVICE/App/usbd_desc.o
 .debug_loclists
                0x0000a234      0x9f0 ./USB_DEVICE/Target/usbd_conf.o

.debug_aranges  0x00000000      0xe80
 .debug_aranges
                0x00000000       0x30 ./Core/Src/app_main.o
 .debug_aranges
                0x00000030       0x60 ./Core/Src/audio_stream.o
 .debug_aranges
                0x00000090       0x38 ./Core/Src/button.o
 .debug_aranges
                0x000000c8       0x30 ./Core/Src/filter.o
 .debug_aranges
                0x000000f8       0x30 ./Core/Src/main.o
 .debug_aranges
                0x00000128       0x40 ./Core/Src/stm32f4xx_hal_msp.o
 .debug_aranges
                0x00000168       0x70 ./Core/Src/stm32f4xx_it.o
 .debug_aranges
                0x000001d8       0x28 ./Core/Src/system_stm32f4xx.o
 .debug_aranges
                0x00000200       0x28 ./Core/Startup/startup_stm32f407vgtx.o
 .debug_aranges
                0x00000228       0xf0 ./Drivers/STM32F4xx_HAL_Driver/Src/stm32f4xx_hal.o
 .debug_aranges
                0x00000318       0xe0 ./Drivers/STM32F4xx_HAL_Driver/Src/stm32f4xx_hal_adc.o
 .debug_aranges
                0x000003f8       0xc0 ./Drivers/STM32F4xx_HAL_Driver/Src/stm32f4xx_hal_cortex.o
 .debug_aranges
                0x000004b8       0x78 ./Drivers/STM32F4xx_HAL_Driver/Src/stm32f4xx_hal_dma.o
 .debug_aranges
                0x00000530       0x58 ./Drivers/STM32F4xx_HAL_Driver/Src/stm32f4xx_hal_gpio.o
 .debug_aranges
                0x00000588       0xf0 ./Drivers/STM32F4xx_HAL_Driver/Src/stm32f4xx_hal_i2s.o
 .debug_aranges
                0x00000678       0x60 ./Drivers/STM32F4xx_HAL_Driver/Src/stm32f4xx_hal_i2s_ex.o
 .debug_aranges
                0x000006d8      0x130 ./Drivers/STM32F4xx_HAL_Driver/Src/stm32f4xx_hal_pcd.o
 .debug_aranges