../Core/Src/audio_stream.c:33:6:AudioStream_Init	8	static
../Core/Src/audio_stream.c:38:6:AudioStream_Start	0	static
../Core/Src/audio_stream.c:43:6:AudioStream_Reset	8	static
../Core/Src/audio_stream.c:53:6:AudioStream_Write_USB_Packet	16	static
../Core/Src/audio_stream.c:69:9:AudioStream_Is_Ready_To_Play	0	static
../Core/Src/audio_stream.c:107:6:AudioStream_Process_Half_Transfer	16	static
../Core/Src/audio_stream.c:118:6:AudioStream_Process_Full_Transfer	16	static
../Core/Src/audio_stream.c:133:6:HAL_I2S_TxHalfCpltCallback	0	static
../Core/Src/audio_stream.c:140:6:HAL_I2S_TxCpltCallback	0	static
