../Core/Src/audio_stream.c:35:6:AudioStream_Init	8	static
../Core/Src/audio_stream.c:40:6:AudioStream_Start	8	static
../Core/Src/audio_stream.c:45:6:AudioStream_Reset	8	static
../Core/Src/audio_stream.c:54:6:AudioStream_Write_USB_Packet	24	static,ignoring_inline_asm
../Core/Src/audio_stream.c:67:9:AudioStream_Is_Ready_To_Play	4	static
../Core/Src/audio_stream.c:75:13:Process_Audio_Chunk	32	static,ignoring_inline_asm
../Core/Src/audio_stream.c:110:6:AudioStream_Process_Half_Transfer	16	static
../Core/Src/audio_stream.c:117:6:AudioStream_Process_Full_Transfer	16	static
../Core/Src/audio_stream.c:127:6:HAL_I2S_TxHalfCpltCallback	16	static
../Core/Src/audio_stream.c:134:6:HAL_I2S_TxCpltCallback	16	static
