../Core/Src/ssd1306.c:9:6:i2c3_scan	16	static
../Core/Src/ssd1306.c:29:6:ssd1306_Reset	0	static
../Core/Src/ssd1306.c:34:6:ssd1306_WriteCommand	32	static
../Core/Src/ssd1306.c:39:6:ssd1306_WriteData	24	static
../Core/Src/ssd1306.c:84:17:ssd1306_FillBuffer	8	static
../Core/Src/ssd1306.c:196:6:ssd1306_Fill	0	static
../Core/Src/ssd1306.c:201:6:ssd1306_UpdateScreen	56	static
../Core/Src/ssd1306.c:94:6:ssd1306_Init	56	static
../Core/Src/ssd1306.c:222:6:ssd1306_DrawPixel	4	static
../Core/Src/ssd1306.c:242:6:ssd1306_WriteChar	64	static
../Core/Src/ssd1306.c:279:6:ssd1306_WriteString	40	static
../Core/Src/ssd1306.c:293:6:ssd1306_SetCursor	0	static
../Core/Src/ssd1306.c:299:6:ssd1306_Line	56	static
../Core/Src/ssd1306.c:326:6:ssd1306_Polyline	32	static
../Core/Src/ssd1306.c:361:6:ssd1306_DrawArc	72	static
../Core/Src/ssd1306.c:401:6:ssd1306_DrawArcWithRadiusLine	88	static
../Core/Src/ssd1306.c:444:6:ssd1306_DrawCircle	64	static
../Core/Src/ssd1306.c:479:6:ssd1306_FillCircle	56	static
../Core/Src/ssd1306.c:515:6:ssd1306_DrawRectangle	32	static
../Core/Src/ssd1306.c:525:6:ssd1306_FillRectangle	28	static
../Core/Src/ssd1306.c:539:17:ssd1306_InvertRectangle	20	static
../Core/Src/ssd1306.c:570:6:ssd1306_DrawBitmap	56	static
../Core/Src/ssd1306.c:594:6:ssd1306_SetContrast	48	static
../Core/Src/ssd1306.c:600:6:ssd1306_SetDisplayOn	32	static
../Core/Src/ssd1306.c:612:9:ssd1306_GetDisplayOn	0	static
